> Task :gradle-plugin:shared:checkKotlinGradlePluginConfigurationErrors SKIPPED
> Task :expo-gradle-plugin:expo-autolinking-settings-plugin:checkKotlinGradlePluginConfigurationErrors SKIPPED
> Task :gradle-plugin:settings-plugin:checkKotlinGradlePluginConfigurationErrors SKIPPED
> Task :expo-gradle-plugin:expo-autolinking-plugin-shared:checkKotlinGradlePluginConfigurationErrors SKIPPED
> Task :expo-gradle-plugin:expo-autolinking-settings-plugin:pluginDescriptors UP-TO-DATE
> Task :gradle-plugin:settings-plugin:pluginDescriptors UP-TO-DATE
> Task :expo-gradle-plugin:expo-autolinking-settings-plugin:processResources UP-TO-DATE
> Task :gradle-plugin:settings-plugin:processResources UP-TO-DATE
> Task :gradle-plugin:shared:compileKotlin UP-TO-DATE
> Task :expo-gradle-plugin:expo-autolinking-plugin-shared:compileKotlin UP-TO-DATE
> Task :gradle-plugin:shared:compileJava NO-SOURCE
> Task :expo-gradle-plugin:expo-autolinking-plugin-shared:compileJava NO-SOURCE
> Task :gradle-plugin:shared:processResources NO-SOURCE
> Task :expo-gradle-plugin:expo-autolinking-plugin-shared:processResources NO-SOURCE
> Task :gradle-plugin:shared:classes UP-TO-DATE
> Task :expo-gradle-plugin:expo-autolinking-plugin-shared:classes UP-TO-DATE
> Task :gradle-plugin:shared:jar UP-TO-DATE
> Task :expo-gradle-plugin:expo-autolinking-plugin-shared:jar UP-TO-DATE
> Task :gradle-plugin:settings-plugin:compileKotlin UP-TO-DATE
> Task :gradle-plugin:settings-plugin:compileJava NO-SOURCE
> Task :gradle-plugin:settings-plugin:classes UP-TO-DATE
> Task :expo-gradle-plugin:expo-autolinking-settings-plugin:compileKotlin UP-TO-DATE
> Task :expo-gradle-plugin:expo-autolinking-settings-plugin:compileJava NO-SOURCE
> Task :expo-gradle-plugin:expo-autolinking-settings-plugin:classes UP-TO-DATE
> Task :gradle-plugin:settings-plugin:jar UP-TO-DATE
> Task :expo-gradle-plugin:expo-autolinking-settings-plugin:jar UP-TO-DATE
> Task :expo-gradle-plugin:expo-max-sdk-override-plugin:checkKotlinGradlePluginConfigurationErrors SKIPPED
> Task :gradle-plugin:react-native-gradle-plugin:checkKotlinGradlePluginConfigurationErrors SKIPPED
> Task :expo-gradle-plugin:expo-autolinking-plugin:checkKotlinGradlePluginConfigurationErrors SKIPPED
> Task :expo-module-gradle-plugin:checkKotlinGradlePluginConfigurationErrors SKIPPED
> Task :expo-module-gradle-plugin:pluginDescriptors UP-TO-DATE
> Task :expo-module-gradle-plugin:processResources UP-TO-DATE
> Task :expo-gradle-plugin:expo-max-sdk-override-plugin:compileKotlin UP-TO-DATE
> Task :expo-gradle-plugin:expo-autolinking-plugin:compileKotlin UP-TO-DATE
> Task :expo-gradle-plugin:expo-max-sdk-override-plugin:compileJava NO-SOURCE
> Task :expo-gradle-plugin:expo-autolinking-plugin:compileJava NO-SOURCE
> Task :expo-gradle-plugin:expo-max-sdk-override-plugin:pluginDescriptors UP-TO-DATE
> Task :gradle-plugin:react-native-gradle-plugin:compileKotlin UP-TO-DATE
> Task :expo-gradle-plugin:expo-autolinking-plugin:pluginDescriptors UP-TO-DATE
> Task :expo-gradle-plugin:expo-max-sdk-override-plugin:processResources UP-TO-DATE
> Task :expo-gradle-plugin:expo-max-sdk-override-plugin:classes UP-TO-DATE
> Task :gradle-plugin:react-native-gradle-plugin:compileJava NO-SOURCE
> Task :expo-gradle-plugin:expo-autolinking-plugin:processResources UP-TO-DATE
> Task :expo-gradle-plugin:expo-autolinking-plugin:classes UP-TO-DATE
> Task :gradle-plugin:react-native-gradle-plugin:pluginDescriptors UP-TO-DATE
> Task :gradle-plugin:react-native-gradle-plugin:processResources UP-TO-DATE
> Task :gradle-plugin:react-native-gradle-plugin:classes UP-TO-DATE
> Task :expo-gradle-plugin:expo-autolinking-plugin:jar UP-TO-DATE
> Task :expo-gradle-plugin:expo-max-sdk-override-plugin:jar UP-TO-DATE
> Task :gradle-plugin:react-native-gradle-plugin:jar UP-TO-DATE
> Task :expo-module-gradle-plugin:compileKotlin UP-TO-DATE
> Task :expo-module-gradle-plugin:compileJava NO-SOURCE
> Task :expo-module-gradle-plugin:classes UP-TO-DATE
> Task :expo-module-gradle-plugin:jar UP-TO-DATE

> Configure project :
[32m[ExpoRootProject][0m Using the following versions:
  - buildTools:  [32m36.0.0[0m
  - minSdk:      [32m24[0m
  - compileSdk:  [32m36[0m
  - targetSdk:   [32m36[0m
  - ndk:         [32m27.1.12297006[0m
  - kotlin:      [32m2.1.20[0m
  - ksp:         [32m2.1.20-2.0.1[0m

> Configure project :app
 ??  [33mApplying gradle plugin[0m '[32mexpo-max-sdk-override-plugin[0m'
  [expo-max-sdk-override-plugin] This plugin will find all permissions declared with `android:maxSdkVersion`. If there exists a declaration with the `android:maxSdkVersion` annotation and another one without, the plugin will remove the annotation from the final merged manifest. In order to see a log with the changes run a clean build of the app.

> Configure project :expo-modules-core
Linking react-native-worklets native libs into expo-modules-core build tasks
task ':react-native-worklets:mergeDebugNativeLibs'
task ':react-native-worklets:mergeReleaseNativeLibs'

> Configure project :expo

Using expo modules
  - [32mexpo-log-box[0m (55.0.7)
  - [32mexpo-constants[0m (55.0.7)
  - [32mexpo-modules-core[0m (55.0.13)
  - [33m[?][0m [32mexpo-dom-webview[0m (55.0.3)
  - [33m[?][0m [32mexpo-asset[0m (55.0.8)
  - [33m[?][0m [32mexpo-file-system[0m (55.0.10)
  - [33m[?][0m [32mexpo-font[0m (55.0.4)
  - [33m[?][0m [32mexpo-haptics[0m (55.0.8)
  - [33m[?][0m [32mexpo-image[0m (55.0.5)
  - [33m[?][0m [32mexpo-keep-awake[0m (55.0.4)
  - [33m[?][0m [32mexpo-linear-gradient[0m (55.0.8)
  - [33m[?][0m [32mexpo-linking[0m (55.0.7)
  - [33m[?][0m [32mexpo-local-authentication[0m (55.0.8)
  - [33m[?][0m [32mexpo-localization[0m (55.0.8)
  - [33m[?][0m [32mexpo-router[0m (55.0.3)
  - [33m[?][0m [32mexpo-secure-store[0m (55.0.8)
  - [33m[?][0m [32mexpo-splash-screen[0m (55.0.10)
  - [33m[?][0m [32mexpo-sqlite[0m (55.0.10)
  - [33m[?][0m [32mexpo-system-ui[0m (55.0.9)
  - [33m[?][0m [32mexpo-web-browser[0m (55.0.9)


> Task :expo-modules-core:preBuild UP-TO-DATE
> Task :expo-modules-core:preDebugBuild UP-TO-DATE
> Task :app:generateAutolinkingNewArchitectureFiles UP-TO-DATE
> Task :expo-modules-core:writeDebugAarMetadata UP-TO-DATE
> Task :expo-log-box:preBuild UP-TO-DATE
> Task :expo-log-box:preDebugBuild UP-TO-DATE
> Task :expo:generatePackagesList UP-TO-DATE
> Task :expo-log-box:writeDebugAarMetadata UP-TO-DATE
> Task :expo-modules-core:generateDebugResValues UP-TO-DATE
> Task :expo:preBuild UP-TO-DATE
> Task :expo-log-box:generateDebugResValues UP-TO-DATE
> Task :expo:preDebugBuild UP-TO-DATE
> Task :react-native-community_netinfo:generateCodegenSchemaFromJavaScript UP-TO-DATE
> Task :react-native-safe-area-context:generateCodegenSchemaFromJavaScript UP-TO-DATE
> Task :expo:writeDebugAarMetadata UP-TO-DATE
> Task :react-native-screens:generateCodegenSchemaFromJavaScript UP-TO-DATE
> Task :react-native-gesture-handler:generateCodegenSchemaFromJavaScript UP-TO-DATE
> Task :expo:generateDebugResValues UP-TO-DATE
> Task :expo-modules-core:generateDebugResources UP-TO-DATE
> Task :expo-log-box:generateDebugResources UP-TO-DATE
> Task :expo:generateDebugResources UP-TO-DATE
> Task :app:generateAutolinkingPackageList UP-TO-DATE
> Task :app:generateCodegenSchemaFromJavaScript SKIPPED
> Task :expo-modules-core:packageDebugResources UP-TO-DATE
> Task :react-native-gesture-handler:generateCodegenArtifactsFromSchema UP-TO-DATE
> Task :react-native-gesture-handler:preBuild UP-TO-DATE
> Task :react-native-gesture-handler:preDebugBuild UP-TO-DATE
> Task :react-native-safe-area-context:generateCodegenArtifactsFromSchema UP-TO-DATE
> Task :app:generateCodegenArtifactsFromSchema SKIPPED
> Task :react-native-safe-area-context:preBuild UP-TO-DATE
> Task :react-native-safe-area-context:preDebugBuild UP-TO-DATE
> Task :react-native-community_netinfo:generateCodegenArtifactsFromSchema UP-TO-DATE
> Task :react-native-gesture-handler:writeDebugAarMetadata UP-TO-DATE
> Task :react-native-community_netinfo:preBuild UP-TO-DATE
> Task :react-native-community_netinfo:preDebugBuild UP-TO-DATE
> Task :expo-modules-core:extractDeepLinksDebug UP-TO-DATE
> Task :react-native-safe-area-context:writeDebugAarMetadata UP-TO-DATE
> Task :expo-log-box:packageDebugResources UP-TO-DATE
> Task :react-native-community_netinfo:writeDebugAarMetadata UP-TO-DATE
> Task :react-native-gesture-handler:generateDebugResValues UP-TO-DATE
> Task :react-native-screens:generateCodegenArtifactsFromSchema UP-TO-DATE
> Task :react-native-screens:preBuild UP-TO-DATE
> Task :react-native-screens:preDebugBuild UP-TO-DATE
> Task :app:generateReactNativeEntryPoint UP-TO-DATE
> Task :react-native-safe-area-context:generateDebugResValues UP-TO-DATE
> Task :react-native-community_netinfo:generateDebugResValues UP-TO-DATE
> Task :expo-log-box:extractDeepLinksDebug UP-TO-DATE
> Task :app:checkKotlinGradlePluginConfigurationErrors SKIPPED
> Task :expo:packageDebugResources UP-TO-DATE
> Task :react-native-screens:writeDebugAarMetadata UP-TO-DATE
> Task :react-native-safe-area-context:generateDebugResources UP-TO-DATE
> Task :react-native-gesture-handler:generateDebugResources UP-TO-DATE
> Task :react-native-screens:generateDebugResValues UP-TO-DATE
> Task :react-native-community_netinfo:generateDebugResources UP-TO-DATE
> Task :expo:extractDeepLinksDebug UP-TO-DATE
> Task :react-native-screens:generateDebugResources UP-TO-DATE
> Task :expo-modules-core:processDebugManifest UP-TO-DATE
> Task :expo-modules-core:compileDebugLibraryResources UP-TO-DATE
> Task :react-native-safe-area-context:packageDebugResources UP-TO-DATE
> Task :react-native-gesture-handler:packageDebugResources UP-TO-DATE
> Task :expo-log-box:processDebugManifest UP-TO-DATE
> Task :react-native-safe-area-context:extractDeepLinksDebug UP-TO-DATE
> Task :expo-modules-core:parseDebugLocalResources UP-TO-DATE
> Task :react-native-community_netinfo:packageDebugResources UP-TO-DATE
> Task :react-native-gesture-handler:extractDeepLinksDebug UP-TO-DATE
> Task :expo-log-box:compileDebugLibraryResources UP-TO-DATE
> Task :react-native-community_netinfo:extractDeepLinksDebug UP-TO-DATE
> Task :expo:processDebugManifest UP-TO-DATE
> Task :expo-log-box:parseDebugLocalResources UP-TO-DATE
> Task :expo:compileDebugLibraryResources UP-TO-DATE
> Task :expo-modules-core:generateDebugRFile UP-TO-DATE
> Task :expo-modules-core:checkKotlinGradlePluginConfigurationErrors SKIPPED
> Task :react-native-gesture-handler:processDebugManifest UP-TO-DATE
> Task :expo-modules-core:generateDebugBuildConfig UP-TO-DATE
> Task :react-native-community_netinfo:processDebugManifest UP-TO-DATE
> Task :expo-modules-core:javaPreCompileDebug UP-TO-DATE
> Task :expo:parseDebugLocalResources UP-TO-DATE
> Task :react-native-safe-area-context:processDebugManifest UP-TO-DATE
> Task :react-native-community_netinfo:compileDebugLibraryResources UP-TO-DATE
> Task :react-native-gesture-handler:compileDebugLibraryResources UP-TO-DATE
> Task :expo-modules-core:mergeDebugShaders UP-TO-DATE
> Task :react-native-safe-area-context:compileDebugLibraryResources UP-TO-DATE
> Task :expo-modules-core:compileDebugShaders NO-SOURCE
> Task :expo-modules-core:generateDebugAssets UP-TO-DATE
> Task :react-native-community_netinfo:parseDebugLocalResources UP-TO-DATE
> Task :react-native-gesture-handler:parseDebugLocalResources UP-TO-DATE
> Task :react-native-safe-area-context:parseDebugLocalResources UP-TO-DATE
> Task :expo-modules-core:mergeDebugAssets UP-TO-DATE
> Task :expo:generateDebugRFile UP-TO-DATE
> Task :expo:checkKotlinGradlePluginConfigurationErrors SKIPPED
> Task :expo-modules-core:mergeDebugJniLibFolders UP-TO-DATE
> Task :expo:generateDebugBuildConfig UP-TO-DATE
> Task :react-native-gesture-handler:generateDebugRFile UP-TO-DATE
> Task :react-native-gesture-handler:checkKotlinGradlePluginConfigurationErrors SKIPPED
> Task :expo-modules-core:extractDeepLinksForAarDebug
> Task :react-native-community_netinfo:generateDebugRFile UP-TO-DATE
> Task :expo:javaPreCompileDebug UP-TO-DATE
> Task :react-native-gesture-handler:generateDebugBuildConfig UP-TO-DATE
> Task :expo-log-box:generateDebugRFile UP-TO-DATE
> Task :expo:mergeDebugShaders UP-TO-DATE
> Task :react-native-community_netinfo:generateDebugBuildConfig UP-TO-DATE
> Task :expo-log-box:checkKotlinGradlePluginConfigurationErrors SKIPPED
> Task :react-native-safe-area-context:generateDebugRFile UP-TO-DATE
> Task :react-native-safe-area-context:checkKotlinGradlePluginConfigurationErrors SKIPPED
> Task :expo:compileDebugShaders NO-SOURCE
> Task :expo:generateDebugAssets UP-TO-DATE
> Task :react-native-community_netinfo:javaPreCompileDebug UP-TO-DATE
> Task :expo:mergeDebugAssets UP-TO-DATE
> Task :react-native-gesture-handler:javaPreCompileDebug UP-TO-DATE
> Task :expo:mergeDebugJniLibFolders UP-TO-DATE
> Task :react-native-safe-area-context:generateDebugBuildConfig UP-TO-DATE
> Task :expo:mergeDebugNativeLibs NO-SOURCE
> Task :expo-log-box:generateDebugBuildConfig UP-TO-DATE
> Task :react-native-gesture-handler:mergeDebugShaders UP-TO-DATE
> Task :react-native-gesture-handler:compileDebugShaders NO-SOURCE
> Task :react-native-gesture-handler:generateDebugAssets UP-TO-DATE
> Task :expo-modules-core:prepareDebugArtProfile
> Task :expo:copyDebugJniLibsProjectOnly UP-TO-DATE
> Task :expo-log-box:javaPreCompileDebug UP-TO-DATE
> Task :react-native-gesture-handler:mergeDebugAssets UP-TO-DATE
> Task :expo-log-box:mergeDebugShaders UP-TO-DATE
> Task :expo:stripDebugDebugSymbols NO-SOURCE
> Task :react-native-screens:packageDebugResources UP-TO-DATE
> Task :expo-log-box:compileDebugShaders NO-SOURCE
> Task :expo-log-box:generateDebugAssets UP-TO-DATE
> Task :react-native-gesture-handler:mergeDebugJniLibFolders UP-TO-DATE
> Task :react-native-screens:extractDeepLinksDebug UP-TO-DATE
> Task :expo-log-box:mergeDebugAssets UP-TO-DATE
> Task :react-native-screens:processDebugManifest UP-TO-DATE
> Task :expo:copyDebugJniLibsProjectAndLocalJars
> Task :react-native-gesture-handler:extractDeepLinksForAarDebug
> Task :expo-log-box:mergeDebugJniLibFolders UP-TO-DATE
> Task :expo:extractDeepLinksForAarDebug
> Task :expo-log-box:mergeDebugNativeLibs NO-SOURCE
> Task :expo:prepareDebugArtProfile
> Task :expo-log-box:copyDebugJniLibsProjectOnly UP-TO-DATE
> Task :expo-log-box:stripDebugDebugSymbols NO-SOURCE
> Task :expo-modules-core:prepareLintJarForPublish
> Task :expo:prepareLintJarForPublish
> Task :expo-log-box:copyDebugJniLibsProjectAndLocalJars
> Task :expo-log-box:extractDeepLinksForAarDebug
> Task :react-native-community_netinfo:compileDebugJavaWithJavac UP-TO-DATE
> Task :react-native-community_netinfo:bundleLibCompileToJarDebug UP-TO-DATE
> Task :react-native-community_netinfo:mergeDebugShaders UP-TO-DATE
> Task :react-native-screens:compileDebugLibraryResources UP-TO-DATE
> Task :react-native-community_netinfo:compileDebugShaders NO-SOURCE
> Task :react-native-community_netinfo:generateDebugAssets UP-TO-DATE
> Task :react-native-community_netinfo:mergeDebugAssets UP-TO-DATE
> Task :react-native-gesture-handler:prepareDebugArtProfile
> Task :react-native-screens:parseDebugLocalResources UP-TO-DATE
> Task :react-native-community_netinfo:bundleLibRuntimeToJarDebug UP-TO-DATE
> Task :react-native-community_netinfo:processDebugJavaRes NO-SOURCE
> Task :expo-log-box:prepareDebugArtProfile
> Task :react-native-community_netinfo:bundleLibRuntimeToDirDebug UP-TO-DATE
> Task :react-native-gesture-handler:prepareLintJarForPublish
> Task :react-native-screens:generateDebugRFile UP-TO-DATE
> Task :react-native-screens:checkKotlinGradlePluginConfigurationErrors SKIPPED
> Task :react-native-community_netinfo:mergeDebugJniLibFolders UP-TO-DATE
> Task :react-native-community_netinfo:mergeDebugNativeLibs NO-SOURCE
> Task :react-native-community_netinfo:copyDebugJniLibsProjectOnly UP-TO-DATE
> Task :react-native-screens:generateDebugBuildConfig UP-TO-DATE
> Task :react-native-community_netinfo:stripDebugDebugSymbols NO-SOURCE
> Task :react-native-community_netinfo:copyDebugJniLibsProjectAndLocalJars
> Task :expo-log-box:prepareLintJarForPublish
> Task :react-native-community_netinfo:extractDebugAnnotations
> Task :react-native-community_netinfo:extractDeepLinksForAarDebug
> Task :react-native-community_netinfo:mergeDebugGeneratedProguardFiles
> Task :react-native-community_netinfo:mergeDebugConsumerProguardFiles
> Task :react-native-community_netinfo:prepareDebugArtProfile
> Task :react-native-community_netinfo:prepareLintJarForPublish
> Task :react-native-community_netinfo:mergeDebugJavaResource
> Task :react-native-safe-area-context:compileDebugKotlin UP-TO-DATE
> Task :react-native-safe-area-context:javaPreCompileDebug UP-TO-DATE
> Task :react-native-worklets:assertMinimalReactNativeVersionTask
> Task :react-native-worklets:assertNewArchitectureEnabledTask SKIPPED
> Task :react-native-worklets:generateCodegenSchemaFromJavaScript UP-TO-DATE
> Task :react-native-safe-area-context:compileDebugJavaWithJavac UP-TO-DATE
> Task :react-native-worklets:generateCodegenArtifactsFromSchema UP-TO-DATE
> Task :react-native-safe-area-context:bundleLibCompileToJarDebug UP-TO-DATE
> Task :react-native-reanimated:assertMinimalReactNativeVersionTask
> Task :react-native-reanimated:assertNewArchitectureEnabledTask SKIPPED
> Task :react-native-worklets:prepareWorkletsHeadersForPrefabs UP-TO-DATE
> Task :react-native-worklets:preBuild
> Task :react-native-worklets:preDebugBuild
> Task :react-native-worklets:writeDebugAarMetadata UP-TO-DATE
> Task :react-native-worklets:generateDebugResValues UP-TO-DATE
> Task :react-native-community_netinfo:syncDebugLibJars
> Task :react-native-worklets:generateDebugResources UP-TO-DATE
> Task :react-native-worklets:packageDebugResources UP-TO-DATE
> Task :react-native-worklets:extractDeepLinksDebug UP-TO-DATE
> Task :react-native-worklets:processDebugManifest UP-TO-DATE
> Task :react-native-worklets:compileDebugLibraryResources UP-TO-DATE
> Task :react-native-worklets:parseDebugLocalResources UP-TO-DATE
> Task :react-native-community_netinfo:bundleDebugAar
> Task :react-native-community_netinfo:assembleDebug
> Task :react-native-worklets:generateDebugRFile UP-TO-DATE
> Task :react-native-worklets:generateDebugBuildConfig UP-TO-DATE
> Task :react-native-worklets:javaPreCompileDebug UP-TO-DATE
> Task :react-native-worklets:compileDebugJavaWithJavac UP-TO-DATE
> Task :react-native-worklets:bundleLibCompileToJarDebug UP-TO-DATE
> Task :react-native-worklets:mergeDebugShaders UP-TO-DATE
> Task :react-native-worklets:compileDebugShaders NO-SOURCE
> Task :react-native-worklets:generateDebugAssets UP-TO-DATE
> Task :react-native-worklets:mergeDebugAssets UP-TO-DATE
> Task :react-native-worklets:bundleLibRuntimeToJarDebug UP-TO-DATE
> Task :react-native-worklets:processDebugJavaRes NO-SOURCE
> Task :react-native-worklets:bundleLibRuntimeToDirDebug UP-TO-DATE
> Task :react-native-safe-area-context:mergeDebugShaders UP-TO-DATE
> Task :react-native-safe-area-context:compileDebugShaders NO-SOURCE
> Task :react-native-safe-area-context:generateDebugAssets UP-TO-DATE
> Task :react-native-safe-area-context:mergeDebugAssets UP-TO-DATE
> Task :react-native-safe-area-context:bundleLibRuntimeToJarDebug UP-TO-DATE
> Task :react-native-safe-area-context:processDebugJavaRes UP-TO-DATE
> Task :react-native-safe-area-context:bundleLibRuntimeToDirDebug UP-TO-DATE
> Task :react-native-reanimated:assertWorkletsVersionTask
> Task :react-native-safe-area-context:mergeDebugJniLibFolders UP-TO-DATE
> Task :react-native-safe-area-context:mergeDebugNativeLibs NO-SOURCE
> Task :react-native-safe-area-context:copyDebugJniLibsProjectOnly UP-TO-DATE
> Task :react-native-safe-area-context:stripDebugDebugSymbols NO-SOURCE
> Task :react-native-reanimated:generateCodegenSchemaFromJavaScript UP-TO-DATE
> Task :react-native-safe-area-context:copyDebugJniLibsProjectAndLocalJars
> Task :react-native-reanimated:generateCodegenArtifactsFromSchema UP-TO-DATE

> Task :expo-constants:createExpoConfig
The NODE_ENV environment variable is required but was not specified. Ensure the project is bundled with Expo CLI or NODE_ENV is set. Using only .env.local and .env
env: load .env
env: export BCV_API_URL BINANCE_P2P_API_URL DOLAR_API_URL EXPO_PUBLIC_SUPABASE_ANON_KEY EXPO_PUBLIC_SUPABASE_URL

> Task :expo-constants:preBuild
> Task :expo-constants:preDebugBuild
> Task :expo-constants:writeDebugAarMetadata UP-TO-DATE
> Task :expo-constants:generateDebugResValues UP-TO-DATE
> Task :expo-constants:generateDebugResources UP-TO-DATE
> Task :react-native-reanimated:prepareReanimatedHeadersForPrefabs UP-TO-DATE
> Task :react-native-reanimated:preBuild
> Task :app:preBuild
> Task :app:preDebugBuild
> Task :app:mergeDebugNativeDebugMetadata NO-SOURCE
> Task :react-native-reanimated:preDebugBuild
> Task :react-native-reanimated:writeDebugAarMetadata UP-TO-DATE
> Task :app:generateDebugBuildConfig UP-TO-DATE
> Task :react-native-reanimated:generateDebugResValues UP-TO-DATE
> Task :react-native-reanimated:generateDebugResources UP-TO-DATE
> Task :expo-constants:packageDebugResources UP-TO-DATE
> Task :expo-constants:extractDeepLinksDebug UP-TO-DATE
> Task :expo-constants:processDebugManifest UP-TO-DATE
> Task :expo-constants:compileDebugLibraryResources UP-TO-DATE
> Task :react-native-reanimated:packageDebugResources UP-TO-DATE
> Task :react-native-reanimated:extractDeepLinksDebug UP-TO-DATE
> Task :expo-constants:parseDebugLocalResources UP-TO-DATE
> Task :app:checkDebugAarMetadata UP-TO-DATE
> Task :app:generateDebugResValues UP-TO-DATE
> Task :expo-constants:generateDebugRFile UP-TO-DATE
> Task :react-native-reanimated:processDebugManifest UP-TO-DATE
> Task :expo-constants:checkKotlinGradlePluginConfigurationErrors SKIPPED
> Task :react-native-reanimated:compileDebugLibraryResources UP-TO-DATE
> Task :expo-constants:generateDebugBuildConfig UP-TO-DATE
> Task :react-native-reanimated:parseDebugLocalResources UP-TO-DATE
> Task :expo-constants:javaPreCompileDebug UP-TO-DATE
> Task :expo-constants:mergeDebugShaders UP-TO-DATE
> Task :expo-constants:compileDebugShaders NO-SOURCE
> Task :expo-constants:generateDebugAssets UP-TO-DATE
> Task :react-native-reanimated:generateDebugRFile UP-TO-DATE
> Task :expo-constants:mergeDebugAssets UP-TO-DATE
> Task :expo-constants:mergeDebugJniLibFolders UP-TO-DATE
> Task :expo-constants:mergeDebugNativeLibs NO-SOURCE
> Task :react-native-reanimated:generateDebugBuildConfig UP-TO-DATE
> Task :expo-constants:copyDebugJniLibsProjectOnly UP-TO-DATE
> Task :react-native-reanimated:javaPreCompileDebug UP-TO-DATE
> Task :expo-constants:stripDebugDebugSymbols NO-SOURCE
> Task :app:mapDebugSourceSetPaths UP-TO-DATE
> Task :app:generateDebugResources UP-TO-DATE
> Task :app:mergeDebugResources UP-TO-DATE
> Task :app:packageDebugResources UP-TO-DATE
> Task :app:parseDebugLocalResources UP-TO-DATE
> Task :app:createDebugCompatibleScreenManifests UP-TO-DATE
> Task :app:extractDeepLinksDebug UP-TO-DATE
> Task :expo-constants:copyDebugJniLibsProjectAndLocalJars
> Task :expo-constants:extractDeepLinksForAarDebug
> Task :react-native-safe-area-context:extractDebugAnnotations
> Task :react-native-screens:compileDebugKotlin UP-TO-DATE
> Task :react-native-safe-area-context:extractDeepLinksForAarDebug
> Task :react-native-screens:javaPreCompileDebug UP-TO-DATE
> Task :expo-constants:prepareDebugArtProfile
> Task :react-native-safe-area-context:mergeDebugGeneratedProguardFiles
> Task :expo-constants:prepareLintJarForPublish
> Task :react-native-safe-area-context:mergeDebugConsumerProguardFiles
> Task :react-native-safe-area-context:prepareDebugArtProfile
> Task :app:processDebugMainManifest UP-TO-DATE
> Task :app:expoDebugOverrideMaxSdkConflicts UP-TO-DATE
> Task :app:processDebugManifest UP-TO-DATE
> Task :react-native-safe-area-context:prepareLintJarForPublish
> Task :app:processDebugManifestForPackage UP-TO-DATE
> Task :react-native-reanimated:compileDebugJavaWithJavac UP-TO-DATE
> Task :react-native-reanimated:bundleLibCompileToJarDebug UP-TO-DATE
> Task :react-native-reanimated:mergeDebugShaders UP-TO-DATE
> Task :react-native-reanimated:compileDebugShaders NO-SOURCE
> Task :react-native-reanimated:generateDebugAssets UP-TO-DATE
> Task :react-native-reanimated:mergeDebugAssets UP-TO-DATE
> Task :react-native-reanimated:bundleLibRuntimeToJarDebug UP-TO-DATE
> Task :react-native-safe-area-context:mergeDebugJavaResource
> Task :react-native-reanimated:processDebugJavaRes NO-SOURCE
> Task :react-native-reanimated:bundleLibRuntimeToDirDebug UP-TO-DATE
> Task :react-native-reanimated:mergeDebugJniLibFolders UP-TO-DATE
> Task :app:processDebugResources UP-TO-DATE
> Task :app:javaPreCompileDebug UP-TO-DATE
> Task :app:mergeDebugShaders UP-TO-DATE
> Task :app:compileDebugShaders NO-SOURCE
> Task :app:generateDebugAssets UP-TO-DATE
> Task :app:desugarDebugFileDependencies UP-TO-DATE
> Task :react-native-screens:compileDebugJavaWithJavac UP-TO-DATE
> Task :react-native-screens:bundleLibCompileToJarDebug UP-TO-DATE
> Task :react-native-screens:mergeDebugShaders UP-TO-DATE
> Task :react-native-screens:compileDebugShaders NO-SOURCE
> Task :react-native-screens:generateDebugAssets UP-TO-DATE
> Task :react-native-screens:mergeDebugAssets UP-TO-DATE
> Task :react-native-screens:bundleLibRuntimeToJarDebug UP-TO-DATE
> Task :app:checkDebugDuplicateClasses UP-TO-DATE
> Task :react-native-reanimated:extractDebugAnnotations
> Task :app:mergeDebugAssets UP-TO-DATE
> Task :app:compressDebugAssets UP-TO-DATE
> Task :react-native-reanimated:extractDeepLinksForAarDebug
> Task :react-native-safe-area-context:syncDebugLibJars
> Task :react-native-reanimated:mergeDebugGeneratedProguardFiles
> Task :app:mergeExtDexDebug UP-TO-DATE
> Task :app:mergeDebugJniLibFolders UP-TO-DATE
> Task :react-native-reanimated:mergeDebugConsumerProguardFiles
> Task :app:validateSigningDebug UP-TO-DATE
> Task :app:writeDebugAppMetadata UP-TO-DATE
> Task :app:writeDebugSigningConfigVersions UP-TO-DATE
> Task :react-native-safe-area-context:bundleDebugAar
> Task :react-native-safe-area-context:assembleDebug
> Task :react-native-reanimated:prepareDebugArtProfile
> Task :react-native-reanimated:prepareLintJarForPublish
> Task :react-native-screens:processDebugJavaRes UP-TO-DATE
> Task :react-native-reanimated:mergeDebugJavaResource
> Task :react-native-screens:bundleLibRuntimeToDirDebug UP-TO-DATE
> Task :react-native-reanimated:syncDebugLibJars
> Task :react-native-screens:configureCMakeDebug[arm64-v8a]
> Task :react-native-screens:buildCMakeDebug[arm64-v8a]
> Task :react-native-gesture-handler:compileDebugKotlin UP-TO-DATE
> Task :react-native-gesture-handler:compileDebugJavaWithJavac UP-TO-DATE
> Task :react-native-gesture-handler:bundleLibCompileToJarDebug UP-TO-DATE
> Task :react-native-gesture-handler:bundleLibRuntimeToJarDebug UP-TO-DATE
> Task :react-native-gesture-handler:processDebugJavaRes UP-TO-DATE
> Task :react-native-gesture-handler:bundleLibRuntimeToDirDebug UP-TO-DATE
> Task :react-native-gesture-handler:extractDebugAnnotations
> Task :react-native-gesture-handler:mergeDebugGeneratedProguardFiles
> Task :react-native-gesture-handler:mergeDebugConsumerProguardFiles
> Task :react-native-gesture-handler:mergeDebugJavaResource
> Task :react-native-gesture-handler:syncDebugLibJars
> Task :expo-modules-core:compileDebugKotlin UP-TO-DATE
> Task :expo-modules-core:compileDebugJavaWithJavac UP-TO-DATE
> Task :expo-modules-core:bundleLibCompileToJarDebug UP-TO-DATE
> Task :expo-modules-core:bundleLibRuntimeToJarDebug UP-TO-DATE
> Task :expo-modules-core:processDebugJavaRes UP-TO-DATE
> Task :expo-modules-core:bundleLibRuntimeToDirDebug UP-TO-DATE
> Task :react-native-worklets:configureCMakeDebug[arm64-v8a]
> Task :expo-constants:compileDebugKotlin UP-TO-DATE
> Task :expo-constants:compileDebugJavaWithJavac UP-TO-DATE
> Task :expo-constants:bundleLibCompileToJarDebug UP-TO-DATE
> Task :expo-constants:bundleLibRuntimeToJarDebug UP-TO-DATE
> Task :expo-constants:processDebugJavaRes UP-TO-DATE
> Task :expo-constants:bundleLibRuntimeToDirDebug UP-TO-DATE
> Task :expo-constants:extractDebugAnnotations
> Task :expo-log-box:compileDebugKotlin UP-TO-DATE
> Task :expo-constants:mergeDebugGeneratedProguardFiles
> Task :expo-log-box:compileDebugJavaWithJavac UP-TO-DATE
> Task :expo-log-box:bundleLibCompileToJarDebug UP-TO-DATE
> Task :expo-log-box:bundleLibRuntimeToJarDebug UP-TO-DATE
> Task :expo-log-box:processDebugJavaRes UP-TO-DATE
> Task :expo-log-box:bundleLibRuntimeToDirDebug UP-TO-DATE
> Task :expo-modules-core:extractDebugAnnotations
> Task :expo-modules-core:mergeDebugGeneratedProguardFiles
> Task :expo-modules-core:mergeDebugConsumerProguardFiles
> Task :expo-log-box:extractDebugAnnotations
> Task :expo-log-box:mergeDebugGeneratedProguardFiles
> Task :expo-log-box:mergeDebugConsumerProguardFiles
> Task :expo-log-box:mergeDebugJavaResource
> Task :expo-modules-core:mergeDebugJavaResource
> Task :expo-log-box:syncDebugLibJars
> Task :expo-log-box:bundleDebugAar
> Task :expo-log-box:assembleDebug
> Task :react-native-worklets:buildCMakeDebug[arm64-v8a][worklets]
> Task :expo:compileDebugKotlin UP-TO-DATE
> Task :expo:compileDebugJavaWithJavac UP-TO-DATE
> Task :expo:bundleLibCompileToJarDebug UP-TO-DATE
> Task :expo:bundleLibRuntimeToJarDebug UP-TO-DATE
> Task :expo:processDebugJavaRes UP-TO-DATE
> Task :app:compileDebugKotlin UP-TO-DATE
> Task :app:compileDebugJavaWithJavac UP-TO-DATE
> Task :app:dexBuilderDebug UP-TO-DATE
> Task :app:mergeDebugGlobalSynthetics UP-TO-DATE
> Task :app:processDebugJavaRes UP-TO-DATE
> Task :app:mergeProjectDexDebug UP-TO-DATE
> Task :expo:bundleLibRuntimeToDirDebug UP-TO-DATE
> Task :expo-constants:mergeDebugConsumerProguardFiles
> Task :expo:extractDebugAnnotations
> Task :expo-constants:mergeDebugJavaResource
> Task :expo:mergeDebugGeneratedProguardFiles
> Task :expo:mergeDebugConsumerProguardFiles
> Task :expo-constants:syncDebugLibJars
> Task :expo:mergeDebugJavaResource
> Task :app:mergeLibDexDebug UP-TO-DATE
> Task :expo-constants:bundleDebugAar
> Task :expo-constants:assembleDebug
> Task :expo:syncDebugLibJars
> Task :expo:bundleDebugAar
> Task :expo:assembleDebug
> Task :expo-modules-core:syncDebugLibJars
> Task :app:mergeDebugJavaResource
> Task :react-native-screens:configureCMakeDebug[armeabi-v7a]
> Task :react-native-worklets:configureCMakeDebug[armeabi-v7a]
> Task :react-native-screens:buildCMakeDebug[armeabi-v7a]
> Task :react-native-worklets:buildCMakeDebug[armeabi-v7a][worklets]
> Task :react-native-screens:configureCMakeDebug[x86]
> Task :react-native-worklets:configureCMakeDebug[x86]
> Task :react-native-screens:buildCMakeDebug[x86]
> Task :react-native-screens:configureCMakeDebug[x86_64]
> Task :react-native-screens:buildCMakeDebug[x86_64]
> Task :react-native-screens:mergeDebugJniLibFolders UP-TO-DATE
> Task :react-native-screens:extractDebugAnnotations
> Task :react-native-screens:extractDeepLinksForAarDebug
> Task :react-native-screens:mergeDebugGeneratedProguardFiles
> Task :react-native-screens:mergeDebugConsumerProguardFiles
> Task :react-native-screens:prepareDebugArtProfile
> Task :react-native-screens:prepareLintJarForPublish
> Task :react-native-screens:mergeDebugJavaResource
> Task :react-native-screens:mergeDebugNativeLibs
> Task :react-native-screens:syncDebugLibJars
> Task :react-native-screens:stripDebugDebugSymbols
> Task :react-native-screens:copyDebugJniLibsProjectOnly
> Task :react-native-screens:copyDebugJniLibsProjectAndLocalJars
> Task :react-native-screens:bundleDebugAar
> Task :react-native-screens:assembleDebug
> Task :react-native-worklets:buildCMakeDebug[x86][worklets]
> Task :react-native-worklets:configureCMakeDebug[x86_64]
> Task :react-native-worklets:buildCMakeDebug[x86_64][worklets]
> Task :react-native-worklets:externalNativeBuildDebug
> Task :react-native-worklets:generateJsonModelDebug
> Task :react-native-worklets:prefabDebugConfigurePackage
> Task :react-native-worklets:prefabDebugPackage
> Task :react-native-worklets:mergeDebugJniLibFolders UP-TO-DATE
> Task :expo-modules-core:configureCMakeDebug[arm64-v8a]
> Task :react-native-reanimated:configureCMakeDebug[arm64-v8a]
> Task :react-native-worklets:extractDebugAnnotations
> Task :react-native-worklets:extractDeepLinksForAarDebug
> Task :react-native-worklets:mergeDebugGeneratedProguardFiles
> Task :react-native-worklets:mergeDebugConsumerProguardFiles
> Task :react-native-worklets:prepareDebugArtProfile
> Task :react-native-worklets:prepareLintJarForPublish
> Task :react-native-worklets:mergeDebugJavaResource
> Task :react-native-worklets:syncDebugLibJars
> Task :react-native-worklets:mergeDebugNativeLibs
> Task :react-native-worklets:stripDebugDebugSymbols
> Task :react-native-worklets:copyDebugJniLibsProjectOnly
> Task :react-native-worklets:copyDebugJniLibsProjectAndLocalJars
> Task :expo-modules-core:configureCMakeDebug[armeabi-v7a]
> Task :react-native-reanimated:configureCMakeDebug[armeabi-v7a]
> Task :expo-modules-core:buildCMakeDebug[arm64-v8a]
> Task :react-native-reanimated:configureCMakeDebug[x86]
> Task :react-native-reanimated:configureCMakeDebug[x86_64]
> Task :react-native-reanimated:generateJsonModelDebug
> Task :react-native-reanimated:prefabDebugConfigurePackage
> Task :react-native-reanimated:buildCMakeDebug[arm64-v8a][reanimated]
> Task :react-native-worklets:bundleDebugAar
> Task :react-native-worklets:assembleDebug
> Task :expo-modules-core:buildCMakeDebug[armeabi-v7a]
> Task :app:configureCMakeDebug[arm64-v8a]
> Task :react-native-gesture-handler:configureCMakeDebug[arm64-v8a]
> Task :react-native-reanimated:buildCMakeDebug[armeabi-v7a][reanimated]
> Task :expo-modules-core:configureCMakeDebug[x86]
> Task :expo-modules-core:buildCMakeDebug[x86]
> Task :expo-modules-core:configureCMakeDebug[x86_64]
> Task :expo-modules-core:buildCMakeDebug[x86_64]
> Task :expo-modules-core:mergeDebugNativeLibs
> Task :expo-modules-core:stripDebugDebugSymbols
> Task :expo-modules-core:copyDebugJniLibsProjectAndLocalJars
> Task :expo-modules-core:bundleDebugAar
> Task :expo-modules-core:assembleDebug
> Task :expo-modules-core:copyDebugJniLibsProjectOnly
> Task :react-native-reanimated:buildCMakeDebug[x86][reanimated]
> Task :react-native-reanimated:buildCMakeDebug[x86_64][reanimated]
> Task :react-native-reanimated:externalNativeBuildDebug
> Task :react-native-reanimated:prefabDebugPackage
> Task :react-native-gesture-handler:buildCMakeDebug[arm64-v8a]
> Task :react-native-reanimated:mergeDebugNativeLibs
> Task :react-native-reanimated:stripDebugDebugSymbols
> Task :react-native-reanimated:copyDebugJniLibsProjectOnly

> Task :app:configureCMakeDebug[arm64-v8a]
C/C++: CMake Warning in C:/Users/Yorber Rojas/Documents/Proyectos/Capital_Flux/node_modules/react-native-gesture-handler/android/build/generated/source/codegen/jni/CMakeLists.txt:
C/C++:   The object file directory
C/C++:     C:/Users/Yorber Rojas/Documents/Proyectos/Capital_Flux/android/app/.cxx/Debug/6q5p3b55/arm64-v8a/rngesturehandler_codegen_autolinked_build/CMakeFiles/react_codegen_rngesturehandler_codegen.dir/./
C/C++:   has 195 characters.  The maximum full path to an object file is 250
C/C++:   characters (see CMAKE_OBJECT_PATH_MAX).  Object file
C/C++:     react/renderer/components/rngesturehandler_codegen/ComponentDescriptors.cpp.o
C/C++:   cannot be safely placed under this directory.  The build may not work
C/C++:   correctly.

> Task :react-native-reanimated:copyDebugJniLibsProjectAndLocalJars
> Task :react-native-gesture-handler:configureCMakeDebug[armeabi-v7a]
> Task :react-native-gesture-handler:buildCMakeDebug[armeabi-v7a]
> Task :react-native-reanimated:bundleDebugAar
> Task :app:buildCMakeDebug[arm64-v8a]
> Task :react-native-gesture-handler:configureCMakeDebug[x86]
> Task :react-native-reanimated:assembleDebug
> Task :react-native-gesture-handler:buildCMakeDebug[x86]
> Task :react-native-gesture-handler:configureCMakeDebug[x86_64]
> Task :react-native-gesture-handler:buildCMakeDebug[x86_64]
> Task :react-native-gesture-handler:mergeDebugNativeLibs
> Task :react-native-gesture-handler:copyDebugJniLibsProjectOnly
> Task :react-native-gesture-handler:stripDebugDebugSymbols
> Task :react-native-gesture-handler:copyDebugJniLibsProjectAndLocalJars
> Task :react-native-gesture-handler:bundleDebugAar
> Task :react-native-gesture-handler:assembleDebug

> Task :app:configureCMakeDebug[armeabi-v7a]
C/C++: CMake Warning in C:/Users/Yorber Rojas/Documents/Proyectos/Capital_Flux/node_modules/react-native-gesture-handler/android/build/generated/source/codegen/jni/CMakeLists.txt:
C/C++:   The object file directory
C/C++:     C:/Users/Yorber Rojas/Documents/Proyectos/Capital_Flux/android/app/.cxx/Debug/6q5p3b55/armeabi-v7a/rngesturehandler_codegen_autolinked_build/CMakeFiles/react_codegen_rngesturehandler_codegen.dir/./
C/C++:   has 197 characters.  The maximum full path to an object file is 250
C/C++:   characters (see CMAKE_OBJECT_PATH_MAX).  Object file
C/C++:     react/renderer/components/rngesturehandler_codegen/ComponentDescriptors.cpp.o
C/C++:   cannot be safely placed under this directory.  The build may not work
C/C++:   correctly.

> Task :app:buildCMakeDebug[armeabi-v7a]
> Task :app:configureCMakeDebug[x86]
> Task :app:buildCMakeDebug[x86]

> Task :app:configureCMakeDebug[x86_64]
C/C++: CMake Warning in C:/Users/Yorber Rojas/Documents/Proyectos/Capital_Flux/node_modules/react-native-gesture-handler/android/build/generated/source/codegen/jni/CMakeLists.txt:
C/C++:   The object file directory
C/C++:     C:/Users/Yorber Rojas/Documents/Proyectos/Capital_Flux/android/app/.cxx/Debug/6q5p3b55/x86_64/rngesturehandler_codegen_autolinked_build/CMakeFiles/react_codegen_rngesturehandler_codegen.dir/./
C/C++:   has 192 characters.  The maximum full path to an object file is 250
C/C++:   characters (see CMAKE_OBJECT_PATH_MAX).  Object file
C/C++:     react/renderer/components/rngesturehandler_codegen/ComponentDescriptors.cpp.o
C/C++:   cannot be safely placed under this directory.  The build may not work
C/C++:   correctly.

> Task :app:buildCMakeDebug[x86_64]
> Task :app:mergeDebugNativeLibs
> Task :app:stripDebugDebugSymbols
> Task :app:packageDebug
> Task :app:createDebugApkListingFileRedirect
> Task :app:assembleDebug

[Incubating] Problems report is available at: file:///C:/Users/Yorber%20Rojas/Documents/Proyectos/Capital_Flux/android/build/reports/problems/problems-report.html

Deprecated Gradle features were used in this build, making it incompatible with Gradle 10.

You can use '--warning-mode all' to show the individual deprecation warnings and determine if they come from your own scripts or plugins.

For more on this, please refer to https://docs.gradle.org/9.0.0/userguide/command_line_interface.html#sec:command_line_warnings in the Gradle documentation.

BUILD SUCCESSFUL in 14m 3s
456 actionable tasks: 178 executed, 278 up-to-date
