03-04 01:59:04.027   721   721 E SettingsState: invalid override flag name devicelock/enable_device_deregistration
03-04 01:59:04.028   721   721 E SettingsState: invalid override flag name launcher/ENABLE_SMARTSPACE_ENHANCED
03-04 01:59:04.028   721   721 E SettingsState: invalid override flag name adservices/fledge_auction_server_background_key_fetch_job_enabled
03-04 01:59:04.028   721   721 E SettingsState: invalid override flag name aicore/AicDataRelease__build_id_6098232831121113138
03-04 01:59:04.029   721   721 E SettingsState: invalid override flag name systemui/apply_sharing_app_limits_in_sysui
03-04 01:59:04.029   721   721 E SettingsState: invalid override flag name credential_manager/enable_credential_manager
03-04 01:59:04.030   721   721 E SettingsState: invalid override flag name odad/safety_center_redundant_notification_cancel_fix
03-04 01:59:04.030   721   721 E SettingsState: invalid override flag name adservices/Fledge__enable_schedule_custom_audience_update_additional_schedule_requests
03-04 01:59:04.031   721   721 E SettingsState: invalid override flag name device_personalization_services/PcsHttp__ipc_streaming_throttle_ms
03-04 01:59:04.032   721   721 E SettingsState: invalid override flag name adservices/adservice_system_service_enabled
03-04 01:59:04.032   721   721 E SettingsState: invalid override flag name device_policy_manager/ApplicationExemptions__enable_application_exemptions
03-04 01:59:04.032   721   721 E SettingsState: invalid override flag name adservices/fledge_custom_audience_default_expire_in_days
03-04 01:59:04.033   721   721 E SettingsState: invalid override flag name exo/app_streaming_task_navigation_blocked_components
03-04 01:59:04.033   721   721 E SettingsState: invalid override flag name odad/odad_home_most_recent_classification_fix
03-04 01:59:04.034   721   721 E SettingsState: invalid override flag name odad/work_manager_no_device_idle_on_pc
03-04 01:59:04.034   721   721 E SettingsState: invalid override flag name device_personalization_services/SmartNotification__max_word_count_for_summary
03-04 01:59:04.034   721   721 E SettingsState: invalid override flag name aicore/AicQuota__use_dynamic_request_costs
03-04 01:59:04.034   721   721 E SettingsState: invalid override flag name device_personalization_services/AicModels__set_file_defrag_override
03-04 01:59:04.035   721   721 E SettingsState: invalid override flag name device_personalization_services/SmartNotification__summaries_supported_languages
03-04 01:59:04.037   721   721 E SettingsState: invalid override flag name on_device_personalization/odp_enable_client_error_logging
03-04 01:59:04.037   721   721 E SettingsState: invalid override flag name device_personalization_services/Captions__model_version_v1
03-04 01:59:04.038   721   721 E SettingsState: invalid override flag name device_personalization_services/StatsLog__enable_new_logger_api
03-04 01:59:04.038   721   721 E SettingsState: invalid override flag name systemui/shortcut_appsearch_integration
03-04 01:59:04.038   721   721 E SettingsState: invalid override flag name aicore/AicCommon__service_aidl_timeout_seconds
03-04 01:59:04.039   721   721 E SettingsState: invalid override flag name device_personalization_services/AstreaNetworkUsageLog__reject_unknown_requests
03-04 01:59:04.040   721   721 E SettingsState: invalid override flag name odad/safety_center_persistence_v2_enabled
03-04 01:59:04.040   721   721 E SettingsState: invalid override flag name adservices/enable_back_compat_init
03-04 01:59:04.041   721   721 E SettingsState: invalid override flag name adservices/Measurement__enable_aggregate_debug_reporting
03-04 01:59:04.041   721   721 E SettingsState: invalid override flag name device_personalization_services/AstreaFeedback__enable_opt_in_ui_v2
03-04 01:59:04.041   721   721 E SettingsState: invalid override flag name tethering/mdns_advertiser_allowlist_presence_version
03-04 01:59:04.042   721   721 E SettingsState: invalid override flag name adservices/measurement_enable_preinstall_check
03-04 01:59:04.042   721   721 E SettingsState: invalid override flag name systemui/ssin_enabled
03-04 01:59:04.043   721   721 E SettingsState: invalid override flag name adservices/fledge_kanon_set_type_to_sign_join
03-04 01:59:04.043   721   721 E SettingsState: invalid override flag name telephony/ramping_ringer_enabled
03-04 01:59:04.043   721   721 E SettingsState: invalid override flag name on_device_personalization/render_flow_deadline_seconds
03-04 01:59:04.044   721   721 E SettingsState: invalid override flag name app_hibernation/app_hibernation_targets_pre_s_apps
03-04 01:59:04.044   721   721 E SettingsState: invalid override flag name odad/log_classification_latency_westworld
03-04 01:59:04.045   721   721 E SettingsState: invalid override flag name adservices/enable_mdd_encryption_keys
03-04 01:59:04.045   721   721 E SettingsState: invalid override flag name netd_native/dot_revalidation_threshold
03-04 01:59:04.046   721   721 E SettingsState: invalid override flag name device_personalization_services/Superpacks__require_idle_by_default
03-04 01:59:04.046   721   721 E SettingsState: invalid override flag name device_personalization_services/ViewSemantics__memory_reduction
03-04 01:59:04.046   721   721 E SettingsState: invalid override flag name device_personalization_services/PlatformLogging__enable_platform_logging_testing
03-04 01:59:04.047   721   721 E SettingsState: invalid override flag name odad/westworld_watchdog_seconds
03-04 01:59:04.047   721   721 E SettingsState: invalid override flag name pixel_pearl/AicInference__enable_compatibility_check
03-04 01:59:04.048   721   721 E SettingsState: invalid override flag name content_capture/enable_contentcapture
03-04 01:59:04.049   721   721 E SettingsState: invalid override flag name adservices/appsetid_kill_switch
03-04 01:59:04.049   721   721 E SettingsState: invalid override flag name adservices/fledge_debug_report_sender_job_flex_ms
03-04 01:59:04.050   721   721 E SettingsState: invalid override flag name device_personalization_services/SmartNotification__summary_model_download_when_unavailable_millis
03-04 01:59:04.050   721   721 E SettingsState: invalid override flag name device_personalization_services/AicModels__protected_download_v2_safe_base_model_switch_timeout_hours
03-04 01:59:04.051   721   721 E SettingsState: invalid override flag name device_personalization_services/SmartRecPixelSearch__enable_search_on_files
03-04 01:59:04.053   721   721 E SettingsState: invalid override flag name adservices/topics_api_app_request_permits_per_second
03-04 01:59:04.053   721   721 E SettingsState: invalid override flag name aicore/AicSafety__use_flexible_safety_tars_classifier
03-04 01:59:04.054   721   721 E SettingsState: invalid override flag name adservices/DownloadConfig__mdd_package_deny_registry_manifest_file_url
03-04 01:59:04.055   721   721 E SettingsState: invalid override flag name device_personalization_services/NotificationAssistant__enable_upgrade_importance
03-04 01:59:04.056   721   721 E SettingsState: invalid override flag name health_fitness/RateLimiter__max_write_requests_per_15m_foreground
03-04 01:59:04.056   721   721 E SettingsState: invalid override flag name health_fitness/count_migration_state_allowed
03-04 01:59:04.057   721   721 E SettingsState: invalid override flag name device_personalization_services/Overview__enable_proactive_hints
03-04 01:59:04.057   721   721 E SettingsState: invalid override flag name adservices/measurement_api_register_web_trigger_kill_switch
03-04 01:59:04.058   721   721 E SettingsState: invalid override flag name device_personalization_services/SmartNotification__min_string_length_for_private_summary
03-04 01:59:04.058   721   721 E SettingsState: invalid override flag name adservices/Measurement__adr_budget_window_length_ms
03-04 01:59:04.059   721   721 E SettingsState: invalid override flag name adservices/fledge_custom_audience_max_expire_in_days
03-04 01:59:04.060   721   721 E SettingsState: invalid override flag name odad/usage_events_risk_utf_score
03-04 01:59:04.061   721   721 E SettingsState: invalid override flag name device_personalization_services/EchoSmartspace__loud_sound_test_threshold_duration_seconds
03-04 01:59:04.061   721   721 E SettingsState: invalid override flag name adservices/fledge_custom_audience_max_num_ads
03-04 01:59:04.062   721   721 E SettingsState: invalid override flag name device_personalization_services/AicModels__filter_manifest_on_min_apk_version
03-04 01:59:04.062   721   721 E SettingsState: invalid override flag name storage_native_boot/dirty_reclaim_rate
03-04 01:59:04.062   721   721 E SettingsState: invalid override flag name captive_portal_login/use_any_custom_tab_provider
03-04 01:59:04.063   721   721 E SettingsState: invalid override flag name odad/phl_autofill_hint_suspicious_score
03-04 01:59:04.063   721   721 E SettingsState: invalid override flag name adservices/measurement_enable_odp_web_trigger_registration
03-04 01:59:04.064   721   721 E SettingsState: invalid override flag name adservices/enable_back_compat
03-04 01:59:04.064   721   721 E SettingsState: invalid override flag name aicore/AicModels__mdd_maintenance_at_init_enabled
03-04 01:59:04.064   721   721 E SettingsState: invalid override flag name adservices/measurement_enable_delete_reports_on_unrecoverable_exception
03-04 01:59:04.064   721   721 E SettingsState: invalid override flag name adservices/mdd_network_stats_logging_sample_interval
03-04 01:59:04.065   721   721 E SettingsState: invalid override flag name health_fitness/count_migration_state_in_progress
03-04 01:59:04.065   721   721 E SettingsState: invalid override flag name odad/phl_button_scores
03-04 01:59:04.066   721   721 E SettingsState: invalid override flag name input_method/InputMethodManager__hide_ime_when_no_editor_focus
03-04 01:59:04.068   721   721 E SettingsState: invalid override flag name odad/cp_debug_keywords
03-04 01:59:04.069   721   721 E SettingsState: invalid override flag name on_device_personalization/default_scheduling_period_secs
03-04 01:59:04.070   721   721 E SettingsState: invalid override flag name aicore/AicSafety__messages_custom_protection_enabled
03-04 01:59:04.071   721   721 E SettingsState: invalid override flag name device_personalization_services/AicModels__mdd_filter_filegroups_for_background_jobs
03-04 01:59:04.072   721   721 E SettingsState: invalid override flag name devicelock/enable_device_registration
03-04 01:59:04.073   721   721 E SettingsState: invalid override flag name media/player_metrics_per_app_user_media_activity_allowlist
03-04 01:59:04.073   721   721 E SettingsState: invalid override flag name notification_assistant/generate_actions
03-04 01:59:04.074   721   721 E SettingsState: invalid override flag name health_fitness/migration_completion_job_run_interval_days
03-04 01:59:04.074   721   721 E SettingsState: invalid override flag name adservices/fledge_auction_server_enable_pas_unlimited_egress
03-04 01:59:04.075   721   721 E SettingsState: invalid override flag name netd_native/max_cache_entries
03-04 01:59:04.075   721   721 E SettingsState: invalid override flag name device_personalization_services/PccFlogger__enable_pcc_flogger_backend
03-04 01:59:04.076   721   721 E SettingsState: invalid override flag name privacy/safety_center_show_subpages
03-04 01:59:04.077   721   721 E SettingsState: invalid override flag name device_personalization_services/VisualCortex__enable
03-04 01:59:04.077   721   721 E SettingsState: invalid override flag name aicore/AicSafety__use_flexible_safety_magic_rewrite_classifier
03-04 01:59:04.077   721   721 E SettingsState: invalid override flag name nnapi_native/telemetry_enable
03-04 01:59:04.078   721   721 E SettingsState: invalid override flag name odad/max_low_cost_scanning_apps
03-04 01:59:04.078   721   721 E SettingsState: invalid override flag name odad/max_classification_reports
03-04 01:59:04.078   721   721 E SettingsState: invalid override flag name health_fitness/RateLimiter__max_write_requests_per_24h_background
03-04 01:59:04.079   721   721 E SettingsState: invalid override flag name adservices/fledge_background_fetch_thread_pool_size
03-04 01:59:04.080   721   721 E SettingsState: invalid override flag name connectivity/ipclient_multicast_ns_version
03-04 01:59:04.080   721   721 E SettingsState: invalid override flag name health_fitness/RateLimiter__max_read_requests_per_15m_foreground
03-04 01:59:04.082   721   721 E SettingsState: invalid override flag name adservices/topics_number_of_random_topics
03-04 01:59:04.082   721   721 E SettingsState: invalid override flag name device_personalization_services/AicModels__mdd_enable_background_jobs
03-04 01:59:04.084   721   721 E SettingsState: invalid override flag name device_personalization_services/Captions__enable_ec_v3_integration
03-04 01:59:04.084   721   721 E SettingsState: invalid override flag name runtime_native_boot/iorap_perfetto_enable
03-04 01:59:04.085   721   721 E SettingsState: invalid override flag name odad/phl_text_box_score
03-04 01:59:04.085   721   721 E SettingsState: invalid override flag name privacy/safety_label_changes_job_interval_millis
03-04 01:59:04.086   721   721 E SettingsState: invalid override flag name on_device_personalization/fcp_enable_authentication
03-04 01:59:04.086   721   721 E SettingsState: invalid override flag name package_manager_service/Archiving__enable_archiving
03-04 01:59:04.087   721   721 E SettingsState: invalid override flag name adservices/mdd_enrollment_manifest_file_url
03-04 01:59:04.087   721   721 E SettingsState: invalid override flag name adservices/protected_signals_cleanup_enabled
03-04 01:59:04.088   721   721 E SettingsState: invalid override flag name exo/use_target_dpi
03-04 01:59:04.089   721   721 E SettingsState: invalid override flag name adservices/topics_on_device_classifier_kill_switch
03-04 01:59:04.089   721   721 E SettingsState: invalid override flag name odad/safety_center_bll_warnings_v2_enabled
03-04 01:59:04.089   721   721 E SettingsState: invalid override flag name textclassifier/manifest_download_max_attempts
03-04 01:59:04.089   721   721 E SettingsState: invalid override flag name content_capture/content_protection_optional_groups_config
03-04 01:59:04.089   721   721 E SettingsState: invalid override flag name adservices/enrollment_proto_file_enabled
03-04 01:59:04.091   721   721 E SettingsState: invalid override flag name odad/old_versioned_ww_data_enabled
03-04 01:59:04.091   721   721 E SettingsState: invalid override flag name adservices/measurement_async_registration_job_trigger_max_delay_ms
03-04 01:59:04.091   721   721 E SettingsState: invalid override flag name adservices/fledge_custom_audience_per_app_max_count
03-04 01:59:04.092   721   721 E SettingsState: invalid override flag name device_personalization_services/AicModels__enable_fsync_downloaded_files
03-04 01:59:04.092   721   721 E SettingsState: invalid override flag name wifi/abnormal_connection_failure_bugreport_enabled
03-04 01:59:04.093   721   721 E SettingsState: invalid override flag name adservices/measurement_job_aggregate_reporting_kill_switch
03-04 01:59:04.093   721   721 E SettingsState: invalid override flag name runtime_native_boot/force_disable_uffd_gc
03-04 01:59:04.093   721   721 E SettingsState: invalid override flag name device_personalization_services/SmartNotification__application_channel_verify_rules
03-04 01:59:04.094   721   721 E SettingsState: invalid override flag name aicore/AicFeatures__customer_packages
03-04 01:59:04.094   721   721 E SettingsState: invalid override flag name adservices/fledge_auction_server_key_fetch_metrics_enabled
03-04 01:59:04.095   721   721 E SettingsState: invalid override flag name odad/phl_clickable_text_view_score
03-04 01:59:04.095   721   721 E SettingsState: invalid override flag name connectivity/dhcp_init_reboot_enabled
03-04 01:59:04.096   721   721 E SettingsState: invalid override flag name adservices/measurement_enable_aggregatable_report_payload_padding
03-04 01:59:04.096   721   721 E SettingsState: invalid override flag name aicore/AicDataRelease__build_id_18103149225492435673
03-04 01:59:04.097   721   721 E SettingsState: invalid override flag name adservices/fledge_auction_server_join_key_fetch_uri
03-04 01:59:04.097   721   721 E SettingsState: invalid override flag name connectivity/dhcp_ip_conflict_detect_version
03-04 01:59:04.098   721   721 E SettingsState: invalid override flag name device_personalization_services/Captions__enable_drag_and_double_tap_to_resize
03-04 01:59:04.099   721   721 E SettingsState: invalid override flag name odad/enable_classification_initialization_in_gramophone
03-04 01:59:04.100   721   721 E SettingsState: invalid override flag name odad/bll_classifier_enabled
03-04 01:59:04.101   721   721 E SettingsState: invalid override flag name health_fitness/RateLimiter__max_read_requests_per_24h_background
03-04 01:59:04.102   721   721 E SettingsState: invalid override flag name adservices/measurement_max_sources_per_publisher
03-04 01:59:04.102   721   721 E SettingsState: invalid override flag name aicore/AicModels__enable_safety_initialization_check
03-04 01:59:04.103   721   721 E SettingsState: invalid override flag name privacy/safety_center_background_refresh_denied_sources
03-04 01:59:04.103   721   721 E SettingsState: invalid override flag name privacy/safety_center_background_requires_charging
03-04 01:59:04.104   721   721 E SettingsState: invalid override flag name odad/safety_center_killswitch
03-04 01:59:04.104   721   721 E SettingsState: invalid override flag name aicore/AicModels__mdd_manifest_config
03-04 01:59:04.105   721   721 E SettingsState: invalid override flag name aicore/AicCommon__serving_group_mismatch_exception_enabled
03-04 01:59:04.106   721   721 E SettingsState: invalid override flag name health_fitness/cloud_restore_enable
03-04 01:59:04.106   721   721 E SettingsState: invalid override flag name wifi/health_monitor_ratio_thr_numerator
03-04 01:59:04.106   721   721 E SettingsState: invalid override flag name credential_manager/credential_manager_service_search_uri
03-04 01:59:04.106   721   721 E SettingsState: invalid override flag name adservices/u18_ux_enabled
03-04 01:59:04.107   721   721 E SettingsState: invalid override flag name device_personalization_services/Captions__enable_augmented_modality_input
03-04 01:59:04.107   721   721 E SettingsState: invalid override flag name aicore/AicDataRelease__build_id_5398059663487363370
03-04 01:59:04.107   721   721 E SettingsState: invalid override flag name appsearch/contacts_indexer_enabled
03-04 01:59:04.109   721   721 E SettingsState: invalid override flag name aicore/AicSafety__messages_output_screen_classification_enabled
03-04 01:59:04.109   721   721 E SettingsState: invalid override flag name adservices/measurement_enable_event_level_epsilon_in_source
03-04 01:59:04.110   721   721 E SettingsState: invalid override flag name adservices/measurement_job_delete_uninstalled_kill_switch
03-04 01:59:04.110   721   721 E SettingsState: invalid override flag name connectivity/dhcp_rapid_commit_version
03-04 01:59:04.110   721   721 E SettingsState: invalid override flag name on_device_personalization/fcp_enable_encryption
03-04 01:59:04.111   721   721 E SettingsState: invalid override flag name device_personalization_services/NowPlaying__ambient_music_update_album_art_old_recognitions
03-04 01:59:04.111   721   721 E SettingsState: invalid override flag name adservices/measurement_max_triggers_per_destination
03-04 01:59:04.112   721   721 E SettingsState: invalid override flag name adservices/measurement_default_destination_limit_algorithm
03-04 01:59:04.112   721   721 E SettingsState: invalid override flag name adservices/fledge_debug_report_sender_job_period_ms
03-04 01:59:04.113   721   721 E SettingsState: invalid override flag name adservices/measurement_aggregate_reporting_job_required_network_type
03-04 01:59:04.113   721   721 E SettingsState: invalid override flag name odad/phl_autofill_hint_critical_score
03-04 01:59:04.114   721   721 E SettingsState: invalid override flag name adservices/fledge_background_fetch_network_connect_timeout_ms
03-04 01:59:04.115   721   721 E SettingsState: invalid override flag name device_personalization_services/NotificationAssistant__enable_service
03-04 01:59:04.116   721   721 E SettingsState: invalid override flag name on_device_personalization/web_trigger_flow_deadline_seconds
03-04 01:59:04.117   721   721 E SettingsState: invalid override flag name aicore/AicOnDeviceIntelligence__enable_fd_caching_for_lightweight_features
03-04 01:59:04.118   721   721 E SettingsState: invalid override flag name device_personalization_services/SmartNotification__excluded_packages
03-04 01:59:04.119   721   721 E SettingsState: invalid override flag name launcher_lily/HomeScreenShortcuts__enable_camera_block
03-04 01:59:04.119   721   721 E SettingsState: invalid override flag name adservices/measurement_enforce_foreground_status_register_source
03-04 01:59:04.120   721   721 E SettingsState: invalid override flag name adservices/measurement_event_reports_ctc_early_reporting_windows
03-04 01:59:04.120   721   721 E SettingsState: invalid override flag name adservices/measurement_enforce_foreground_status_register_web_source
03-04 01:59:04.120   721   721 E SettingsState: invalid override flag name device_personalization_services/NoOp__flag_for_droidfood
03-04 01:59:04.121   721   721 E SettingsState: invalid override flag name autofill/trigger_fill_request_on_unimportant_view
03-04 01:59:04.121   721   721 E SettingsState: invalid override flag name device_personalization_services/Superpacks__require_battery_not_low_by_default
03-04 01:59:04.122   721   721 E SettingsState: invalid override flag name configuration/beta_public_launch
03-04 01:59:04.122   721   721 E SettingsState: invalid override flag name device_personalization_services/ViewSemantics__model_version
03-04 01:59:04.122   721   721 E SettingsState: invalid override flag name device_personalization_services/SmartSelect__enable_smart_select_example_cache_on_suggest_selection
03-04 01:59:04.123   721   721 E SettingsState: invalid override flag name interaction_jank_monitor/trace_threshold_frame_time_millis
03-04 01:59:04.123   721   721 E SettingsState: invalid override flag name adservices/enable_appsearch_consent_data
03-04 01:59:04.124   721   721 E SettingsState: invalid override flag name uwb/device_error_bugreport_enabled
03-04 01:59:04.124   721   721 E SettingsState: invalid override flag name aicore/AicSafety__periodic_refresh_only_requested_clients_enabled
03-04 01:59:04.125   721   721 E SettingsState: invalid override flag name device_personalization_services/Overview__enable_pir_westworld_logging
03-04 01:59:04.125   721   721 E SettingsState: invalid override flag name activity_manager_native_boot/modern_queue_enabled
03-04 01:59:04.125   721   721 E SettingsState: invalid override flag name adservices/mdd_maintenance_gcm_task_period_seconds
03-04 01:59:04.125   721   721 E SettingsState: invalid override flag name media/player_metrics_per_app_use_time_allowlist
03-04 01:59:04.126   721   721 E SettingsState: invalid override flag name device_personalization_services/PccStorageStats__directory_report_known_directory_names
03-04 01:59:04.127   721   721 E SettingsState: invalid override flag name device_personalization_services/EchoSmartspace__enable_ambient_data_predictor
03-04 01:59:04.127   721   721 E SettingsState: invalid override flag name textclassifier/manifest_url_annotator_universal
03-04 01:59:04.127   721   721 E SettingsState: invalid override flag name device_personalization_services/SpeechRecognitionService__max_concurrent_recognition_sessions
03-04 01:59:04.127   721   721 E SettingsState: invalid override flag name package_manager_service/MinInstallableTargetSdkStrictMode__install_block_strict_mode_enabled
03-04 01:59:04.129   721   721 E SettingsState: invalid override flag name adservices/fledge_report_impression_api_metrics_enabled
03-04 01:59:04.129   721   721 E SettingsState: invalid override flag name connectivity/ipclient_accept_ipv6_link_local_dns_version
03-04 01:59:04.213   721   721 E ashmem  : Pinning is deprecated since Android Q. Please use trim or other methods.
03-04 01:59:04.447   721   721 E system_server: Class descriptors 'com.android.server.inputflinger.IInputFlingerRust' match during associateClass, but they are different class objects (0x755fd8812da0 vs 0x755fd881c7a0). Class descriptor collision?
03-04 01:59:04.465   721   721 E system_server: Class descriptors 'com.android.server.inputflinger.IInputFilter' match during associateClass, but they are different class objects (0x755fd8811520 vs 0x755fd881d5a0). Class descriptor collision?
03-04 01:59:04.514   721   721 E DeviceStateManagerService: Cannot notify device state info change before the initial state has been committed.
03-04 01:59:07.898   721   822 E SystemServiceRegistry: No service published for: jobscheduler
03-04 01:59:07.898   721   822 E SystemServiceRegistry: android.os.ServiceManager$ServiceNotFoundException: No service published for: jobscheduler
03-04 01:59:07.898   721   822 E SystemServiceRegistry: 	at android.os.ServiceManager.getServiceOrThrow(ServiceManager.java:203)
03-04 01:59:07.898   721   822 E SystemServiceRegistry: 	at android.app.SystemServiceRegistry$149.createService(SystemServiceRegistry.java:2232)
03-04 01:59:07.898   721   822 E SystemServiceRegistry: 	at android.app.SystemServiceRegistry$CachedServiceFetcher.getService(SystemServiceRegistry.java:2343)
03-04 01:59:07.898   721   822 E SystemServiceRegistry: 	at android.app.SystemServiceRegistry.getSystemService(SystemServiceRegistry.java:1918)
03-04 01:59:07.898   721   822 E SystemServiceRegistry: 	at android.app.ContextImpl.getSystemService(ContextImpl.java:2315)
03-04 01:59:07.898   721   822 E SystemServiceRegistry: 	at com.android.providers.settings.SettingsProvider.scheduleWriteFallbackFilesJob(SettingsProvider.java:3061)
03-04 01:59:07.898   721   822 E SystemServiceRegistry: 	at com.android.providers.settings.SettingsProvider$SettingsRegistry$MyHandler.handleMessage(SettingsProvider.java:4075)
03-04 01:59:07.898   721   822 E SystemServiceRegistry: 	at android.os.Handler.dispatchMessage(Handler.java:110)
03-04 01:59:07.898   721   822 E SystemServiceRegistry: 	at android.os.Looper.loopOnce(Looper.java:248)
03-04 01:59:07.898   721   822 E SystemServiceRegistry: 	at android.os.Looper.loop(Looper.java:338)
03-04 01:59:07.898   721   822 E SystemServiceRegistry: 	at android.os.HandlerThread.run(HandlerThread.java:85)
03-04 01:59:07.904   721   822 E SystemServiceRegistry: Manager wrapper not available: jobscheduler
03-04 01:59:07.971   721   822 E SystemServiceRegistry: No service published for: jobscheduler
03-04 01:59:07.971   721   822 E SystemServiceRegistry: android.os.ServiceManager$ServiceNotFoundException: No service published for: jobscheduler
03-04 01:59:07.971   721   822 E SystemServiceRegistry: 	at android.os.ServiceManager.getServiceOrThrow(ServiceManager.java:203)
03-04 01:59:07.971   721   822 E SystemServiceRegistry: 	at android.app.SystemServiceRegistry$149.createService(SystemServiceRegistry.java:2232)
03-04 01:59:07.971   721   822 E SystemServiceRegistry: 	at android.app.SystemServiceRegistry$CachedServiceFetcher.getService(SystemServiceRegistry.java:2343)
03-04 01:59:07.971   721   822 E SystemServiceRegistry: 	at android.app.SystemServiceRegistry.getSystemService(SystemServiceRegistry.java:1918)
03-04 01:59:07.971   721   822 E SystemServiceRegistry: 	at android.app.ContextImpl.getSystemService(ContextImpl.java:2315)
03-04 01:59:07.971   721   822 E SystemServiceRegistry: 	at com.android.providers.settings.SettingsProvider.scheduleWriteFallbackFilesJob(SettingsProvider.java:3061)
03-04 01:59:07.971   721   822 E SystemServiceRegistry: 	at com.android.providers.settings.SettingsProvider$SettingsRegistry$MyHandler.handleMessage(SettingsProvider.java:4075)
03-04 01:59:07.971   721   822 E SystemServiceRegistry: 	at android.os.Handler.dispatchMessage(Handler.java:110)
03-04 01:59:07.971   721   822 E SystemServiceRegistry: 	at android.os.Looper.loopOnce(Looper.java:248)
03-04 01:59:07.971   721   822 E SystemServiceRegistry: 	at android.os.Looper.loop(Looper.java:338)
03-04 01:59:07.971   721   822 E SystemServiceRegistry: 	at android.os.HandlerThread.run(HandlerThread.java:85)
03-04 01:59:07.975   721   822 E SystemServiceRegistry: Manager wrapper not available: jobscheduler
03-04 01:59:07.991   721   721 E PowerManagerService: Tried to acquire wake lock for invalid display: 0
03-04 01:59:08.018   721   721 E SoundTriggerMiddlewareImpl: Failed to add a SoundTriggerModule instance
03-04 01:59:08.018   721   721 E SoundTriggerMiddlewareImpl: java.util.NoSuchElementException
03-04 01:59:08.018   721   721 E SoundTriggerMiddlewareImpl: 	at android.os.HwBinder.getService(Native Method)
03-04 01:59:08.018   721   721 E SoundTriggerMiddlewareImpl: 	at android.hardware.soundtrigger.V2_0.ISoundTriggerHw.getService(ISoundTriggerHw.java:57)
03-04 01:59:08.018   721   721 E SoundTriggerMiddlewareImpl: 	at android.hardware.soundtrigger.V2_0.ISoundTriggerHw.getService(ISoundTriggerHw.java:64)
03-04 01:59:08.018   721   721 E SoundTriggerMiddlewareImpl: 	at com.android.server.soundtrigger_middleware.DefaultHalFactory.create(DefaultHalFactory.java:76)
03-04 01:59:08.018   721   721 E SoundTriggerMiddlewareImpl: 	at com.android.server.soundtrigger_middleware.SoundTriggerModule.attachToHal(SoundTriggerModule.java:176)
03-04 01:59:08.018   721   721 E SoundTriggerMiddlewareImpl: 	at com.android.server.soundtrigger_middleware.SoundTriggerModule.<init>(SoundTriggerModule.java:105)
03-04 01:59:08.018   721   721 E SoundTriggerMiddlewareImpl: 	at com.android.server.soundtrigger_middleware.SoundTriggerMiddlewareImpl.<init>(SoundTriggerMiddlewareImpl.java:86)
03-04 01:59:08.018   721   721 E SoundTriggerMiddlewareImpl: 	at com.android.server.soundtrigger_middleware.SoundTriggerMiddlewareService$Lifecycle.onStart(SoundTriggerMiddlewareService.java:248)
03-04 01:59:08.018   721   721 E SoundTriggerMiddlewareImpl: 	at com.android.server.SystemServiceManager.startService(SystemServiceManager.java:280)
03-04 01:59:08.018   721   721 E SoundTriggerMiddlewareImpl: 	at com.android.server.SystemServiceManager.startService(SystemServiceManager.java:257)
03-04 01:59:08.018   721   721 E SoundTriggerMiddlewareImpl: 	at com.android.server.SystemServer.startOtherServices(SystemServer.java:2417)
03-04 01:59:08.018   721   721 E SoundTriggerMiddlewareImpl: 	at com.android.server.SystemServer.run(SystemServer.java:988)
03-04 01:59:08.018   721   721 E SoundTriggerMiddlewareImpl: 	at com.android.server.SystemServer.main(SystemServer.java:689)
03-04 01:59:08.018   721   721 E SoundTriggerMiddlewareImpl: 	at java.lang.reflect.Method.invoke(Native Method)
03-04 01:59:08.018   721   721 E SoundTriggerMiddlewareImpl: 	at com.android.internal.os.RuntimeInit$MethodAndArgsCaller.run(RuntimeInit.java:593)
03-04 01:59:08.018   721   721 E SoundTriggerMiddlewareImpl: 	at com.android.internal.os.ZygoteInit.main(ZygoteInit.java:910)
03-04 01:59:08.275   721   820 E UsbDeviceManager: connectToProxy: usb gadget hidl hal service not found.
03-04 01:59:08.275   721   820 E UsbDeviceManager: java.util.NoSuchElementException
03-04 01:59:08.275   721   820 E UsbDeviceManager: 	at android.os.HwBinder.getService(Native Method)
03-04 01:59:08.275   721   820 E UsbDeviceManager: 	at android.hardware.usb.gadget.V1_0.IUsbGadget.getService(IUsbGadget.java:57)
03-04 01:59:08.275   721   820 E UsbDeviceManager: 	at android.hardware.usb.gadget.V1_0.IUsbGadget.getService(IUsbGadget.java:64)
03-04 01:59:08.275   721   820 E UsbDeviceManager: 	at com.android.server.usb.hal.gadget.UsbGadgetHidl.isServicePresent(UsbGadgetHidl.java:128)
03-04 01:59:08.275   721   820 E UsbDeviceManager: 	at com.android.server.usb.hal.gadget.UsbGadgetHalInstance.getInstance(UsbGadgetHalInstance.java:39)
03-04 01:59:08.275   721   820 E UsbDeviceManager: 	at com.android.server.usb.UsbDeviceManager.<init>(UsbDeviceManager.java:349)
03-04 01:59:08.275   721   820 E UsbDeviceManager: 	at com.android.server.usb.UsbService.<init>(UsbService.java:219)
03-04 01:59:08.275   721   820 E UsbDeviceManager: 	at com.android.server.usb.UsbService$Lifecycle.lambda$onStart$0(UsbService.java:125)
03-04 01:59:08.275   721   820 E UsbDeviceManager: 	at com.android.server.usb.UsbService$Lifecycle.$r8$lambda$HIZVSW8uTg1XjWF6etZh-bC1WP4(UsbService.java:0)
03-04 01:59:08.275   721   820 E UsbDeviceManager: 	at com.android.server.usb.UsbService$Lifecycle$$ExternalSyntheticLambda0.run(R8$$SyntheticClass:0)
03-04 01:59:08.275   721   820 E UsbDeviceManager: 	at com.android.server.SystemServerInitThreadPool.lambda$submitTask$0(SystemServerInitThreadPool.java:107)
03-04 01:59:08.275   721   820 E UsbDeviceManager: 	at com.android.server.SystemServerInitThreadPool.$r8$lambda$KBkrFsHiqcxWyjNRg1WxRI4WNHA(SystemServerInitThreadPool.java:0)
03-04 01:59:08.275   721   820 E UsbDeviceManager: 	at com.android.server.SystemServerInitThreadPool$$ExternalSyntheticLambda1.run(R8$$SyntheticClass:0)
03-04 01:59:08.275   721   820 E UsbDeviceManager: 	at java.util.concurrent.Executors$RunnableAdapter.call(Executors.java:524)
03-04 01:59:08.275   721   820 E UsbDeviceManager: 	at java.util.concurrent.FutureTask.run(FutureTask.java:317)
03-04 01:59:08.275   721   820 E UsbDeviceManager: 	at java.util.concurrent.ThreadPoolExecutor.runWorker(ThreadPoolExecutor.java:1156)
03-04 01:59:08.275   721   820 E UsbDeviceManager: 	at java.util.concurrent.ThreadPoolExecutor$Worker.run(ThreadPoolExecutor.java:651)
03-04 01:59:08.275   721   820 E UsbDeviceManager: 	at com.android.internal.util.ConcurrentUtils$1$1.run(ConcurrentUtils.java:65)
03-04 01:59:08.276   721   820 E UsbPortManager: USB Gadget HAL AIDL/HIDL not present
03-04 01:59:08.284   721   820 E UsbDeviceManagerJNI: could not open control for mtp No such file or directory
03-04 01:59:08.284   721   820 E UsbDeviceManager: Failed to open control for mtp
03-04 01:59:08.285   721   820 E UsbDeviceManagerJNI: could not open control for ptp No such file or directory
03-04 01:59:08.285   721   820 E UsbDeviceManager: Failed to open control for ptp
03-04 01:59:08.290   721   820 E UsbDeviceManagerJNI: could not open /dev/usb_accessory
03-04 01:59:09.795   721   806 E BluetoothAdapter: Bluetooth service is null
03-04 01:59:09.960   721   721 E SystemServiceRegistry: No service published for: face
03-04 01:59:09.960   721   721 E SystemServiceRegistry: android.os.ServiceManager$ServiceNotFoundException: No service published for: face
03-04 01:59:09.960   721   721 E SystemServiceRegistry: 	at android.os.ServiceManager.getServiceOrThrow(ServiceManager.java:203)
03-04 01:59:09.960   721   721 E SystemServiceRegistry: 	at android.app.SystemServiceRegistry$72.createService(SystemServiceRegistry.java:993)
03-04 01:59:09.960   721   721 E SystemServiceRegistry: 	at android.app.SystemServiceRegistry$72.createService(SystemServiceRegistry.java:987)
03-04 01:59:09.960   721   721 E SystemServiceRegistry: 	at android.app.SystemServiceRegistry$CachedServiceFetcher.getService(SystemServiceRegistry.java:2343)
03-04 01:59:09.960   721   721 E SystemServiceRegistry: 	at android.app.SystemServiceRegistry.getSystemService(SystemServiceRegistry.java:1918)
03-04 01:59:09.960   721   721 E SystemServiceRegistry: 	at android.app.ContextImpl.getSystemService(ContextImpl.java:2315)
03-04 01:59:09.960   721   721 E SystemServiceRegistry: 	at android.content.Context.getSystemService(Context.java:4630)
03-04 01:59:09.960   721   721 E SystemServiceRegistry: 	at com.android.server.biometrics.BiometricService$Injector.getSettingObserver(BiometricService.java:1314)
03-04 01:59:09.960   721   721 E SystemServiceRegistry: 	at com.android.server.biometrics.BiometricService.<init>(BiometricService.java:1409)
03-04 01:59:09.960   721   721 E SystemServiceRegistry: 	at com.android.server.biometrics.BiometricService.<init>(BiometricService.java:1396)
03-04 01:59:09.960   721   721 E SystemServiceRegistry: 	at java.lang.reflect.Constructor.newInstance0(Native Method)
03-04 01:59:09.960   721   721 E SystemServiceRegistry: 	at java.lang.reflect.Constructor.newInstance(Constructor.java:343)
03-04 01:59:09.960   721   721 E SystemServiceRegistry: 	at com.android.server.SystemServiceManager.startService(SystemServiceManager.java:242)
03-04 01:59:09.960   721   721 E SystemServiceRegistry: 	at com.android.server.SystemServer.startOtherServices(SystemServer.java:2725)
03-04 01:59:09.960   721   721 E SystemServiceRegistry: 	at com.android.server.SystemServer.run(SystemServer.java:988)
03-04 01:59:09.960   721   721 E SystemServiceRegistry: 	at com.android.server.SystemServer.main(SystemServer.java:689)
03-04 01:59:09.960   721   721 E SystemServiceRegistry: 	at java.lang.reflect.Method.invoke(Native Method)
03-04 01:59:09.960   721   721 E SystemServiceRegistry: 	at com.android.internal.os.RuntimeInit$MethodAndArgsCaller.run(RuntimeInit.java:593)
03-04 01:59:09.960   721   721 E SystemServiceRegistry: 	at com.android.internal.os.ZygoteInit.main(ZygoteInit.java:910)
03-04 01:59:09.969   721   721 E SystemServiceRegistry: Manager wrapper not available: face
03-04 01:59:10.011   721   920 E AuthService: Face configuration exists, but FaceService is null.
03-04 01:59:10.217   922   924 E fingerprint-service.ranchu: openFile:48 failure: open('/data/vendor_de/0/fpdata/sensor0.bin', output=0) failed with errno=2
03-04 01:59:10.518   721   721 E AutofillManagerServiceImpl: Bad service name: com.google.android.gms/.autofill.service.AutofillService
03-04 01:59:10.521   721   721 E RemoteAugmentedAutofillService: Bad service name for flags 1048704: com.google.android.as/com.google.android.apps.miphone.aiai.app.AiAiAugmentedAutofillService
03-04 01:59:10.906   721   721 E EnergyConsumerSnapshot: Unexpected battery voltage (0 mV) when taking energy consumer snapshot
03-04 01:59:10.935   721   772 E BatteryStatsService: Unable to load Power.Stats.HAL. Setting rail availability to false
03-04 01:59:10.938   721   772 E BluetoothAdapter: Bluetooth service is null
03-04 01:59:10.945   721   772 E EnergyConsumerSnapshot: Unexpected battery voltage (0 mV) when taking energy consumer snapshot
03-04 01:59:10.990   721   721 E DisplayPowerController[0]: failed to set up display white-balance: java.lang.IllegalStateException: cannot find sensor com.google.sensor.color
03-04 01:59:11.007   721   721 E DeviceConfig: Parsing int failed for location_mode
03-04 01:59:11.118   721   761 E AppWidgetManager: Notify service of inheritance info
03-04 01:59:11.118   721   761 E AppWidgetManager: java.lang.IllegalStateException: User 0 must be unlocked for widgets to be available
03-04 01:59:11.118   721   761 E AppWidgetManager: 	at com.android.server.appwidget.AppWidgetServiceImpl.ensureGroupStateLoadedLocked(AppWidgetServiceImpl.java:1059)
03-04 01:59:11.118   721   761 E AppWidgetManager: 	at com.android.server.appwidget.AppWidgetServiceImpl.ensureGroupStateLoadedLocked(AppWidgetServiceImpl.java:1044)
03-04 01:59:11.118   721   761 E AppWidgetManager: 	at com.android.server.appwidget.AppWidgetServiceImpl.getInstalledProvidersForProfile(AppWidgetServiceImpl.java:2536)
03-04 01:59:11.118   721   761 E AppWidgetManager: 	at android.appwidget.AppWidgetManager.getInstalledProvidersForProfile(AppWidgetManager.java:1107)
03-04 01:59:11.118   721   761 E AppWidgetManager: 	at android.appwidget.AppWidgetManager.getInstalledProvidersForPackage(AppWidgetManager.java:1041)
03-04 01:59:11.118   721   761 E AppWidgetManager: 	at android.appwidget.AppWidgetManager.lambda$new$3(AppWidgetManager.java:639)
03-04 01:59:11.118   721   761 E AppWidgetManager: 	at android.appwidget.AppWidgetManager.$r8$lambda$WKLPyaeqLNLNb3560d7QJuq2DwQ(Unknown Source:0)
03-04 01:59:11.118   721   761 E AppWidgetManager: 	at android.appwidget.AppWidgetManager$$ExternalSyntheticLambda7.run(D8$$SyntheticClass:0)
03-04 01:59:11.118   721   761 E AppWidgetManager: 	at android.os.Handler.handleCallback(Handler.java:995)
03-04 01:59:11.118   721   761 E AppWidgetManager: 	at android.os.Handler.dispatchMessage(Handler.java:103)
03-04 01:59:11.118   721   761 E AppWidgetManager: 	at android.os.Looper.loopOnce(Looper.java:248)
03-04 01:59:11.118   721   761 E AppWidgetManager: 	at android.os.Looper.loop(Looper.java:338)
03-04 01:59:11.118   721   761 E AppWidgetManager: 	at android.os.HandlerThread.run(HandlerThread.java:85)
03-04 01:59:11.272   721   772 E BluetoothAdapter: Bluetooth service is null
03-04 01:59:11.273   721   772 E EnergyConsumerSnapshot: Unexpected battery voltage (0 mV) when taking energy consumer snapshot
03-04 01:59:11.395   721   721 E TestHarnessModeService: Failed to start Test Harness Mode; no implementation of PersistentDataBlockManagerInternal was bound!
03-04 01:59:11.478   721   871 E WifiConfigManager: Cannot find network with networkId -1 or configKey "AndroidWifi"NONE or upgradable security type check
03-04 01:59:11.487   721   871 E SupplicantStaIfaceHalAidlImpl: Can't call setDebugParams, ISupplicant is null
03-04 01:59:11.638   721   871 E WifiChipAidlImpl: getMode failed with service-specific exception: android.os.ServiceSpecificException:  (code 5)
03-04 01:59:11.640   514   532 E android.hardware.wifi-service: Unknown iface name: wlan0
03-04 01:59:11.640   514   532 E android.hardware.wifi-service: Unknown iface name: wlan0
03-04 01:59:11.656   721   721 E SystemServiceRegistry: No service published for: face
03-04 01:59:11.656   721   721 E SystemServiceRegistry: android.os.ServiceManager$ServiceNotFoundException: No service published for: face
03-04 01:59:11.656   721   721 E SystemServiceRegistry: 	at android.os.ServiceManager.getServiceOrThrow(ServiceManager.java:203)
03-04 01:59:11.656   721   721 E SystemServiceRegistry: 	at android.app.SystemServiceRegistry$72.createService(SystemServiceRegistry.java:993)
03-04 01:59:11.656   721   721 E SystemServiceRegistry: 	at android.app.SystemServiceRegistry$72.createService(SystemServiceRegistry.java:987)
03-04 01:59:11.656   721   721 E SystemServiceRegistry: 	at android.app.SystemServiceRegistry$CachedServiceFetcher.getService(SystemServiceRegistry.java:2343)
03-04 01:59:11.656   721   721 E SystemServiceRegistry: 	at android.app.SystemServiceRegistry.getSystemService(SystemServiceRegistry.java:1918)
03-04 01:59:11.656   721   721 E SystemServiceRegistry: 	at android.app.ContextImpl.getSystemService(ContextImpl.java:2315)
03-04 01:59:11.656   721   721 E SystemServiceRegistry: 	at android.content.Context.getSystemService(Context.java:4630)
03-04 01:59:11.656   721   721 E SystemServiceRegistry: 	at com.android.server.trust.TrustManagerService.onBootPhase(TrustManagerService.java:353)
03-04 01:59:11.656   721   721 E SystemServiceRegistry: 	at com.android.server.SystemServiceManager.startBootPhase(SystemServiceManager.java:318)
03-04 01:59:11.656   721   721 E SystemServiceRegistry: 	at com.android.server.SystemServer.startOtherServices(SystemServer.java:3039)
03-04 01:59:11.656   721   721 E SystemServiceRegistry: 	at com.android.server.SystemServer.run(SystemServer.java:988)
03-04 01:59:11.656   721   721 E SystemServiceRegistry: 	at com.android.server.SystemServer.main(SystemServer.java:689)
03-04 01:59:11.656   721   721 E SystemServiceRegistry: 	at java.lang.reflect.Method.invoke(Native Method)
03-04 01:59:11.656   721   721 E SystemServiceRegistry: 	at com.android.internal.os.RuntimeInit$MethodAndArgsCaller.run(RuntimeInit.java:593)
03-04 01:59:11.656   721   721 E SystemServiceRegistry: 	at com.android.internal.os.ZygoteInit.main(ZygoteInit.java:910)
03-04 01:59:11.657   721   721 E SystemServiceRegistry: Manager wrapper not available: face
03-04 01:59:11.690   721   871 E WifiChipAidlImpl: getMode failed with service-specific exception: android.os.ServiceSpecificException:  (code 5)
03-04 01:59:11.692   514   532 E android.hardware.wifi-service: Unknown iface name: wlan0
03-04 01:59:11.693   514   532 E android.hardware.wifi-service: Unknown iface name: wlan0
03-04 01:59:11.714   514   532 E android.hardware.wifi-service: Failed to register radio mode change callback
03-04 01:59:11.725   514   532 E android.hardware.wifi-service: Failed to get SupportedIfaceCombinations matrix from legacy HAL: NOT_SUPPORTED
03-04 01:59:11.757   514   532 E android.hardware.wifi-service: Failed to set DFS flag; DFS channels may be unavailable.
03-04 01:59:11.781   944   944 F ot-daemon: [C] P-SpinelDrive-: Software reset co-processor successfully
03-04 01:59:11.783   514   532 E android.hardware.wifi-service: Failed to get chip capabilities from legacy HAL: NOT_SUPPORTED
03-04 01:59:11.784   721   871 E WifiChipAidlImpl: getWifiChipCapabilities failed with service-specific exception: android.os.ServiceSpecificException:  (code 4)
03-04 01:59:11.835   721   871 E SupplicantStaIfaceHalAidlImpl: Can't call getKeyMgmtCapabilities, ISupplicantStaIface is null for iface=wlan0
03-04 01:59:11.837   721   871 E SupplicantStaIfaceHalAidlImpl: Can't call getWpaDriverCapabilities, ISupplicantStaIface is null for iface=wlan0
03-04 01:59:11.850   944   944 F ot-daemon: [C] P-Resolver----: No domain name servers found in /etc/resolv.conf, default to 127.0.0.1
03-04 01:59:11.857   721   721 E UserManagerService: Auto-lock preference updated but private space user not found
03-04 01:59:11.877   514   532 E android.hardware.wifi-service: Failed to get SupportedRadioCombinations matrix from legacy HAL: NOT_SUPPORTED
03-04 01:59:11.879   721   871 E WifiChipAidlImpl: getSupportedRadioCombinations failed with service-specific exception: android.os.ServiceSpecificException:  (code 4)
03-04 01:59:11.882   721   871 E WifiStaIfaceAidlImpl: getTwtCapabilities failed with service-specific exception: android.os.ServiceSpecificException:  (code 4)
03-04 01:59:11.885   721   871 E WifiChipAidlImpl: getUsableChannels failed with service-specific exception: android.os.ServiceSpecificException:  (code 4)
03-04 01:59:11.928   721   787 E DefaultPermGrantPolicy: Package not found: com.google.android.apps.pixelmigrate
03-04 01:59:11.929   721   871 E WifiChipAidlImpl: enableStaChannelForPeerNetwork failed with service-specific exception: android.os.ServiceSpecificException:  (code 4)
03-04 01:59:11.929   721   787 E DefaultPermGrantPolicy: Package not found: com.google.android.adservices
03-04 01:59:11.931   721   787 E DefaultPermGrantPolicy: Package not found: com.google.android.apps.mediashell
03-04 01:59:11.946   721   787 E DefaultPermGrantPolicy: Package not found: com.google.android.apps.tips
03-04 01:59:11.947   721   787 E DefaultPermGrantPolicy: Package not found: com.google.android.apps.turbo
03-04 01:59:11.950   721   787 E DefaultPermGrantPolicy: Package not found: com.google.android.euicc
03-04 01:59:11.952   721   787 E DefaultPermGrantPolicy: Package not found: com.google.android.volta
03-04 01:59:12.307   957   957 E wpa_supplicant: p2p-dev-wlan0: nl80211: kernel reports: Registration to specific type not supported
03-04 01:59:12.325     0     0 E libprocessgroup: Failed to write 1 to /sys/fs/cgroup/system/uid_1000/pid_642/cgroup.kill: No such file or directory
03-04 01:59:12.329     0     0 E libprocessgroup: Failed to open /sys/fs/cgroup/system/uid_1000/pid_642/cgroup.procs: No such file or directory
03-04 01:59:12.420   721   871 E WifiStaIfaceAidlImpl: getTwtCapabilities failed with service-specific exception: android.os.ServiceSpecificException:  (code 4)
03-04 01:59:12.423   721   871 E WifiChipAidlImpl: getUsableChannels failed with service-specific exception: android.os.ServiceSpecificException:  (code 4)
03-04 01:59:12.473   721   875 E WifiStaIfaceAidlImpl: getBackgroundScanCapabilities failed with service-specific exception: android.os.ServiceSpecificException:  (code 4)
03-04 01:59:12.494   721   871 E WifiChipAidlImpl: setMultiStaUseCase failed with service-specific exception: android.os.ServiceSpecificException:  (code 4)
03-04 01:59:12.498   721   871 E WifiChipAidlImpl: setMultiStaPrimaryConnection failed with service-specific exception: android.os.ServiceSpecificException:  (code 4)
03-04 01:59:13.143   721   818 E NativeTombstoneManager: Tombstone's UID (1002) not an app, ignoring
03-04 01:59:13.166   721   818 E NativeTombstoneManager: Tombstone's UID (1002) not an app, ignoring
03-04 01:59:13.318   721   818 E NativeTombstoneManager: Tombstone's UID (1002) not an app, ignoring
03-04 01:59:13.359   721   818 E NativeTombstoneManager: Tombstone's UID (1002) not an app, ignoring
03-04 01:59:13.442   721   818 E NativeTombstoneManager: Tombstone's UID (1002) not an app, ignoring
03-04 01:59:13.486   721   818 E NativeTombstoneManager: Tombstone's UID (1002) not an app, ignoring
03-04 01:59:13.517   721   818 E NativeTombstoneManager: Tombstone's UID (1002) not an app, ignoring
03-04 01:59:13.539   721   818 E NativeTombstoneManager: Tombstone's UID (1002) not an app, ignoring
03-04 01:59:13.569   721   818 E NativeTombstoneManager: Tombstone's UID (1002) not an app, ignoring
03-04 01:59:13.583   721   818 E NativeTombstoneManager: Tombstone's UID (1002) not an app, ignoring
03-04 01:59:13.609   721   721 E BitmapFactory: Unable to decode file: java.io.FileNotFoundException: /data/system/users/0/wallpaper_orig: open failed: ENOENT (No such file or directory)
03-04 01:59:13.609   721   721 E WallpaperCropper: Unable to apply new wallpaper
03-04 01:59:13.610   721   818 E NativeTombstoneManager: Tombstone's UID (1002) not an app, ignoring
03-04 01:59:13.635   721   818 E NativeTombstoneManager: Tombstone's UID (1002) not an app, ignoring
