03-04 01:59:54.818   721  1894 E ActivityManager:     0.1% 1465/binder:1456_2: 0% user + 0.1% kernel
03-04 01:59:54.818   721  1894 E ActivityManager:     0.1% 1503/ackgroundThread: 0% user + 0.1% kernel
03-04 01:59:54.818   721  1894 E ActivityManager:     0.1% 1704/public:253,80: 0% user + 0.1% kernel
03-04 01:59:54.818   721  1894 E ActivityManager:    +0% 2155/Thread-6: 0% user + 0% kernel
03-04 01:59:54.818   721  1894 E ActivityManager:    +0% 2161/AppOpsManagerNo: 0% user + 0% kernel
03-04 01:59:54.818   721  1894 E ActivityManager:   4.3% 1713/com.google.android.permissioncontroller: 2.6% user + 1.7% kernel / faults: 1398 minor 8 major
03-04 01:59:54.818   721  1894 E ActivityManager:     1.3% 1722/HeapTaskDaemon: 0.4% user + 0.8% kernel
03-04 01:59:54.818   721  1894 E ActivityManager:     0.8% 2117/pool-4-thread-1: 0.8% user + 0% kernel
03-04 01:59:54.818   721  1894 E ActivityManager:     0.6% 1713/ssioncontroller: 0.2% user + 0.4% kernel
03-04 01:59:54.818   721  1894 E ActivityManager:    +0% 2180/pool-4-thread-3: 0% user + 0% kernel
03-04 01:59:54.818   721  1894 E ActivityManager:    +0% 2181/pool-4-thread-4: 0% user + 0% kernel
03-04 01:59:54.818   721  1894 E ActivityManager:    +0% 2182/pool-4-thread-5: 0% user + 0% kernel
03-04 01:59:54.818   721  1894 E ActivityManager:    +0% 2183/pool-4-thread-6: 0% user + 0% kernel
03-04 01:59:54.818   721  1894 E ActivityManager:    +0% 2184/pool-4-thread-7: 0% user + 0% kernel
03-04 01:59:54.818   721  1894 E ActivityManager:    +0% 2185/pool-4-thread-8: 0% user + 0% kernel
03-04 01:59:54.818   721  1894 E ActivityManager:   2.3% 501/android.hardware.graphics.allocator-service.ranchu: 0% user + 2.3% kernel
03-04 01:59:54.818   721  1894 E ActivityManager:     2.3% 501/binder:501_2: 0% user + 2.3% kernel
03-04 01:59:54.818   721  1894 E ActivityManager:   2% 486/statsd: 0% user + 2% kernel
03-04 01:59:54.818   721  1894 E ActivityManager:     1.6% 490/statsd.writer: 0% user + 1.6% kernel
03-04 01:59:54.818   721  1894 E ActivityManager:     0.5% 491/statsd.reader: 0% user + 0.5% kernel
03-04 01:59:54.818   721  1894 E ActivityManager:   1.7% 302/jbd2/dm-55-8: 0% user + 1.7% kernel
03-04 01:59:54.818   721  1894 E ActivityManager:   1.5% 487/zygote64: 0% user + 1.5% kernel / faults: 126 minor
03-04 01:59:54.818   721  1894 E ActivityManager:   1.4% 957/wpa_supplicant: 0% user + 1.4% kernel / faults: 3 minor 23 major
03-04 01:59:54.818   721  1894 E ActivityManager:   1.3% 1065/com.android.networkstack.process: 0.4% user + 0.9% kernel / faults: 187 minor
03-04 01:59:54.818   721  1894 E ActivityManager:     0.4% 1371/pool-3-thread-1: 0% user + 0.4% kernel
03-04 01:59:54.818   721  1894 E ActivityManager:     0.2% 1072/HeapTaskDaemon: 0% user + 0.2% kernel
03-04 01:59:54.818   721  1894 E ActivityManager:     0.2% 1108/droid.tethering: 0.1% user + 0.1% kernel
03-04 01:59:54.818   721  1894 E ActivityManager:     0.2% 1200/IpClient.wlan0: 0.1% user + 0.1% kernel
03-04 01:59:54.818   721  1894 E ActivityManager:     0.1% 1065/rkstack.process: 0% user + 0.1% kernel
03-04 01:59:54.818   721  1894 E ActivityManager:     0.1% 1078/binder:1065_3: 0.1% user + 0% kernel
03-04 01:59:54.818   721  1894 E ActivityManager:   1.1% 1/init: 0.1% user + 1% kernel / faults: 7 minor
03-04 01:59:54.818   721  1894 E ActivityManager:     0.6% 1/init: 0.1% user + 0.5% kernel
03-04 01:59:54.818   721  1894 E ActivityManager:     0.5% 112/init: 0% user + 0.5% kernel
03-04 01:59:54.818   721  1894 E ActivityManager:   1% 655/mediaserver: 0.1% user + 0.9% kernel / faults: 39 minor 7 major
03-04 01:59:54.818   721  1894 E ActivityManager:     0.4% 967/binder:655_2: 0% user + 0.4% kernel
03-04 01:59:54.818   721  1894 E ActivityManager:     0.1% 655/mediaserver: 0% user + 0.1% kernel
03-04 01:59:54.818   721  1894 E ActivityManager:    +0% 2124/binder:655_4: 0% user + 0% kernel
03-04 01:59:54.818   721  1894 E ActivityManager:    +0% 2125/binder:655_5: 0% user + 0% kernel
03-04 01:59:54.818   721  1894 E ActivityManager:   1.8% 1545/com.google.android.apps.messaging:rcs: 0.2% user + 1.6% kernel / faults: 138 minor 3 major
03-04 01:59:54.818   721  1894 E ActivityManager:     0.8% 1908/BG Thread #3: 0.2% user + 0.6% kernel
03-04 01:59:54.818   721  1894 E ActivityManager:     0.6% 1554/HeapTaskDaemon: 0.2% user + 0.4% kernel
03-04 01:59:54.818   721  1894 E ActivityManager:     0.2% 1562/binder:1545_2: 0% user + 0.2% kernel
03-04 01:59:54.818   721  1894 E ActivityManager:     0.2% 1891/GoogleApiHandle: 0% user + 0.2% kernel
03-04 01:59:54.818   721  1894 E ActivityManager:   0.9% 46/kworker/u9:1-events_unbound: 0% user + 0.9% kernel
03-04 01:59:54.818   721  1894 E ActivityManager:   0.8% 64/kworker/u15:0-blk_crypto_wq: 0% user + 0.8% kernel
03-04 01:59:54.818   721  1894 E ActivityManager:   0.8% 649/media.extractor: 0.1% user + 0.7% kernel / faults: 3 minor
03-04 01:59:54.818   721  1894 E ActivityManager:     0.7% 649/mediaextractor: 0.1% user + 0.5% kernel
03-04 01:59:54.818   721  1894 E ActivityManager:   1.2% 1443/android.process.acore: 0.5% user + 0.7% kernel / faults: 195 minor
03-04 01:59:54.818   721  1894 E ActivityManager:     0.3% 1449/HeapTaskDaemon: 0.1% user + 0.1% kernel
03-04 01:59:54.818   721  1894 E ActivityManager:     0.3% 1681/binder:1443_4: 0% user + 0.3% kernel
03-04 01:59:54.818   721  1894 E ActivityManager:   0.6% 242/kworker/2:2-virtio_vsock: 0% user + 0.6% kernel
03-04 01:59:54.818   721  1894 E ActivityManager:   0.6% 248/servicemanager: 0% user + 0.6% kernel / faults: 1 major
03-04 01:59:54.818   721  1894 E ActivityManager:     0.6% 248/servicemanager: 0% user + 0.6% kernel
03-04 01:59:54.818   721  1894 E ActivityManager:   0.6% 556/audioserver: 0% user + 0.6% kernel / faults: 18 minor
03-04 01:59:54.818   721  1894 E ActivityManager:     0.3% 1198/binder:556_4: 0% user + 0.3% kernel
03-04 01:59:54.818   721  1894 E ActivityManager:     0.2% 571/binder:556_2: 0% user + 0.2% kernel
03-04 01:59:54.818   721  1894 E ActivityManager:     0.1% 676/ApmOutput: 0% user + 0.1% kernel
03-04 01:59:54.818   721  1894 E ActivityManager:   0.4% 247/lmkd: 0.1% user + 0.3% kernel
03-04 01:59:54.818   721  1894 E ActivityManager:     0.3% 247/lmkd: 0.1% user + 0.2% kernel
03-04 01:59:54.818   721  1894 E ActivityManager:   0.4% 569/adbd: 0.1% user + 0.3% kernel / faults: 667 minor
03-04 01:59:54.818   721  1894 E ActivityManager:     0.2% 569/adbd: 0% user + 0.2% kernel
03-04 01:59:54.818   721  1894 E ActivityManager:     0.1% 588/adbd: 0% user + 0.1% kernel
03-04 01:59:54.818   721  1894 E ActivityManager:    +0% 2038/shell svc 2036: 0% user + 0% kernel
03-04 01:59:54.818   721  1894 E ActivityManager:    +0% 2194/shell svc 2193: 0% user + 0% kernel
03-04 01:59:54.818   721  1894 E ActivityManager:   0.4% 658/wificond: 0.1% user + 0.3% kernel / faults: 3 minor 4 major
03-04 01:59:54.818   721  1894 E ActivityManager:   0.5% 1098/com.google.android.bluetooth: 0.1% user + 0.4% kernel / faults: 20 minor
03-04 01:59:54.818   721  1894 E ActivityManager:     0.2% 1106/binder:1098_1: 0% user + 0.2% kernel
03-04 01:59:54.818   721  1894 E ActivityManager:     0.1% 1098/droid.bluetooth: 0% user + 0.1% kernel
03-04 01:59:54.819   721  1894 E ActivityManager:     0.1% 1107/binder:1098_2: 0.1% user + 0% kernel
03-04 01:59:54.819   721  1894 E ActivityManager:   0.3% 15/ksoftirqd/0: 0% user + 0.3% kernel
03-04 01:59:54.819   721  1894 E ActivityManager:   0.3% 16/rcu_preempt: 0% user + 0.3% kernel
03-04 01:59:54.819   721  1894 E ActivityManager:   0.3% 60/kworker/0:1H-kblockd: 0% user + 0.3% kernel
03-04 01:59:54.819   721  1894 E ActivityManager:   0.3% 594/mdnsd: 0% user + 0.3% kernel
03-04 01:59:54.819   721  1894 E ActivityManager:   0.2% 26/ksoftirqd/1: 0% user + 0.2% kernel
03-04 01:59:54.819   721  1894 E ActivityManager:   0.2% 27/kworker/1:0-events: 0% user + 0.2% kernel
03-04 01:59:54.819   721  1894 E ActivityManager:   0.2% 65/kworker/u16:0-fscrypt_read_queue: 0% user + 0.2% kernel
03-04 01:59:54.819   721  1894 E ActivityManager:   0.2% 106/kworker/1:2H-kverityd: 0% user + 0.2% kernel
03-04 01:59:54.819   721  1894 E ActivityManager:   0.2% 107/kworker/3:1H-kblockd: 0% user + 0.2% kernel
03-04 01:59:54.819   721  1894 E ActivityManager:   0.2% 273/android.system.suspend-service: 0% user + 0.2% kernel
03-04 01:59:54.819   721  1894 E ActivityManager:     0.1% 679/binder:273_3: 0% user + 0.1% kernel
03-04 01:59:54.819   721  1894 E ActivityManager:   0.2% 300/kworker/u15:1-blk_crypto_wq: 0% user + 0.2% kernel
03-04 01:59:54.819   721  1894 E ActivityManager:   0.2% 456/kworker/u16:3-fscrypt_read_queue: 0% user + 0.2% kernel
03-04 01:59:54.819   721  1894 E ActivityManager:   0.2% 457/kworker/u14:2-fscrypt_read_queue: 0% user + 0.2% kernel
03-04 01:59:54.819   721  1894 E ActivityManager:   0.2% 475/kworker/0:3-sock_diag_events: 0% user + 0.2% kernel
03-04 01:59:54.819   721  1894 E ActivityManager:   0.2% 506/android.hardware.radio-service.ranchu: 0% user + 0.2% kernel
03-04 01:59:54.819   721  1894 E ActivityManager:     0.1% 525/android.hardwar: 0% user + 0.1% kernel
03-04 01:59:54.819   721  1894 E ActivityManager:   0.2% 639/cameraserver: 0% user + 0.2% kernel / faults: 10 minor 12 major
03-04 01:59:54.819   721  1894 E ActivityManager:     0.1% 716/binder:639_4: 0% user + 0.1% kernel
03-04 01:59:54.819   721  1894 E ActivityManager:   0.2% 648/installd: 0.1% user + 0.1% kernel
03-04 01:59:54.819   721  1894 E ActivityManager:     0.3% 653/binder:648_1: 0.1% user + 0.2% kernel
03-04 01:59:54.819   721  1894 E ActivityManager:   0.1% 10/kworker/u8:0-events_unbound: 0% user + 0.1% kernel
03-04 01:59:54.819   721  1894 E ActivityManager:   0.1% 11/kworker/u8:1-ext4-rsv-conversion: 0% user + 0.1% kernel
03-04 01:59:54.819   721  1894 E ActivityManager:   0.1% 32/ksoftirqd/2: 0% user + 0.1% kernel
03-04 01:59:54.819   721  1894 E ActivityManager:   0.1% 38/ksoftirqd/3: 0% user + 0.1% kernel
03-04 01:59:54.819   721  1894 E ActivityManager:   0.1% 79/kworker/2:1H-kverityd: 0% user + 0.1% kernel
03-04 01:59:54.819   721  1894 E ActivityManager:   0.1% 110/kworker/3:3H-kverityd: 0% user + 0.1% kernel
03-04 01:59:54.819   721  1894 E ActivityManager:   0.1% 228/kworker/u10:2-flush-253:80: 0% user + 0.1% kernel
03-04 01:59:54.819   721  1894 E ActivityManager:   0.1% 230/kworker/u12:1-loop44: 0% user + 0.1% kernel
03-04 01:59:54.819   721  1894 E ActivityManager:   0.1% 236/prng_seeder: 0% user + 0.1% kernel / faults: 1 minor
03-04 01:59:54.819   721  1894 E ActivityManager:   0.1% 238/kworker/3:3-sock_diag_events: 0% user + 0.1% kernel
03-04 01:59:54.819   721  1894 E ActivityManager:   0.1% 292/kworker/u17:2-fscrypt_read_queue: 0% user + 0.1% kernel
03-04 01:59:54.819   721  1894 E ActivityManager:   0.1% 296/kworker/u17:3-fscrypt_read_queue: 0% user + 0.1% kernel
03-04 01:59:54.819   721  1894 E ActivityManager:   0.1% 309/tombstoned: 0% user + 0.1% kernel / faults: 1 minor
03-04 01:59:54.819   721  1894 E ActivityManager:   0.1% 316/kworker/u15:3-fscrypt_read_queue: 0% user + 0.1% kernel
03-04 01:59:54.819   721  1894 E ActivityManager:   0.1% 374/kworker/u9:2-events_unbound: 0% user + 0.1% kernel
03-04 01:59:54.819   721  1894 E ActivityManager:   0.1% 484/netd: 0% user + 0.1% kernel / faults: 1 minor
03-04 01:59:54.819   721  1894 E ActivityManager:   0.1% 514/android.hardware.wifi-service: 0% user + 0.1% kernel / faults: 3 minor
03-04 01:59:54.819   721  1894 E ActivityManager:    +0% 2076/binder:514_3: 0% user + 0% kernel
03-04 01:59:54.819   721  1894 E ActivityManager:   0.1% 549/android.hardware.power-service.example: 0% user + 0.1% kernel
03-04 01:59:54.819   721  1894 E ActivityManager:     0.1% 549/android.hardwar: 0% user + 0.1% kernel
03-04 01:59:54.819   721  1894 E ActivityManager:   0.1% 558/gpuservice: 0% user + 0.1% kernel / faults: 1 minor 3 major
03-04 01:59:54.819   721  1894 E ActivityManager:   0.1% 574/android.hardware.uwb-service: 0% user + 0.1% kernel / faults: 4 minor
03-04 01:59:54.819   721  1894 E ActivityManager:    +0% 2179/tokio-runtime-w: 0% user + 0% kernel
03-04 01:59:54.819   721  1894 E ActivityManager:   0.1% 632/drmserver: 0% user + 0.1% kernel / faults: 18 minor 2 major
03-04 01:59:54.819   721  1894 E ActivityManager:     0.1% 632/drmserver: 0% user + 0.1% kernel
03-04 01:59:54.819   721  1894 E ActivityManager:     0.1% 635/binder:632_1: 0% user + 0.1% kernel
03-04 01:59:54.819   721  1894 E ActivityManager:    +0% 2098/binder:632_2: 0% user + 0% kernel
03-04 01:59:54.819   721  1894 E ActivityManager:   0.1% 654/media.metrics: 0% user + 0.1% kernel / faults: 9 minor 2 major
03-04 01:59:54.819   721  1894 E ActivityManager:     0.1% 898/binder:654_6: 0% user + 0.1% kernel
03-04 01:59:54.819   721  1894 E ActivityManager:   0.1% 660/kworker/u10:3-events_unbound: 0% user + 0.1% kernel
03-04 01:59:54.819   721  1894 E ActivityManager:   0.1% 727/kworker/1:4H: 0% user + 0.1% kernel
03-04 01:59:54.819   721  1894 E ActivityManager:   0.1% 922/android.hardware.biometrics.fingerprint-service.ranchu: 0% user + 0.1% kernel
03-04 01:59:54.819   721  1894 E ActivityManager:   0.1% 1116/com.android.se: 0% user + 0.1% kernel / faults: 11 minor
03-04 01:59:54.819   721  1894 E ActivityManager:     0.1% 1116/com.android.se: 0.1% user + 0% kernel
03-04 01:59:54.819   721  1894 E ActivityManager:   0.1% 1172/com.google.android.ext.services: 0.1% user + 0% kernel / faults: 10 minor
03-04 01:59:54.819   721  1894 E ActivityManager:   0.2% 1772/com.android.localtransport: 0% user + 0.2% kernel / faults: 31 minor
03-04 01:59:54.819   721  1894 E ActivityManager:  +0% 1914/kworker/2:3-virtio_vsock: 0% user + 0% kernel
03-04 01:59:54.819   721  1894 E ActivityManager:  +0% 1915/com.google.android.googlequicksearchbox:search: 0% user + 0% kernel
03-04 01:59:54.819   721  1894 E ActivityManager:  +0% 1955/com.android.chrome: 0% user + 0% kernel
03-04 01:59:54.819   721  1894 E ActivityManager:  +0% 1961/com.google.android.settings.intelligence: 0% user + 0% kernel
03-04 01:59:54.819   721  1894 E ActivityManager:  +0% 2018/com.google.android.as.oss: 0% user + 0% kernel
03-04 01:59:54.819   721  1894 E ActivityManager:  +0% 2036/sh: 0% user + 0% kernel
03-04 01:59:54.819   721  1894 E ActivityManager:  +0% 2040/cmd: 0% user + 0% kernel
03-04 01:59:54.819   721  1894 E ActivityManager:  +0% 2096/kworker/0:3H-kverityd: 0% user + 0% kernel
03-04 01:59:54.819   721  1894 E ActivityManager:  +0% 2099/kworker/0:4H-kverityd: 0% user + 0% kernel
03-04 01:59:54.819   721  1894 E ActivityManager:  +0% 2135/com.google.android.apps.wallpaper: 0% user + 0% kernel
03-04 01:59:54.819   721  1894 E ActivityManager: 98% TOTAL: 21% user + 75% kernel + 0.6% iowait + 1% softirq
03-04 01:59:54.851   721  2216 E JobScheduler.JobStatus: App com.google.android.inputmethod.latin became active but still in NEVER bucket
03-04 01:59:55.274   721  2187 E JobScheduler.JobStatus: App com.google.android.inputmethod.latin became active but still in NEVER bucket
03-04 01:59:55.308  2289  2289 E .adservices.api: Not starting debugger since process cannot load the jdwp agent.
03-04 01:59:55.394   721  2054 E WifiService: Attempt to retrieve passpoint with invalid scanResult List
03-04 01:59:55.557  1494  2057 E BrdcstRcvrMsgr: SvcConn: binder null, could not send broadcast of action
03-04 01:59:55.616  1573  2316 E MultiDisplayService: invalid parameters for add/modify display
03-04 01:59:55.653   721   883 E AppOps  : attributionTag VCN not declared in manifest of android
03-04 01:59:55.993  1750  2115 E gle.android.gms: hiddenapi: Accessing hidden method Landroid/net/ConnectivityManager;->isNetworkTypeMobile(I)Z (runtime_flags=0, domain=platform, api=max-target-p) from Lbqlr; (domain=app) using reflection: denied
03-04 01:59:55.994  1750  2115 E gle.android.gms: hiddenapi: Accessing hidden method Landroid/os/PowerManager;->isLightDeviceIdleMode()Z (runtime_flags=0, domain=platform, api=max-target-s) from Lbqlr; (domain=app) using reflection: denied
03-04 01:59:56.053   721  2011 E AppOps  : attributionTag VCN not declared in manifest of android
03-04 01:59:56.240  1750  2327 E gle.android.gms: hiddenapi: Accessing hidden method Landroid/os/PowerManager;->isLightDeviceIdleMode()Z (runtime_flags=0, domain=platform, api=max-target-s) from Legce; (domain=app) using reflection: denied
03-04 01:59:56.603   721  1660 E JobScheduler.JobStatus: App com.google.android.inputmethod.latin became active but still in NEVER bucket
03-04 01:59:56.839   721   883 E AppOps  : attributionTag VCN not declared in manifest of android
03-04 01:59:56.925   721  2010 E JobScheduler.JobStatus: App com.google.android.inputmethod.latin became active but still in NEVER bucket
03-04 01:59:57.008  1129  1129 E SatelliteController: registerForSatelliteModemStateChanged: mSatelliteSessionController is not initialized yet
03-04 01:59:57.135  1129  1129 E SatelliteController: registerForSatelliteModemStateChanged: mSatelliteSessionController is not initialized yet
03-04 01:59:57.231  1129  1309 E SatelliteController: registerForSatelliteCommunicationAccessStateChanged: SatelliteManager is null
03-04 01:59:57.247  1271  1283 E FeatureFlagsImplExport: android.os.flagging.AconfigStorageReadException: ERROR_PACKAGE_NOT_FOUND: package com.android.settingslib.widget.theme.flags cannot be found on the device
03-04 01:59:57.289   721  1660 E JobScheduler.JobStatus: App com.google.android.inputmethod.latin became active but still in NEVER bucket
03-04 01:59:57.361     0     0 E SELinux : avc:  denied  { find } for pid=1271 uid=1000 name=vendor.google.wireless_charger.IWirelessCharger/default scontext=u:r:system_app:s0 tcontext=u:object_r:default_android_service:s0 tclass=service_manager permissive=0
03-04 01:59:57.734   721  2012 E WifiService: Attempt to retrieve passpoint with invalid scanResult List
03-04 01:59:57.744  1065  1108 E SystemServiceRegistry: No service published for: ethernet
03-04 01:59:57.744  1065  1108 E SystemServiceRegistry: android.os.ServiceManager$ServiceNotFoundException: No service published for: ethernet
03-04 01:59:57.744  1065  1108 E SystemServiceRegistry: 	at android.os.ServiceManager.getServiceOrThrow(ServiceManager.java:203)
03-04 01:59:57.744  1065  1108 E SystemServiceRegistry: 	at android.app.SystemServiceRegistry$149.createService(SystemServiceRegistry.java:2232)
03-04 01:59:57.744  1065  1108 E SystemServiceRegistry: 	at android.app.SystemServiceRegistry$CachedServiceFetcher.getService(SystemServiceRegistry.java:2343)
03-04 01:59:57.744  1065  1108 E SystemServiceRegistry: 	at android.app.SystemServiceRegistry.getSystemService(SystemServiceRegistry.java:1918)
03-04 01:59:57.744  1065  1108 E SystemServiceRegistry: 	at android.app.ContextImpl.getSystemService(ContextImpl.java:2315)
03-04 01:59:57.744  1065  1108 E SystemServiceRegistry: 	at android.content.ContextWrapper.getSystemService(ContextWrapper.java:964)
03-04 01:59:57.744  1065  1108 E SystemServiceRegistry: 	at com.android.networkstack.tethering.Tethering.isEthernetSupported(Tethering.java:1862)
03-04 01:59:57.744  1065  1108 E SystemServiceRegistry: 	at com.android.networkstack.tethering.Tethering.makeSupportedDownstreams(Tethering.java:2843)
03-04 01:59:57.744  1065  1108 E SystemServiceRegistry: 	at com.android.networkstack.tethering.Tethering.updateSupportedDownstreams(Tethering.java:2817)
03-04 01:59:57.744  1065  1108 E SystemServiceRegistry: 	at com.android.networkstack.tethering.Tethering.updateConfiguration(Tethering.java:564)
03-04 01:59:57.744  1065  1108 E SystemServiceRegistry: 	at com.android.networkstack.tethering.Tethering.-$$Nest$mupdateConfiguration(Tethering.java:0)
03-04 01:59:57.744  1065  1108 E SystemServiceRegistry: 	at com.android.networkstack.tethering.Tethering$StateReceiver.onReceive(Tethering.java:1396)
03-04 01:59:57.744  1065  1108 E SystemServiceRegistry: 	at android.app.LoadedApk$ReceiverDispatcher$Args.lambda$getRunnable$0(LoadedApk.java:1839)
03-04 01:59:57.744  1065  1108 E SystemServiceRegistry: 	at android.app.LoadedApk$ReceiverDispatcher$Args.$r8$lambda$mcNAAl1SQ4MyJPyDg8TJ2x2h0Rk(Unknown Source:0)
03-04 01:59:57.744  1065  1108 E SystemServiceRegistry: 	at android.app.LoadedApk$ReceiverDispatcher$Args$$ExternalSyntheticLambda0.run(D8$$SyntheticClass:0)
03-04 01:59:57.744  1065  1108 E SystemServiceRegistry: 	at android.os.Handler.handleCallback(Handler.java:995)
03-04 01:59:57.744  1065  1108 E SystemServiceRegistry: 	at android.os.Handler.dispatchMessage(Handler.java:103)
03-04 01:59:57.744  1065  1108 E SystemServiceRegistry: 	at android.os.Looper.loopOnce(Looper.java:248)
03-04 01:59:57.744  1065  1108 E SystemServiceRegistry: 	at android.os.Looper.loop(Looper.java:338)
03-04 01:59:57.744  1065  1108 E SystemServiceRegistry: 	at android.os.HandlerThread.run(HandlerThread.java:85)
03-04 01:59:58.149  1129  1309 E SatelliteModemInterface: requestIsSatelliteSupported: Satellite service is unavailable.
03-04 01:59:58.154  1129  1309 E SatelliteServiceUtils: isSatelliteSupported SatelliteException: android.telephony.satellite.SatelliteManager$SatelliteException
03-04 01:59:58.213   721  2190 E JobScheduler.JobStatus: App com.google.android.inputmethod.latin became active but still in NEVER bucket
03-04 01:59:58.265  1129  1129 E SmsApplication: com.google.android.apps.messaging lost android:read_cell_broadcasts:  (fixing)
03-04 01:59:58.541  1271  1876 E ConvertToEsimPreference: Fail to check pSIM conversion supported carrier: Attempt to invoke virtual method 'boolean android.telephony.euicc.EuiccManager.isPsimConversionSupported(int)' on a null object reference
03-04 01:59:58.549   721  1690 E BackupManagerService: [UserID:0] Unable to get management intent from transport: Transport com.google.android.gms/.backup.BackupTransportService not registered
03-04 01:59:58.557  1271  1876 E ConvertToEsimPreference: Fail to check pSIM conversion supported carrier: Attempt to invoke virtual method 'boolean android.telephony.euicc.EuiccManager.isPsimConversionSupported(int)' on a null object reference
03-04 01:59:58.589  1750  2322 E PhenotypeFlagCommitter: Retrieving snapshot for com.google.android.gms.playlog.uploader failed
03-04 01:59:58.589  1750  2322 E PhenotypeFlagCommitter: java.util.concurrent.TimeoutException: Timed out waiting for Task
03-04 01:59:58.589  1750  2322 E PhenotypeFlagCommitter: 	at eque.o(:com.google.android.gms@252635038@25.26.35 (260800-783060121):53)
03-04 01:59:58.589  1750  2322 E PhenotypeFlagCommitter: 	at eeaf.f(:com.google.android.gms@252635038@25.26.35 (260800-783060121):11)
03-04 01:59:58.589  1750  2322 E PhenotypeFlagCommitter: 	at eeaf.j(:com.google.android.gms@252635038@25.26.35 (260800-783060121):42)
03-04 01:59:58.589  1750  2322 E PhenotypeFlagCommitter: 	at eeaf.h(:com.google.android.gms@252635038@25.26.35 (260800-783060121):4)
03-04 01:59:58.589  1750  2322 E PhenotypeFlagCommitter: 	at com.google.android.gms.clearcut.init.ClearcutInitChimeraIntentService.b(:com.google.android.gms@252635038@25.26.35 (260800-783060121):60)
03-04 01:59:58.589  1750  2322 E PhenotypeFlagCommitter: 	at augs.onHandleIntent(:com.google.android.gms@252635038@25.26.35 (260800-783060121):108)
03-04 01:59:58.589  1750  2322 E PhenotypeFlagCommitter: 	at com.google.android.chimera.IntentOperation.onHandleIntent(:com.google.android.gms@252635038@25.26.35 (260800-783060121):2)
03-04 01:59:58.589  1750  2322 E PhenotypeFlagCommitter: 	at aumo.onHandleIntent(:com.google.android.gms@252635038@25.26.35 (260800-783060121):8)
03-04 01:59:58.589  1750  2322 E PhenotypeFlagCommitter: 	at vzd.run(:com.google.android.gms@252635038@25.26.35 (260800-783060121):64)
03-04 01:59:58.589  1750  2322 E PhenotypeFlagCommitter: 	at vzc.run(:com.google.android.gms@252635038@25.26.35 (260800-783060121):132)
03-04 01:59:58.589  1750  2322 E PhenotypeFlagCommitter: 	at fyac.run(:com.google.android.gms@252635038@25.26.35 (260800-783060121):21)
03-04 01:59:58.589  1750  2322 E PhenotypeFlagCommitter: 	at java.util.concurrent.ThreadPoolExecutor.runWorker(ThreadPoolExecutor.java:1156)
03-04 01:59:58.589  1750  2322 E PhenotypeFlagCommitter: 	at java.util.concurrent.ThreadPoolExecutor$Worker.run(ThreadPoolExecutor.java:651)
03-04 01:59:58.589  1750  2322 E PhenotypeFlagCommitter: 	at java.lang.Thread.run(Thread.java:1119)
03-04 01:59:59.026  1129  1129 E SmsApplication: com.google.android.apps.messaging lost android:read_cell_broadcasts:  (fixing)
03-04 01:59:59.045  1271  1283 E ScreenResolutionController: No support
03-04 01:59:59.124  1915  2265 E ashmem  : Pinning is deprecated since Android Q. Please use trim or other methods.
03-04 01:59:59.162   721  1655 E JobScheduler.JobStatus: App com.google.android.inputmethod.latin became active but still in NEVER bucket
03-04 01:59:59.710  1955  2274 E adservices: getService(): timed out (5000ms) waiting for binder connection
03-04 01:59:59.710  1955  2274 E adservices: Failed to bind to measurement service: com.android.adservices.shared.common.exception.ServiceUnavailableException: Service is not available.
03-04 02:00:00.175  1271  1283 E HardwareInfoFeatureProviderImpl: Could not parse manufactured year from serial.
03-04 02:00:00.175  1271  1283 E HardwareInfoFeatureProviderImpl: java.lang.NumberFormatException: For input string: "E"
03-04 02:00:00.175  1271  1283 E HardwareInfoFeatureProviderImpl: 	at java.lang.Integer.parseInt(Integer.java:781)
03-04 02:00:00.175  1271  1283 E HardwareInfoFeatureProviderImpl: 	at java.lang.Integer.valueOf(Integer.java:1108)
03-04 02:00:00.175  1271  1283 E HardwareInfoFeatureProviderImpl: 	at com.google.android.settings.hardwareinfo.HardwareInfoFeatureProviderGoogleImpl.getManufacturedYear(HardwareInfoFeatureProviderGoogleImpl.kt:24)
03-04 02:00:00.175  1271  1283 E HardwareInfoFeatureProviderImpl: 	at com.android.settings.deviceinfo.hardwareinfo.ManufacturedYearPreferenceController.<init>(ManufacturedYearPreferenceController.kt:26)
03-04 02:00:00.175  1271  1283 E HardwareInfoFeatureProviderImpl: 	at java.lang.reflect.Constructor.newInstance0(Native Method)
03-04 02:00:00.175  1271  1283 E HardwareInfoFeatureProviderImpl: 	at java.lang.reflect.Constructor.newInstance(Constructor.java:343)
03-04 02:00:00.175  1271  1283 E HardwareInfoFeatureProviderImpl: 	at com.android.settings.core.BasePreferenceController.createInstance(BasePreferenceController.java:190)
03-04 02:00:00.175  1271  1283 E HardwareInfoFeatureProviderImpl: 	at com.android.settings.core.PreferenceControllerListHelper.getPreferenceControllersFromXml(PreferenceControllerListHelper.java:86)
03-04 02:00:00.175  1271  1283 E HardwareInfoFeatureProviderImpl: 	at com.android.settings.search.BaseSearchIndexProvider.getPreferenceControllers(BaseSearchIndexProvider.java:195)
03-04 02:00:00.175  1271  1283 E HardwareInfoFeatureProviderImpl: 	at com.android.settings.search.BaseSearchIndexProvider.getDynamicRawDataToIndex(BaseSearchIndexProvider.java:102)
03-04 02:00:00.175  1271  1283 E HardwareInfoFeatureProviderImpl: 	at com.android.settings.search.SettingsSearchIndexablesProvider.getDynamicSearchIndexableRawData(SettingsSearchIndexablesProvider.java:379)
03-04 02:00:00.175  1271  1283 E HardwareInfoFeatureProviderImpl: 	at com.android.settings.search.SettingsSearchIndexablesProvider.queryDynamicRawData(SettingsSearchIndexablesProvider.java:181)
03-04 02:00:00.175  1271  1283 E HardwareInfoFeatureProviderImpl: 	at android.provider.SearchIndexablesProvider.query(SearchIndexablesProvider.java:133)
03-04 02:00:00.175  1271  1283 E HardwareInfoFeatureProviderImpl: 	at android.content.ContentProvider.query(ContentProvider.java:1625)
03-04 02:00:00.175  1271  1283 E HardwareInfoFeatureProviderImpl: 	at android.content.ContentProvider.query(ContentProvider.java:1721)
03-04 02:00:00.175  1271  1283 E HardwareInfoFeatureProviderImpl: 	at android.content.ContentProvider$Transport.query(ContentProvider.java:296)
03-04 02:00:00.175  1271  1283 E HardwareInfoFeatureProviderImpl: 	at android.content.ContentProviderNative.onTransact(ContentProviderNative.java:107)
03-04 02:00:00.175  1271  1283 E HardwareInfoFeatureProviderImpl: 	at android.os.Binder.execTransactInternal(Binder.java:1421)
03-04 02:00:00.175  1271  1283 E HardwareInfoFeatureProviderImpl: 	at android.os.Binder.execTransact(Binder.java:1365)
03-04 02:00:00.327  1271  1283 E DSRotLockSettingsMngr: No matching device state for posture: 0
03-04 02:00:00.359  1271  1283 E DSRotLockSettingsMngr: No matching device state for posture: 2
03-04 02:00:00.373  1271  1283 E DSRotLockSettingsMngr: No matching device state for posture: 1
03-04 02:00:00.453  1271  1283 E ScreenResolutionController: No support
03-04 02:00:00.648   721  1068 E JobScheduler.JobStatus: App com.google.android.inputmethod.latin became active but still in NEVER bucket
03-04 02:00:00.700     0     0 E libprocessgroup: Failed to write 1 to /sys/fs/cgroup/system/uid_1000/pid_2204/cgroup.kill: No such file or directory
03-04 02:00:00.703     0     0 E libprocessgroup: Failed to open /sys/fs/cgroup/system/uid_1000/pid_2204/cgroup.procs: No such file or directory
03-04 02:00:00.938   721   871 E WifiDataStall: onDataConnectionStateChanged unexpected State: -1
03-04 02:00:00.946   721   871 E MboOceController: onDataConnectionStateChanged unexpected State: -1
03-04 02:00:01.109  1545  2056 E ashmem  : Pinning is deprecated since Android Q. Please use trim or other methods.
03-04 02:00:01.141  1129  1309 E SatelliteController: registerForSatelliteCommunicationAccessStateChanged: SatelliteManager is null
03-04 02:00:01.141   970   970 E BatteryInfoBroadcast: failed to register observer for remaining time
03-04 02:00:01.141   970   970 E BatteryInfoBroadcast: java.lang.SecurityException: Failed to find provider com.google.android.apps.turbo.estimated_time_remaining for user 0; expected to find a valid ContentProvider for this authority
03-04 02:00:01.141   970   970 E BatteryInfoBroadcast: 	at android.os.Parcel.createExceptionOrNull(Parcel.java:3340)
03-04 02:00:01.141   970   970 E BatteryInfoBroadcast: 	at android.os.Parcel.createException(Parcel.java:3324)
03-04 02:00:01.141   970   970 E BatteryInfoBroadcast: 	at android.os.Parcel.readException(Parcel.java:3307)
03-04 02:00:01.141   970   970 E BatteryInfoBroadcast: 	at android.os.Parcel.readException(Parcel.java:3249)
03-04 02:00:01.141   970   970 E BatteryInfoBroadcast: 	at android.content.IContentService$Stub$Proxy.registerContentObserver(IContentService.java:1044)
03-04 02:00:01.141   970   970 E BatteryInfoBroadcast: 	at android.content.ContentResolver.registerContentObserver(ContentResolver.java:2730)
03-04 02:00:01.141   970   970 E BatteryInfoBroadcast: 	at com.google.android.systemui.power.BatteryInfoBroadcast.registerObserver(go/retraceme 5ef7505f3172d45c77e95a8eba788f1ba3487bafbb4dd5bf3a1ad9be0371fc04:9)
03-04 02:00:01.141   970   970 E BatteryInfoBroadcast: 	at com.google.android.systemui.power.BatteryInfoBroadcast.<init>(go/retraceme 5ef7505f3172d45c77e95a8eba788f1ba3487bafbb4dd5bf3a1ad9be0371fc04:160)
03-04 02:00:01.141   970   970 E BatteryInfoBroadcast: 	at com.google.android.systemui.power.PowerNotificationWarningsGoogleImpl$$ExternalSyntheticLambda0.run(go/retraceme 5ef7505f3172d45c77e95a8eba788f1ba3487bafbb4dd5bf3a1ad9be0371fc04:19)
03-04 02:00:01.141   970   970 E BatteryInfoBroadcast: 	at android.os.Handler.handleCallback(Handler.java:995)
03-04 02:00:01.141   970   970 E BatteryInfoBroadcast: 	at android.os.Handler.dispatchMessage(Handler.java:103)
03-04 02:00:01.141   970   970 E BatteryInfoBroadcast: 	at android.os.Looper.loopOnce(Looper.java:248)
03-04 02:00:01.141   970   970 E BatteryInfoBroadcast: 	at android.os.Looper.loop(Looper.java:338)
03-04 02:00:01.141   970   970 E BatteryInfoBroadcast: 	at android.app.ActivityThread.main(ActivityThread.java:9067)
03-04 02:00:01.141   970   970 E BatteryInfoBroadcast: 	at java.lang.reflect.Method.invoke(Native Method)
03-04 02:00:01.141   970   970 E BatteryInfoBroadcast: 	at com.android.internal.os.RuntimeInit$MethodAndArgsCaller.run(RuntimeInit.java:593)
03-04 02:00:01.141   970   970 E BatteryInfoBroadcast: 	at com.android.internal.os.ZygoteInit.main(ZygoteInit.java:932)
03-04 02:00:01.141   970   970 E BatteryInfoBroadcast: Caused by: android.os.RemoteException: Remote stack trace:
03-04 02:00:01.141   970   970 E BatteryInfoBroadcast: 	at com.android.server.content.ContentService.registerContentObserver(ContentService.java:382)
03-04 02:00:01.141   970   970 E BatteryInfoBroadcast: 	at android.content.IContentService$Stub.onTransact(IContentService.java:498)
03-04 02:00:01.141   970   970 E BatteryInfoBroadcast: 	at android.os.Binder.execTransactInternal(Binder.java:1426)
03-04 02:00:01.141   970   970 E BatteryInfoBroadcast: 	at android.os.Binder.execTransact(Binder.java:1365)
03-04 02:00:01.141   970   970 E BatteryInfoBroadcast: 
03-04 02:00:01.308  1494  2057 E ashmem  : Pinning is deprecated since Android Q. Please use trim or other methods.
03-04 02:00:01.887  1271  1876 E ScreenResolutionController: No support
03-04 02:00:02.002   721   871 E WifiStaIfaceAidlImpl: setDtimMultiplier failed with service-specific exception: android.os.ServiceSpecificException:  (code 4)
03-04 02:00:02.094  1955  2106 E cr_VariationsSessionInt: Timeout while querying Phenotype experiments
03-04 02:00:02.154   484   519 E netd    : Error adding route ::/0 -> fe80::2 wlan0 to table 1016: File exists
03-04 02:00:02.202  1129  1129 E SatelliteController: registerForSatelliteModemStateChanged: mSatelliteSessionController is not initialized yet
03-04 02:00:02.401  1065  1108 E SystemServiceRegistry: No service published for: ethernet
03-04 02:00:02.401  1065  1108 E SystemServiceRegistry: android.os.ServiceManager$ServiceNotFoundException: No service published for: ethernet
03-04 02:00:02.401  1065  1108 E SystemServiceRegistry: 	at android.os.ServiceManager.getServiceOrThrow(ServiceManager.java:203)
03-04 02:00:02.401  1065  1108 E SystemServiceRegistry: 	at android.app.SystemServiceRegistry$149.createService(SystemServiceRegistry.java:2232)
03-04 02:00:02.401  1065  1108 E SystemServiceRegistry: 	at android.app.SystemServiceRegistry$CachedServiceFetcher.getService(SystemServiceRegistry.java:2343)
03-04 02:00:02.401  1065  1108 E SystemServiceRegistry: 	at android.app.SystemServiceRegistry.getSystemService(SystemServiceRegistry.java:1918)
03-04 02:00:02.401  1065  1108 E SystemServiceRegistry: 	at android.app.ContextImpl.getSystemService(ContextImpl.java:2315)
03-04 02:00:02.401  1065  1108 E SystemServiceRegistry: 	at android.content.ContextWrapper.getSystemService(ContextWrapper.java:964)
03-04 02:00:02.401  1065  1108 E SystemServiceRegistry: 	at com.android.networkstack.tethering.Tethering.isEthernetSupported(Tethering.java:1862)
03-04 02:00:02.401  1065  1108 E SystemServiceRegistry: 	at com.android.networkstack.tethering.Tethering.makeSupportedDownstreams(Tethering.java:2843)
03-04 02:00:02.401  1065  1108 E SystemServiceRegistry: 	at com.android.networkstack.tethering.Tethering.updateSupportedDownstreams(Tethering.java:2817)
03-04 02:00:02.401  1065  1108 E SystemServiceRegistry: 	at com.android.networkstack.tethering.Tethering.updateConfiguration(Tethering.java:564)
03-04 02:00:02.401  1065  1108 E SystemServiceRegistry: 	at com.android.networkstack.tethering.Tethering.-$$Nest$mupdateConfiguration(Tethering.java:0)
03-04 02:00:02.401  1065  1108 E SystemServiceRegistry: 	at com.android.networkstack.tethering.Tethering$StateReceiver.onReceive(Tethering.java:1396)
03-04 02:00:02.401  1065  1108 E SystemServiceRegistry: 	at android.app.LoadedApk$ReceiverDispatcher$Args.lambda$getRunnable$0(LoadedApk.java:1839)
03-04 02:00:02.401  1065  1108 E SystemServiceRegistry: 	at android.app.LoadedApk$ReceiverDispatcher$Args.$r8$lambda$mcNAAl1SQ4MyJPyDg8TJ2x2h0Rk(Unknown Source:0)
03-04 02:00:02.401  1065  1108 E SystemServiceRegistry: 	at android.app.LoadedApk$ReceiverDispatcher$Args$$ExternalSyntheticLambda0.run(D8$$SyntheticClass:0)
03-04 02:00:02.401  1065  1108 E SystemServiceRegistry: 	at android.os.Handler.handleCallback(Handler.java:995)
03-04 02:00:02.401  1065  1108 E SystemServiceRegistry: 	at android.os.Handler.dispatchMessage(Handler.java:103)
03-04 02:00:02.401  1065  1108 E SystemServiceRegistry: 	at android.os.Looper.loopOnce(Looper.java:248)
03-04 02:00:02.401  1065  1108 E SystemServiceRegistry: 	at android.os.Looper.loop(Looper.java:338)
03-04 02:00:02.401  1065  1108 E SystemServiceRegistry: 	at android.os.HandlerThread.run(HandlerThread.java:85)
03-04 02:00:04.985   970   970 E PhoneStatusBarView: mHasCornerCutoutFetcher unexpectedly null
03-04 02:00:04.985   970   970 E PhoneStatusBarView: mInsetsFetcher unexpectedly null
03-04 02:00:05.226  2289  2289 E ashmem  : Pinning is deprecated since Android Q. Please use trim or other methods.
03-04 02:00:05.277  1271  1876 E HardwareInfoFeatureProviderImpl: Could not parse manufactured year from serial.
03-04 02:00:05.277  1271  1876 E HardwareInfoFeatureProviderImpl: java.lang.NumberFormatException: For input string: "E"
03-04 02:00:05.277  1271  1876 E HardwareInfoFeatureProviderImpl: 	at java.lang.Integer.parseInt(Integer.java:781)
03-04 02:00:05.277  1271  1876 E HardwareInfoFeatureProviderImpl: 	at java.lang.Integer.valueOf(Integer.java:1108)
03-04 02:00:05.277  1271  1876 E HardwareInfoFeatureProviderImpl: 	at com.google.android.settings.hardwareinfo.HardwareInfoFeatureProviderGoogleImpl.getManufacturedYear(HardwareInfoFeatureProviderGoogleImpl.kt:24)
03-04 02:00:05.277  1271  1876 E HardwareInfoFeatureProviderImpl: 	at com.android.settings.deviceinfo.hardwareinfo.ManufacturedYearPreferenceController.<init>(ManufacturedYearPreferenceController.kt:26)
03-04 02:00:05.277  1271  1876 E HardwareInfoFeatureProviderImpl: 	at java.lang.reflect.Constructor.newInstance0(Native Method)
03-04 02:00:05.277  1271  1876 E HardwareInfoFeatureProviderImpl: 	at java.lang.reflect.Constructor.newInstance(Constructor.java:343)
03-04 02:00:05.277  1271  1876 E HardwareInfoFeatureProviderImpl: 	at com.android.settings.core.BasePreferenceController.createInstance(BasePreferenceController.java:190)
03-04 02:00:05.277  1271  1876 E HardwareInfoFeatureProviderImpl: 	at com.android.settings.core.PreferenceControllerListHelper.getPreferenceControllersFromXml(PreferenceControllerListHelper.java:86)
03-04 02:00:05.277  1271  1876 E HardwareInfoFeatureProviderImpl: 	at com.android.settings.search.BaseSearchIndexProvider.getPreferenceControllers(BaseSearchIndexProvider.java:195)
03-04 02:00:05.277  1271  1876 E HardwareInfoFeatureProviderImpl: 	at com.android.settings.search.BaseSearchIndexProvider.updateNonIndexableKeysFromControllers(BaseSearchIndexProvider.java:142)
03-04 02:00:05.277  1271  1876 E HardwareInfoFeatureProviderImpl: 	at com.android.settings.search.BaseSearchIndexProvider.getNonIndexableKeys(BaseSearchIndexProvider.java:136)
03-04 02:00:05.277  1271  1876 E HardwareInfoFeatureProviderImpl: 	at com.android.settings.search.SettingsSearchIndexablesProvider.getNonIndexableKeysFromProvider(SettingsSearchIndexablesProvider.java:285)
03-04 02:00:05.277  1271  1876 E HardwareInfoFeatureProviderImpl: 	at com.android.settings.search.SettingsSearchIndexablesProvider.queryNonIndexableKeys(SettingsSearchIndexablesProvider.java:158)
03-04 02:00:05.277  1271  1876 E HardwareInfoFeatureProviderImpl: 	at android.provider.SearchIndexablesProvider.query(SearchIndexablesProvider.java:127)
03-04 02:00:05.277  1271  1876 E HardwareInfoFeatureProviderImpl: 	at android.content.ContentProvider.query(ContentProvider.java:1625)
03-04 02:00:05.277  1271  1876 E HardwareInfoFeatureProviderImpl: 	at android.content.ContentProvider.query(ContentProvider.java:1721)
03-04 02:00:05.277  1271  1876 E HardwareInfoFeatureProviderImpl: 	at android.content.ContentProvider$Transport.query(ContentProvider.java:296)
03-04 02:00:05.277  1271  1876 E HardwareInfoFeatureProviderImpl: 	at android.content.ContentProviderNative.onTransact(ContentProviderNative.java:107)
03-04 02:00:05.277  1271  1876 E HardwareInfoFeatureProviderImpl: 	at android.os.Binder.execTransactInternal(Binder.java:1421)
03-04 02:00:05.277  1271  1876 E HardwareInfoFeatureProviderImpl: 	at android.os.Binder.execTransact(Binder.java:1365)
03-04 02:00:05.557  1271  1876 E ScreenResolutionController: No support
03-04 02:00:06.942   484   507 E NetlinkEvent: NetlinkEvent::FindParam(): Parameter 'INTERFACE' not found
03-04 02:00:06.943   484   507 E NetlinkEvent: NetlinkEvent::FindParam(): Parameter 'STATE' not found
03-04 02:00:06.943   484   507 E NetlinkEvent: NetlinkEvent::FindParam(): Parameter 'TIME_NS' not found
03-04 02:00:06.943   484   507 E NetlinkEvent: NetlinkEvent::FindParam(): Parameter 'UID' not found
03-04 02:00:07.198   721   871 E WifiStaIfaceAidlImpl: setRoamingMode failed with service-specific exception: android.os.ServiceSpecificException:  (code 4)
03-04 02:00:07.213   721   871 E WifiRoamingModeManager: Failed to set roaming mode due to unknown error.
03-04 02:00:07.311   721   871 E WifiStaIfaceAidlImpl: stopRssiMonitoring failed with service-specific exception: android.os.ServiceSpecificException:  (code 5)
03-04 02:00:08.265   721  1067 E JobScheduler.JobStatus: App com.google.android.inputmethod.latin became active but still in NEVER bucket
03-04 02:00:08.416   721  2010 E JobScheduler.JobStatus: App com.google.android.inputmethod.latin became active but still in NEVER bucket
03-04 02:00:08.723   721   761 E PackageManager: Optimistic bind failed.
03-04 02:00:08.723   721   761 E PackageManager: java.util.concurrent.TimeoutException: [Optimistic Bind] Didn't bind to resolver in time!
03-04 02:00:08.723   721   761 E PackageManager: 	at com.android.server.pm.InstantAppResolverConnection.waitForBindLocked(InstantAppResolverConnection.java:160)
03-04 02:00:08.723   721   761 E PackageManager: 	at com.android.server.pm.InstantAppResolverConnection.bind(InstantAppResolverConnection.java:230)
03-04 02:00:08.723   721   761 E PackageManager: 	at com.android.server.pm.InstantAppResolverConnection.lambda$optimisticBind$0(InstantAppResolverConnection.java:260)
03-04 02:00:08.723   721   761 E PackageManager: 	at com.android.server.pm.InstantAppResolverConnection.$r8$lambda$66W2s2mMKe4pk_xXCScH9RCqav8(InstantAppResolverConnection.java:0)
03-04 02:00:08.723   721   761 E PackageManager: 	at com.android.server.pm.InstantAppResolverConnection$$ExternalSyntheticLambda0.run(R8$$SyntheticClass:0)
03-04 02:00:08.723   721   761 E PackageManager: 	at android.os.Handler.handleCallback(Handler.java:995)
03-04 02:00:08.723   721   761 E PackageManager: 	at android.os.Handler.dispatchMessage(Handler.java:103)
03-04 02:00:08.723   721   761 E PackageManager: 	at android.os.Looper.loopOnce(Looper.java:248)
03-04 02:00:08.723   721   761 E PackageManager: 	at android.os.Looper.loop(Looper.java:338)
03-04 02:00:08.723   721   761 E PackageManager: 	at android.os.HandlerThread.run(HandlerThread.java:85)
03-04 02:00:09.078  1129  1309 E SatelliteController: registerForSatelliteCommunicationAccessStateChanged: SatelliteManager is null
03-04 02:00:09.745  1355  1355 E .gms.persistent: hiddenapi: Accessing hidden method Landroid/net/ConnectivityManager;->isNetworkTypeMobile(I)Z (runtime_flags=0, domain=platform, api=max-target-p) from Lbqlr; (domain=app) using reflection: denied
03-04 02:00:09.747  1355  1355 E .gms.persistent: hiddenapi: Accessing hidden method Landroid/os/PowerManager;->isLightDeviceIdleMode()Z (runtime_flags=0, domain=platform, api=max-target-s) from Lbqlr; (domain=app) using reflection: denied
03-04 02:00:10.289   721  2012 E JobScheduler.JobStatus: App com.google.android.inputmethod.latin became active but still in NEVER bucket
03-04 02:00:11.080  2489  2489 E .apps.safetyhub: Not starting debugger since process cannot load the jdwp agent.
03-04 02:00:11.338   721  2012 E JobScheduler.JobStatus: App com.google.android.inputmethod.latin became active but still in NEVER bucket
03-04 02:00:11.840  1129  1129 E SmsApplication: com.google.android.apps.messaging lost android:read_cell_broadcasts:  (fixing)
03-04 02:00:12.481  1129  1129 E SmsApplication: com.google.android.apps.messaging lost android:read_cell_broadcasts:  (fixing)
03-04 02:00:12.626  1355  1471 E CCTFlatFileLogStore: Failed to get boot count.
03-04 02:00:12.626  1355  1471 E CCTFlatFileLogStore: java.util.concurrent.TimeoutException: Timed out waiting for Task
03-04 02:00:12.626  1355  1471 E CCTFlatFileLogStore: 	at eque.o(:com.google.android.gms@252635038@25.26.35 (260800-783060121):53)
03-04 02:00:12.626  1355  1471 E CCTFlatFileLogStore: 	at axkm.B(:com.google.android.gms@252635038@25.26.35 (260800-783060121):21)
03-04 02:00:12.626  1355  1471 E CCTFlatFileLogStore: 	at axgn.run(:com.google.android.gms@252635038@25.26.35 (260800-783060121):13)
03-04 02:00:12.626  1355  1471 E CCTFlatFileLogStore: 	at azpj.c(:com.google.android.gms@252635038@25.26.35 (260800-783060121):50)
03-04 02:00:12.626  1355  1471 E CCTFlatFileLogStore: 	at azpj.run(:com.google.android.gms@252635038@25.26.35 (260800-783060121):89)
03-04 02:00:12.626  1355  1471 E CCTFlatFileLogStore: 	at java.util.concurrent.ThreadPoolExecutor.runWorker(ThreadPoolExecutor.java:1156)
03-04 02:00:12.626  1355  1471 E CCTFlatFileLogStore: 	at java.util.concurrent.ThreadPoolExecutor$Worker.run(ThreadPoolExecutor.java:651)
03-04 02:00:12.626  1355  1471 E CCTFlatFileLogStore: 	at azva.run(:com.google.android.gms@252635038@25.26.35 (260800-783060121):8)
03-04 02:00:12.626  1355  1471 E CCTFlatFileLogStore: 	at java.lang.Thread.run(Thread.java:1119)
03-04 02:00:12.974   721   813 E JobScheduler.Quota: <0>com.google.android.dialer has 0 EJ quota without running anything
03-04 02:00:12.977   721   753 E Parcel  : Reading a NULL string not supported here.
03-04 02:00:12.992   721   813 E JobScheduler.Quota: <0>com.google.android.dialer has 0 EJ quota without running anything
03-04 02:00:13.012   721   813 E JobScheduler.Quota: <0>com.google.android.dialer has 0 EJ quota without running anything
03-04 02:00:13.053   721   753 E ARProxy : Unknown descriptor: 
03-04 02:00:13.329  1473  2232 E AiAiEcho: Reading elements from Geller failed with cause
03-04 02:00:13.329  1473  2232 E AiAiEcho: ilw: Code: UNKNOWN, Message: Geller data fetch is not enabled
03-04 02:00:13.329  1473  2232 E AiAiEcho: 	at imn.a(PG:17)
03-04 02:00:13.329  1473  2232 E AiAiEcho: 	at lhh.b(PG:20)
03-04 02:00:13.329  1473  2232 E AiAiEcho: 	at abge.g(PG:11)
03-04 02:00:13.329  1473  2232 E AiAiEcho: 	at kotlinx.coroutines.DispatchedTask.run(PG:112)
03-04 02:00:13.329  1473  2232 E AiAiEcho: 	at java.util.concurrent.Executors$RunnableAdapter.call(Executors.java:524)
03-04 02:00:13.329  1473  2232 E AiAiEcho: 	at xjo.a(PG:3)
03-04 02:00:13.329  1473  2232 E AiAiEcho: 	at xir.run(PG:19)
03-04 02:00:13.329  1473  2232 E AiAiEcho: 	at xjp.run(PG:5)
03-04 02:00:13.329  1473  2232 E AiAiEcho: 	at java.util.concurrent.Executors$RunnableAdapter.call(Executors.java:524)
03-04 02:00:13.329  1473  2232 E AiAiEcho: 	at java.util.concurrent.FutureTask.run(FutureTask.java:317)
03-04 02:00:13.329  1473  2232 E AiAiEcho: 	at java.util.concurrent.ScheduledThreadPoolExecutor$ScheduledFutureTask.run(ScheduledThreadPoolExecutor.java:348)
03-04 02:00:13.329  1473  2232 E AiAiEcho: 	at java.util.concurrent.ThreadPoolExecutor.runWorker(ThreadPoolExecutor.java:1156)
03-04 02:00:13.329  1473  2232 E AiAiEcho: 	at java.util.concurrent.ThreadPoolExecutor$Worker.run(ThreadPoolExecutor.java:651)
03-04 02:00:13.329  1473  2232 E AiAiEcho: 	at hxw.run(PG:221)
03-04 02:00:13.329  1473  2232 E AiAiEcho: 	at java.lang.Thread.run(Thread.java:1119)
03-04 02:00:13.664  1129  1129 E SmsApplication: com.google.android.apps.messaging lost android:read_cell_broadcasts:  (fixing)
03-04 02:00:14.012  2529  2529 E ashmem  : Pinning is deprecated since Android Q. Please use trim or other methods.
03-04 02:00:14.562  1129  1129 E SmsApplication: com.google.android.apps.messaging lost android:read_cell_broadcasts:  (fixing)
03-04 02:00:14.926  2353  2517 E ashmem  : Pinning is deprecated since Android Q. Please use trim or other methods.
03-04 02:00:14.985  1129  1129 E SatelliteController: registerForSatelliteModemStateChanged: mSatelliteSessionController is not initialized yet
03-04 02:00:15.678   721  1648 E WifiService: Attempt to retrieve passpoint with invalid scanResult List
03-04 02:00:15.804  1129  1129 E TelephonyProvider: internal sim-specific settings backup data file does not exist. Aborting restore
03-04 02:00:16.062  1271  1271 E SmsApplication: com.google.android.apps.messaging lost android:read_cell_broadcasts:  (fixing)
03-04 02:00:16.120   970  1081 E ServiceManager: error in isDeclared
03-04 02:00:16.120   970  1081 E ServiceManager: java.lang.SecurityException: SELinux denied for service.
03-04 02:00:16.120   970  1081 E ServiceManager: 	at android.os.Parcel.createExceptionOrNull(Parcel.java:3340)
03-04 02:00:16.120   970  1081 E ServiceManager: 	at android.os.Parcel.createException(Parcel.java:3324)
03-04 02:00:16.120   970  1081 E ServiceManager: 	at android.os.Parcel.readException(Parcel.java:3307)
03-04 02:00:16.120   970  1081 E ServiceManager: 	at android.os.Parcel.readException(Parcel.java:3249)
03-04 02:00:16.120   970  1081 E ServiceManager: 	at android.os.IServiceManager$Stub$Proxy.isDeclared(IServiceManager.java:656)
03-04 02:00:16.120   970  1081 E ServiceManager: 	at android.os.ServiceManagerProxy.isDeclared(ServiceManagerNative.java:104)
03-04 02:00:16.120   970  1081 E ServiceManager: 	at android.os.ServiceManager.isDeclared(ServiceManager.java:297)
03-04 02:00:16.120   970  1081 E ServiceManager: 	at android.os.ServiceManager.waitForDeclaredService(ServiceManager.java:353)
03-04 02:00:16.120   970  1081 E ServiceManager: 	at com.google.android.systemui.googlebattery.GoogleBatteryManager.initHalInterface(go/retraceme 5ef7505f3172d45c77e95a8eba788f1ba3487bafbb4dd5bf3a1ad9be0371fc04:16)
