03-04 01:59:13.699   721   818 E NativeTombstoneManager: Tombstone's UID (1002) not an app, ignoring
03-04 01:59:13.706   721   818 E NativeTombstoneManager: Tombstone's UID (1002) not an app, ignoring
03-04 01:59:13.781   721   818 E NativeTombstoneManager: Tombstone's UID (1002) not an app, ignoring
03-04 01:59:13.783   721   818 E NativeTombstoneManager: Tombstone's UID (1002) not an app, ignoring
03-04 01:59:13.825   721   818 E NativeTombstoneManager: Tombstone's UID (0) not an app, ignoring
03-04 01:59:13.857   721   818 E NativeTombstoneManager: Tombstone's UID (0) not an app, ignoring
03-04 01:59:14.213   721   984 E MediaCodec: Media Quality Service not found.
03-04 01:59:14.175     0     0 E servicemanager: VINTF HALs require names in the format type/instance (e.g. some.package.foo.IFoo/default) but got: media_quality
03-04 01:59:14.231   721   989 E system_server: Failed to query component interface for required system resources: 6
03-04 01:59:14.249   721   983 E MediaCodec: Media Quality Service not found.
03-04 01:59:14.215     0     0 E servicemanager: VINTF HALs require names in the format type/instance (e.g. some.package.foo.IFoo/default) but got: media_quality
03-04 01:59:14.255   721   820 E AppOps  : Bad call made by uid 1000. Package "android" does not belong to uid 1037.
03-04 01:59:14.262   721   820 E AppOps  : Cannot getAppOpMode: non-application UID 1037
03-04 01:59:14.270   659   709 E Codec2-ComponentInterface: We have a failed config
03-04 01:59:14.271   721   988 E system_server: Failed to query component interface for required system resources: 6
03-04 01:59:14.309   721   818 E NativeTombstoneManager: Tombstone's UID (1002) not an app, ignoring
03-04 01:59:14.310   659   711 E Codec2-ComponentInterface: We have a failed config
03-04 01:59:14.315   721   818 E NativeTombstoneManager: Tombstone's UID (1002) not an app, ignoring
03-04 01:59:14.337   721   818 E NativeTombstoneManager: Tombstone's UID (1002) not an app, ignoring
03-04 01:59:14.338   721   818 E NativeTombstoneManager: Tombstone's UID (1002) not an app, ignoring
03-04 01:59:14.363   721   818 E NativeTombstoneManager: Tombstone's UID (1002) not an app, ignoring
03-04 01:59:14.365   721   818 E NativeTombstoneManager: Tombstone's UID (1002) not an app, ignoring
03-04 01:59:14.397   999   999 E WebViewLoader-x: Not starting debugger since process cannot load the jdwp agent.
03-04 01:59:14.457   721   818 E NativeTombstoneManager: Tombstone's UID (1002) not an app, ignoring
03-04 01:59:14.514   721   818 E NativeTombstoneManager: Tombstone's UID (1002) not an app, ignoring
03-04 01:59:14.604   721   818 E NativeTombstoneManager: Tombstone's UID (1002) not an app, ignoring
03-04 01:59:14.638   721   818 E NativeTombstoneManager: Tombstone's UID (1002) not an app, ignoring
03-04 01:59:14.693   721   818 E NativeTombstoneManager: Tombstone's UID (1002) not an app, ignoring
03-04 01:59:14.698   721   818 E NativeTombstoneManager: Tombstone's UID (1002) not an app, ignoring
03-04 01:59:14.712   721   983 E MediaCodec: Media Quality Service not found.
03-04 01:59:14.676     0     0 E servicemanager: VINTF HALs require names in the format type/instance (e.g. some.package.foo.IFoo/default) but got: media_quality
03-04 01:59:14.688     0     0 E servicemanager: VINTF HALs require names in the format type/instance (e.g. some.package.foo.IFoo/default) but got: media_quality
03-04 01:59:14.723   721   984 E MediaCodec: Media Quality Service not found.
03-04 01:59:14.744   721   818 E NativeTombstoneManager: Tombstone's UID (1002) not an app, ignoring
03-04 01:59:14.751   721   818 E NativeTombstoneManager: Tombstone's UID (1002) not an app, ignoring
03-04 01:59:14.754   721  1015 E system_server: Failed to query component interface for required system resources: 6
03-04 01:59:14.775   721  1016 E system_server: Failed to query component interface for required system resources: 6
03-04 01:59:14.775   721   818 E NativeTombstoneManager: Tombstone's UID (1002) not an app, ignoring
03-04 01:59:14.790   659   709 E Codec2-ComponentInterface: We have a failed config
03-04 01:59:14.793   659  1019 E Codec2-ComponentInterface: We have a failed config
03-04 01:59:14.798   721   818 E NativeTombstoneManager: Tombstone's UID (1002) not an app, ignoring
03-04 01:59:14.820   721   818 E NativeTombstoneManager: Tombstone's UID (1002) not an app, ignoring
03-04 01:59:14.822   721   818 E NativeTombstoneManager: Tombstone's UID (1002) not an app, ignoring
03-04 01:59:14.845   721   818 E NativeTombstoneManager: Tombstone's UID (1002) not an app, ignoring
03-04 01:59:14.848   721   818 E NativeTombstoneManager: Tombstone's UID (1002) not an app, ignoring
03-04 01:59:14.863   721   818 E NativeTombstoneManager: Tombstone's UID (1002) not an app, ignoring
03-04 01:59:14.865   721   818 E NativeTombstoneManager: Tombstone's UID (1002) not an app, ignoring
03-04 01:59:15.060   970   970 E ashmem  : Pinning is deprecated since Android Q. Please use trim or other methods.
03-04 01:59:15.184   721   721 E LocationManagerService: no population density provider found
03-04 01:59:15.185   721   721 E ActivityRecognitionHardware: activity_recognition HAL is deprecated. is_supported is effectively a no-op
03-04 01:59:15.178     0     0 E servicemanager: VINTF HALs require names in the format type/instance (e.g. some.package.foo.IFoo/default) but got: media_quality
03-04 01:59:15.219   721   984 E MediaCodec: Media Quality Service not found.
03-04 01:59:15.254   721  1030 E system_server: Failed to query component interface for required system resources: 6
03-04 01:59:15.268   659  1020 E Codec2-ComponentInterface: We have a failed config
03-04 01:59:15.376   721   983 E MediaCodec: Media Quality Service not found.
03-04 01:59:15.344     0     0 E servicemanager: VINTF HALs require names in the format type/instance (e.g. some.package.foo.IFoo/default) but got: media_quality
03-04 01:59:15.432   721  1043 E system_server: Failed to query component interface for required system resources: 6
03-04 01:59:15.491   659  1019 E Codec2-ComponentInterface: We have a failed config
03-04 01:59:15.785  1065  1065 E rkstack.process: Not starting debugger since process cannot load the jdwp agent.
03-04 01:59:15.856   721   772 E BluetoothPowerStatsCollector: Cannot acquire BluetoothActivityEnergyInfo
03-04 01:59:15.856   721   772 E BluetoothPowerStatsCollector: java.util.concurrent.ExecutionException: java.lang.RuntimeException: error: 9
03-04 01:59:15.856   721   772 E BluetoothPowerStatsCollector: 	at java.util.concurrent.CompletableFuture.reportGet(CompletableFuture.java:372)
03-04 01:59:15.856   721   772 E BluetoothPowerStatsCollector: 	at java.util.concurrent.CompletableFuture.get(CompletableFuture.java:2072)
03-04 01:59:15.856   721   772 E BluetoothPowerStatsCollector: 	at com.android.server.power.stats.BluetoothPowerStatsCollector.collectBluetoothActivityInfo(BluetoothPowerStatsCollector.java:192)
03-04 01:59:15.856   721   772 E BluetoothPowerStatsCollector: 	at com.android.server.power.stats.BluetoothPowerStatsCollector.collectStats(BluetoothPowerStatsCollector.java:155)
03-04 01:59:15.856   721   772 E BluetoothPowerStatsCollector: 	at com.android.server.power.stats.PowerStatsCollector.collectAndDeliverStats(PowerStatsCollector.java:176)
03-04 01:59:15.856   721   772 E BluetoothPowerStatsCollector: 	at com.android.server.power.stats.PowerStatsCollector$$ExternalSyntheticLambda0.run(R8$$SyntheticClass:0)
03-04 01:59:15.856   721   772 E BluetoothPowerStatsCollector: 	at android.os.Handler.handleCallback(Handler.java:995)
03-04 01:59:15.856   721   772 E BluetoothPowerStatsCollector: 	at android.os.Handler.dispatchMessage(Handler.java:103)
03-04 01:59:15.856   721   772 E BluetoothPowerStatsCollector: 	at android.os.Looper.loopOnce(Looper.java:248)
03-04 01:59:15.856   721   772 E BluetoothPowerStatsCollector: 	at android.os.Looper.loop(Looper.java:338)
03-04 01:59:15.856   721   772 E BluetoothPowerStatsCollector: 	at android.os.HandlerThread.run(HandlerThread.java:85)
03-04 01:59:15.856   721   772 E BluetoothPowerStatsCollector: Caused by: java.lang.RuntimeException: error: 9
03-04 01:59:15.856   721   772 E BluetoothPowerStatsCollector: 	at com.android.server.power.stats.BluetoothPowerStatsCollector$1.onBluetoothActivityEnergyInfoError(BluetoothPowerStatsCollector.java:181)
03-04 01:59:15.856   721   772 E BluetoothPowerStatsCollector: 	at android.bluetooth.BluetoothAdapter$OnBluetoothActivityEnergyInfoProxy.lambda$onError$2(BluetoothAdapter.java:1059)
03-04 01:59:15.856   721   772 E BluetoothPowerStatsCollector: 	at android.bluetooth.BluetoothAdapter$OnBluetoothActivityEnergyInfoProxy$$ExternalSyntheticLambda0.run(D8$$SyntheticClass:0)
03-04 01:59:15.856   721   772 E BluetoothPowerStatsCollector: 	at android.bluetooth.BluetoothUtils.lambda$executeFromBinder$0(BluetoothUtils.java:343)
03-04 01:59:15.856   721   772 E BluetoothPowerStatsCollector: 	at android.bluetooth.BluetoothUtils$$ExternalSyntheticLambda1.run(D8$$SyntheticClass:0)
03-04 01:59:15.856   721   772 E BluetoothPowerStatsCollector: 	at com.android.server.SystemServerInitThreadPool$$ExternalSyntheticLambda0.execute(R8$$SyntheticClass:0)
03-04 01:59:15.856   721   772 E BluetoothPowerStatsCollector: 	at android.bluetooth.BluetoothUtils.executeFromBinder(BluetoothUtils.java:343)
03-04 01:59:15.856   721   772 E BluetoothPowerStatsCollector: 	at android.bluetooth.BluetoothAdapter$OnBluetoothActivityEnergyInfoProxy.onError(BluetoothAdapter.java:1058)
03-04 01:59:15.856   721   772 E BluetoothPowerStatsCollector: 	at android.bluetooth.BluetoothAdapter.requestControllerActivityEnergyInfo(BluetoothAdapter.java:2694)
03-04 01:59:15.856   721   772 E BluetoothPowerStatsCollector: 	at com.android.server.power.stats.BatteryStatsImpl$BluetoothStatsRetrieverImpl.requestControllerActivityEnergyInfo(BatteryStatsImpl.java:485)
03-04 01:59:15.856   721   772 E BluetoothPowerStatsCollector: 	at com.android.server.power.stats.BluetoothPowerStatsCollector.collectBluetoothActivityInfo(BluetoothPowerStatsCollector.java:170)
03-04 01:59:15.856   721   772 E BluetoothPowerStatsCollector: 	... 8 more
03-04 01:59:15.962   721   761 E CountryDetector: Could not instantiate the custom country detector class
03-04 01:59:16.042   721  1061 E StatsCompanionService: Could not get installer for package: com.google.android.trichromelibrary
03-04 01:59:16.042   721  1061 E StatsCompanionService: android.content.pm.PackageManager$NameNotFoundException: com.google.android.trichromelibrary
03-04 01:59:16.042   721  1061 E StatsCompanionService: 	at android.app.ApplicationPackageManager.getInstallSourceInfo(ApplicationPackageManager.java:2687)
03-04 01:59:16.042   721  1061 E StatsCompanionService: 	at com.android.server.stats.StatsCompanionService.getInstallerPackageName(StatsCompanionService.java:153)
03-04 01:59:16.042   721  1061 E StatsCompanionService: 	at com.android.server.stats.StatsCompanionService.$r8$lambda$MBPStrBhgnmbybdtzkoTAe-YOYw(StatsCompanionService.java:229)
03-04 01:59:16.042   721  1061 E StatsCompanionService: 	at com.android.server.stats.StatsCompanionService$$ExternalSyntheticLambda1.run(R8$$SyntheticClass:0)
03-04 01:59:16.042   721  1061 E StatsCompanionService: 	at android.os.Handler.handleCallback(Handler.java:995)
03-04 01:59:16.042   721  1061 E StatsCompanionService: 	at android.os.Handler.dispatchMessage(Handler.java:103)
03-04 01:59:16.042   721  1061 E StatsCompanionService: 	at android.os.Looper.loopOnce(Looper.java:248)
03-04 01:59:16.042   721  1061 E StatsCompanionService: 	at android.os.Looper.loop(Looper.java:338)
03-04 01:59:16.042   721  1061 E StatsCompanionService: 	at android.os.HandlerThread.run(HandlerThread.java:85)
03-04 01:59:16.236   970   970 E UdfpsOverlayInteractor: invalid pixelPitch: -1.0. Pixel pitch must be updated per device.
03-04 01:59:16.250   970  1024 E ViewRootImpl: SensitiveContentProtectionService shouldn't be null
03-04 01:59:16.253  1065  1065 E ashmem  : Pinning is deprecated since Android Q. Please use trim or other methods.
03-04 01:59:16.445  1098  1098 E droid.bluetooth: Not starting debugger since process cannot load the jdwp agent.
03-04 01:59:16.483   721   746 E TransitionChain: Can't collect into a chain with no transition
03-04 01:59:16.490   721   746 E TransitionChain: Can't collect into a chain with no transition
03-04 01:59:16.701  1065  1065 E SystemServiceRegistry: No service published for: ethernet
03-04 01:59:16.701  1065  1065 E SystemServiceRegistry: android.os.ServiceManager$ServiceNotFoundException: No service published for: ethernet
03-04 01:59:16.701  1065  1065 E SystemServiceRegistry: 	at android.os.ServiceManager.getServiceOrThrow(ServiceManager.java:203)
03-04 01:59:16.701  1065  1065 E SystemServiceRegistry: 	at android.app.SystemServiceRegistry$149.createService(SystemServiceRegistry.java:2232)
03-04 01:59:16.701  1065  1065 E SystemServiceRegistry: 	at android.app.SystemServiceRegistry$CachedServiceFetcher.getService(SystemServiceRegistry.java:2343)
03-04 01:59:16.701  1065  1065 E SystemServiceRegistry: 	at android.app.SystemServiceRegistry.getSystemService(SystemServiceRegistry.java:1918)
03-04 01:59:16.701  1065  1065 E SystemServiceRegistry: 	at android.app.ContextImpl.getSystemService(ContextImpl.java:2315)
03-04 01:59:16.701  1065  1065 E SystemServiceRegistry: 	at android.content.ContextWrapper.getSystemService(ContextWrapper.java:964)
03-04 01:59:16.701  1065  1065 E SystemServiceRegistry: 	at com.android.networkstack.tethering.Tethering.isEthernetSupported(Tethering.java:1862)
03-04 01:59:16.701  1065  1065 E SystemServiceRegistry: 	at com.android.networkstack.tethering.Tethering.makeSupportedDownstreams(Tethering.java:2843)
03-04 01:59:16.701  1065  1065 E SystemServiceRegistry: 	at com.android.networkstack.tethering.Tethering.updateSupportedDownstreams(Tethering.java:2817)
03-04 01:59:16.701  1065  1065 E SystemServiceRegistry: 	at com.android.networkstack.tethering.Tethering.updateConfiguration(Tethering.java:564)
03-04 01:59:16.701  1065  1065 E SystemServiceRegistry: 	at com.android.networkstack.tethering.Tethering.<init>(Tethering.java:374)
03-04 01:59:16.701  1065  1065 E SystemServiceRegistry: 	at com.android.networkstack.tethering.TetheringService.makeTethering(TetheringService.java:95)
03-04 01:59:16.701  1065  1065 E SystemServiceRegistry: 	at com.android.networkstack.tethering.TetheringService.onCreate(TetheringService.java:84)
03-04 01:59:16.701  1065  1065 E SystemServiceRegistry: 	at android.app.ActivityThread.handleCreateService(ActivityThread.java:5282)
03-04 01:59:16.701  1065  1065 E SystemServiceRegistry: 	at android.app.ActivityThread.-$$Nest$mhandleCreateService(Unknown Source:0)
03-04 01:59:16.701  1065  1065 E SystemServiceRegistry: 	at android.app.ActivityThread$H.handleMessage(ActivityThread.java:2597)
03-04 01:59:16.701  1065  1065 E SystemServiceRegistry: 	at android.os.Handler.dispatchMessage(Handler.java:110)
03-04 01:59:16.701  1065  1065 E SystemServiceRegistry: 	at android.os.Looper.loopOnce(Looper.java:248)
03-04 01:59:16.701  1065  1065 E SystemServiceRegistry: 	at android.os.Looper.loop(Looper.java:338)
03-04 01:59:16.701  1065  1065 E SystemServiceRegistry: 	at android.app.ActivityThread.main(ActivityThread.java:9067)
03-04 01:59:16.701  1065  1065 E SystemServiceRegistry: 	at java.lang.reflect.Method.invoke(Native Method)
03-04 01:59:16.701  1065  1065 E SystemServiceRegistry: 	at com.android.internal.os.RuntimeInit$MethodAndArgsCaller.run(RuntimeInit.java:593)
03-04 01:59:16.701  1065  1065 E SystemServiceRegistry: 	at com.android.internal.os.ZygoteInit.main(ZygoteInit.java:932)
03-04 01:59:16.989  1116  1116 E com.android.se: Not starting debugger since process cannot load the jdwp agent.
03-04 01:59:17.188  1129  1129 E m.android.phone: Not starting debugger since process cannot load the jdwp agent.
03-04 01:59:17.238  1133  1133 E s.nexuslauncher: Not starting debugger since process cannot load the jdwp agent.
03-04 01:59:17.540   970  1064 E AppWidgetManager: Notify service of inheritance info
03-04 01:59:17.540   970  1064 E AppWidgetManager: java.lang.IllegalStateException: User 0 must be unlocked for widgets to be available
03-04 01:59:17.540   970  1064 E AppWidgetManager: 	at android.os.Parcel.createExceptionOrNull(Parcel.java:3348)
03-04 01:59:17.540   970  1064 E AppWidgetManager: 	at android.os.Parcel.createException(Parcel.java:3324)
03-04 01:59:17.540   970  1064 E AppWidgetManager: 	at android.os.Parcel.readException(Parcel.java:3307)
03-04 01:59:17.540   970  1064 E AppWidgetManager: 	at android.os.Parcel.readException(Parcel.java:3249)
03-04 01:59:17.540   970  1064 E AppWidgetManager: 	at com.android.internal.appwidget.IAppWidgetService$Stub$Proxy.getInstalledProvidersForProfile(IAppWidgetService.java:1071)
03-04 01:59:17.540   970  1064 E AppWidgetManager: 	at android.appwidget.AppWidgetManager.getInstalledProvidersForProfile(AppWidgetManager.java:1107)
03-04 01:59:17.540   970  1064 E AppWidgetManager: 	at android.appwidget.AppWidgetManager.getInstalledProvidersForPackage(AppWidgetManager.java:1041)
03-04 01:59:17.540   970  1064 E AppWidgetManager: 	at android.appwidget.AppWidgetManager.lambda$new$3(AppWidgetManager.java:639)
03-04 01:59:17.540   970  1064 E AppWidgetManager: 	at android.appwidget.AppWidgetManager.$r8$lambda$WKLPyaeqLNLNb3560d7QJuq2DwQ(Unknown Source:0)
03-04 01:59:17.540   970  1064 E AppWidgetManager: 	at android.appwidget.AppWidgetManager$$ExternalSyntheticLambda7.run(D8$$SyntheticClass:0)
03-04 01:59:17.540   970  1064 E AppWidgetManager: 	at android.os.Handler.handleCallback(Handler.java:995)
03-04 01:59:17.540   970  1064 E AppWidgetManager: 	at android.os.Handler.dispatchMessage(Handler.java:103)
03-04 01:59:17.540   970  1064 E AppWidgetManager: 	at android.os.Looper.loopOnce(Looper.java:248)
03-04 01:59:17.540   970  1064 E AppWidgetManager: 	at android.os.Looper.loop(Looper.java:338)
03-04 01:59:17.540   970  1064 E AppWidgetManager: 	at android.os.HandlerThread.run(HandlerThread.java:85)
03-04 01:59:17.613  1133  1133 E ashmem  : Pinning is deprecated since Android Q. Please use trim or other methods.
03-04 01:59:17.686  1133  1133 E ViewRootImpl: SensitiveContentProtectionService shouldn't be null
03-04 01:59:17.716  1129  1129 E ashmem  : Pinning is deprecated since Android Q. Please use trim or other methods.
03-04 01:59:17.767  1129  1129 E CarrierIdProvider: read carrier list from ota pb failure: java.io.FileNotFoundException: /data/misc/carrierid/carrier_list.pb: open failed: ENOENT (No such file or directory)
03-04 01:59:17.770   721   721 E WiredAccessoryManager: No state change.
03-04 01:59:17.786  1172  1172 E id.ext.services: Not starting debugger since process cannot load the jdwp agent.
03-04 01:59:17.859  1133  1180 E ViewRootImpl: SensitiveContentProtectionService shouldn't be null
03-04 01:59:18.340   560   578 E EGL_emulation: eglQueryContext 3100  EGL_BAD_ATTRIBUTE
03-04 01:59:18.341   560   578 E EGL_emulation: tid 578: eglQueryContext(2159): error 0x3004 (EGL_BAD_ATTRIBUTE)
03-04 01:59:18.577  1098  1098 E ashmem  : Pinning is deprecated since Android Q. Please use trim or other methods.
03-04 01:59:18.713   721   721 E Binder  : Outgoing transactions from this process must be FLAG_ONEWAY
03-04 01:59:18.713   721   721 E Binder  : java.lang.Throwable
03-04 01:59:18.713   721   721 E Binder  : 	at android.os.BinderProxy.transact(BinderProxy.java:549)
03-04 01:59:18.713   721   721 E Binder  : 	at android.bluetooth.IBluetooth$Stub$Proxy.getProfile(IBluetooth.java:4576)
03-04 01:59:18.713   721   721 E Binder  : 	at android.bluetooth.BluetoothAdapter.getProfile(BluetoothAdapter.java:4069)
03-04 01:59:18.713   721   721 E Binder  : 	at android.bluetooth.BluetoothAdapter.getProfileProxy(BluetoothAdapter.java:3476)
03-04 01:59:18.713   721   721 E Binder  : 	at android.bluetooth.BluetoothAdapter.getProfileProxy(BluetoothAdapter.java:3438)
03-04 01:59:18.713   721   721 E Binder  : 	at com.android.server.telecom.bluetooth.BluetoothDeviceManager.<init>(BluetoothDeviceManager.java:337)
03-04 01:59:18.713   721   721 E Binder  : 	at com.android.server.telecom.TelecomSystem.<init>(TelecomSystem.java:266)
03-04 01:59:18.713   721   721 E Binder  : 	at com.android.server.telecom.components.TelecomService.initializeTelecomSystem(TelecomService.java:250)
03-04 01:59:18.713   721   721 E Binder  : 	at com.android.server.telecom.components.TelecomService$1.createTelecomService(TelecomService.java:89)
03-04 01:59:18.713   721   721 E Binder  : 	at com.android.server.telecom.TelecomLoaderService$TelecomServiceConnection.onServiceConnected(TelecomLoaderService.java:69)
03-04 01:59:18.713   721   721 E Binder  : 	at android.app.LoadedApk$ServiceDispatcher.doConnected(LoadedApk.java:2235)
03-04 01:59:18.713   721   721 E Binder  : 	at android.app.LoadedApk$ServiceDispatcher$RunConnection.run(LoadedApk.java:2268)
03-04 01:59:18.713   721   721 E Binder  : 	at android.os.Handler.handleCallback(Handler.java:995)
03-04 01:59:18.713   721   721 E Binder  : 	at android.os.Handler.dispatchMessage(Handler.java:103)
03-04 01:59:18.713   721   721 E Binder  : 	at android.os.Looper.loopOnce(Looper.java:248)
03-04 01:59:18.713   721   721 E Binder  : 	at android.os.Looper.loop(Looper.java:338)
03-04 01:59:18.713   721   721 E Binder  : 	at com.android.server.SystemServer.run(SystemServer.java:1036)
03-04 01:59:18.713   721   721 E Binder  : 	at com.android.server.SystemServer.main(SystemServer.java:689)
03-04 01:59:18.713   721   721 E Binder  : 	at java.lang.reflect.Method.invoke(Native Method)
03-04 01:59:18.713   721   721 E Binder  : 	at com.android.internal.os.RuntimeInit$MethodAndArgsCaller.run(RuntimeInit.java:593)
03-04 01:59:18.713   721   721 E Binder  : 	at com.android.internal.os.ZygoteInit.main(ZygoteInit.java:910)
03-04 01:59:18.739   721   953 E WifiService: Attempt to retrieve passpoint with invalid scanResult List
03-04 01:59:18.887   560   573 E HwcComposer: getDisplayDecorationSupport failed Status(-8, EX_SERVICE_SPECIFIC): '8: '
03-04 01:59:18.888   560   573 E HWComposer: getDisplayDecorationSupport: getDisplayDecorationSupport failed for display 4619827259835644672: UNSUPPORTED (8)
03-04 01:59:18.918   970  1218 E ViewRootImpl: SensitiveContentProtectionService shouldn't be null
03-04 01:59:18.967   721   721 E AppOps  : package com.android.server.telecom.callsequencing.voip not found, can't check for attributionTag null
03-04 01:59:18.967   721   721 E AppOps  : Bad call made by uid 1000. Package "com.android.server.telecom.callsequencing.voip" does not belong to uid 1000.
03-04 01:59:18.970   721   721 E AppOps  : Cannot noteOperation: non-application UID 1000
03-04 01:59:19.014   970  1218 E ViewRootImpl: SensitiveContentProtectionService shouldn't be null
03-04 01:59:19.069   721   721 E ContentSuggestionsPerUserService: Bad service name: com.google.android.as/com.google.android.apps.miphone.aiai.app.AiAiContentSuggestionsService
03-04 01:59:19.194  1228  1228 E oadcastreceiver: Not starting debugger since process cannot load the jdwp agent.
03-04 01:59:19.201  1133  1232 E FileLog : Error writing logs to file
03-04 01:59:19.201  1133  1232 E FileLog : java.io.FileNotFoundException: /data/user/0/com.google.android.apps.nexuslauncher/files/log-3: open failed: ENOENT (No such file or directory)
03-04 01:59:19.201  1133  1232 E FileLog : 	at libcore.io.IoBridge.open(IoBridge.java:574)
03-04 01:59:19.201  1133  1232 E FileLog : 	at java.io.FileOutputStream.<init>(FileOutputStream.java:259)
03-04 01:59:19.201  1133  1232 E FileLog : 	at java.io.FileWriter.<init>(FileWriter.java:113)
03-04 01:59:19.201  1133  1232 E FileLog : 	at com.android.launcher3.logging.FileLog$LogWriterCallback.handleMessage(go/retraceme 43e00d9cd0eb17b3d9dd30fc1741b1c71445c4c0f7c8c9b81300265c86c5b873:168)
03-04 01:59:19.201  1133  1232 E FileLog : 	at android.os.Handler.dispatchMessage(Handler.java:106)
03-04 01:59:19.201  1133  1232 E FileLog : 	at android.os.Looper.loopOnce(Looper.java:248)
03-04 01:59:19.201  1133  1232 E FileLog : 	at android.os.Looper.loop(Looper.java:338)
03-04 01:59:19.201  1133  1232 E FileLog : 	at android.os.HandlerThread.run(HandlerThread.java:85)
03-04 01:59:19.201  1133  1232 E FileLog : Caused by: android.system.ErrnoException: open failed: ENOENT (No such file or directory)
03-04 01:59:19.201  1133  1232 E FileLog : 	at libcore.io.Linux.open(Native Method)
03-04 01:59:19.201  1133  1232 E FileLog : 	at libcore.io.ForwardingOs.open(ForwardingOs.java:568)
03-04 01:59:19.201  1133  1232 E FileLog : 	at libcore.io.BlockGuardOs.open(BlockGuardOs.java:274)
03-04 01:59:19.201  1133  1232 E FileLog : 	at libcore.io.ForwardingOs.open(ForwardingOs.java:568)
03-04 01:59:19.201  1133  1232 E FileLog : 	at android.app.ActivityThread$AndroidOs.open(ActivityThread.java:8953)
03-04 01:59:19.201  1133  1232 E FileLog : 	at libcore.io.IoBridge.open(IoBridge.java:560)
03-04 01:59:19.201  1133  1232 E FileLog : 	... 7 more
03-04 01:59:19.276  1129  1129 E SatelliteController: SatelliteController was not yet initialized.
03-04 01:59:20.063  1098  1254 E bluetooth: system/gd/hal/socket_hal_android.cc:93 Start: The service android.hardware.bluetooth.socket.IBluetoothSocket/default is not declared
03-04 01:59:20.125   521   521 E android.hardware.bluetooth.service.default: unable to open /dev/rfkill: Permission denied
03-04 01:59:20.126   521   521 E android.hardware.bluetooth.service.default: rfkill unavailable
03-04 01:59:20.884  1228  1265 E ashmem  : Pinning is deprecated since Android Q. Please use trim or other methods.
03-04 01:59:21.230  1271  1271 E ndroid.settings: Not starting debugger since process cannot load the jdwp agent.
03-04 01:59:21.238  1228  1272 E CellBroadcastConfigService: fails to setCellBroadcastRanges
03-04 01:59:21.348  1129  1129 E SmsApplication: com.google.android.apps.messaging lost android:read_cell_broadcasts:  (fixing)
03-04 01:59:22.111  1098  1098 E AvrcpTargetService: Please use AVRCP version 1.6 to enable cover art
03-04 01:59:22.200  1098  1098 E BluetoothHeadsetServiceJni: android/app/jni/com_android_bluetooth_hfp.cpp:973 enableSwbNative: Failed to disable
03-04 01:59:22.317  1129  1129 E SatelliteModemInterface: Unable to bind to the satellite service because the package is undefined.
03-04 01:59:22.431  1129  1129 E SessionMetricsStats: create new SessionMetricsStats.
03-04 01:59:22.509  1129  1129 E SatelliteController: registerForSatelliteCommunicationAccessStateChanged: SatelliteManager is null
03-04 01:59:22.874  1129  1129 E AccessControllerMetricsStats: create new AccessControllerMetricsStats.
03-04 01:59:22.889  1129  1129 E SatelliteAccessController: loadConfigUpdaterConfigs: satelliteConfigVersion is invalid: 0
03-04 01:59:23.034  1129  1309 E SatelliteModemInterface: requestIsSatelliteEnabledForCarrier: Satellite service is unavailable.
03-04 01:59:23.034  1129  1309 E SatelliteController: EVENT_GET_SATELLITE_ENABLED_FOR_CARRIER_DONE: result is null
03-04 01:59:23.334   721   837 E BluetoothAdapter: Failed to retrieve a binder for A2DP_SINK
03-04 01:59:23.340   721   837 E BluetoothAdapter: Failed to retrieve a binder for LE_AUDIO
03-04 01:59:23.390   721   837 E BluetoothAdapter: Failed to retrieve a binder for LE_AUDIO_BROADCAST
03-04 01:59:23.391   721   837 E BluetoothAdapter: Failed to retrieve a binder for LE_AUDIO
03-04 01:59:23.678  1271  1271 E ashmem  : Pinning is deprecated since Android Q. Please use trim or other methods.
03-04 01:59:23.702  1098  1098 E BrowsedPlayerWrapper: BrowserSubscriptionCallback: Could not get folder items
03-04 01:59:23.755   970   970 E EdgeBackGestureHandler: No resource found for gesture-blocking activities
03-04 01:59:23.902  1355  1355 E .gms.persistent: Not starting debugger since process cannot load the jdwp agent.
03-04 01:59:24.099   721   756 E TestHarnessModeService: Failed to start Test Harness Mode; no implementation of PersistentDataBlockManagerInternal was bound!
03-04 01:59:24.400   721   883 E AppOps  : attributionTag VCN not declared in manifest of android
03-04 01:59:24.412   721   883 E AppOps  : attributionTag VCN not declared in manifest of android
03-04 01:59:24.458   721   871 E WifiScoringParams: Invalid frequency(-1), using 5G as default rssi array
03-04 01:59:24.923   721   871 E AppOps  : attributionTag UwbCountryCode not declared in manifest of android
03-04 01:59:24.962   721   958 E uwb     : uwb_uci_jni_rust::helper: Java_com_android_server_uwb_jni_NativeUwbManager_nativeSetCountryCode failed with BadParameters
03-04 01:59:24.963   721   756 E AppOps  : attributionTag UwbCountryCode not declared in manifest of android
03-04 01:59:25.141  1334  1384 E SplitCompat: Failed to cleanup splitcompat storage
03-04 01:59:25.141  1334  1384 E SplitCompat: java.io.IOException: Unable to create directory: /data/user/0/com.google.android.inputmethod.latin/files/splitcompat
03-04 01:59:25.141  1334  1384 E SplitCompat: 	at otw.n(PG:48)
03-04 01:59:25.141  1334  1384 E SplitCompat: 	at otw.o(PG:33)
03-04 01:59:25.141  1334  1384 E SplitCompat: 	at otw.j(PG:1)
03-04 01:59:25.141  1334  1384 E SplitCompat: 	at oes.run(PG:20)
03-04 01:59:25.141  1334  1384 E SplitCompat: 	at java.util.concurrent.ThreadPoolExecutor.runWorker(ThreadPoolExecutor.java:1156)
03-04 01:59:25.141  1334  1384 E SplitCompat: 	at java.util.concurrent.ThreadPoolExecutor$Worker.run(ThreadPoolExecutor.java:651)
03-04 01:59:25.141  1334  1384 E SplitCompat: 	at java.lang.Thread.run(Thread.java:1119)
03-04 01:59:25.163  1334  1334 E SplitCompat: Error installing additional splits
03-04 01:59:25.163  1334  1334 E SplitCompat: java.io.IOException: Unable to create directory: /data/user/0/com.google.android.inputmethod.latin/files/splitcompat
03-04 01:59:25.163  1334  1334 E SplitCompat: 	at otw.n(PG:48)
03-04 01:59:25.163  1334  1334 E SplitCompat: 	at otw.o(PG:33)
03-04 01:59:25.163  1334  1334 E SplitCompat: 	at otw.g(PG:5)
03-04 01:59:25.163  1334  1334 E SplitCompat: 	at otw.e(PG:3)
03-04 01:59:25.163  1334  1334 E SplitCompat: 	at otw.i(PG:1)
03-04 01:59:25.163  1334  1334 E SplitCompat: 	at ouf.c(PG:63)
03-04 01:59:25.163  1334  1334 E SplitCompat: 	at ouf.b(PG:69)
03-04 01:59:25.163  1334  1334 E SplitCompat: 	at irz.attachBaseContext(PG:5)
03-04 01:59:25.163  1334  1334 E SplitCompat: 	at android.app.Application.attach(Application.java:346)
03-04 01:59:25.163  1334  1334 E SplitCompat: 	at android.app.Instrumentation.newApplication(Instrumentation.java:1348)
03-04 01:59:25.163  1334  1334 E SplitCompat: 	at android.app.LoadedApk.makeApplicationInner(LoadedApk.java:1479)
03-04 01:59:25.163  1334  1334 E SplitCompat: 	at android.app.LoadedApk.makeApplicationInner(LoadedApk.java:1411)
03-04 01:59:25.163  1334  1334 E SplitCompat: 	at android.app.ActivityThread.handleBindApplication(ActivityThread.java:7790)
03-04 01:59:25.163  1334  1334 E SplitCompat: 	at android.app.ActivityThread.-$$Nest$mhandleBindApplication(Unknown Source:0)
03-04 01:59:25.163  1334  1334 E SplitCompat: 	at android.app.ActivityThread$H.handleMessage(ActivityThread.java:2546)
03-04 01:59:25.163  1334  1334 E SplitCompat: 	at android.os.Handler.dispatchMessage(Handler.java:110)
03-04 01:59:25.163  1334  1334 E SplitCompat: 	at android.os.Looper.loopOnce(Looper.java:248)
03-04 01:59:25.163  1334  1334 E SplitCompat: 	at android.os.Looper.loop(Looper.java:338)
03-04 01:59:25.163  1334  1334 E SplitCompat: 	at android.app.ActivityThread.main(ActivityThread.java:9067)
03-04 01:59:25.163  1334  1334 E SplitCompat: 	at java.lang.reflect.Method.invoke(Native Method)
03-04 01:59:25.163  1334  1334 E SplitCompat: 	at com.android.internal.os.RuntimeInit$MethodAndArgsCaller.run(RuntimeInit.java:593)
03-04 01:59:25.163  1334  1334 E SplitCompat: 	at com.android.internal.os.ZygoteInit.main(ZygoteInit.java:932)
03-04 01:59:25.235  1129  1129 E SatelliteController: registerForSatelliteModemStateChanged: mSatelliteSessionController is not initialized yet
03-04 01:59:25.316  1391  1391 E .apps.wellbeing: Not starting debugger since process cannot load the jdwp agent.
03-04 01:59:25.502   721   756 E WindowManager: Display reconfigured outside of a transition: Display{#0 state=ON size=1080x2400 ROTATION_0}
03-04 01:59:25.624   247   247 E lmkd    : memevent failed to attach bpf program to android_vendor_lmk/android_trigger_vendor_lmk_kill tracepoint: No such file or directory
03-04 01:59:25.625   247   247 E lmkd    : memevent failed to attach bpf program to kmem/mm_calculate_totalreserve_pages tracepoint: No such file or directory
03-04 01:59:25.664     0     0 E selinux : SELinux: Could not get canonical path for /sys/kernel/debug/tracing/instances/wifi restorecon: No such file or directory.
03-04 01:59:25.995   721   746 E JavaBinder: *** Uncaught remote exception! Exceptions are not yet supported across processes. Client PID 1129 UID 1001.
03-04 01:59:25.995   721   746 E JavaBinder: java.lang.ArrayIndexOutOfBoundsException: length=1; index=-1
03-04 01:59:25.995   721   746 E JavaBinder: 	at com.android.server.TelephonyRegistry.notifyCarrierRoamingNtnSignalStrengthChanged(TelephonyRegistry.java:3888)
03-04 01:59:25.995   721   746 E JavaBinder: 	at com.android.internal.telephony.ITelephonyRegistry$Stub.onTransact(ITelephonyRegistry.java:1244)
03-04 01:59:25.995   721   746 E JavaBinder: 	at android.os.Binder.execTransactInternal(Binder.java:1421)
03-04 01:59:25.995   721   746 E JavaBinder: 	at android.os.Binder.execTransact(Binder.java:1365)
03-04 01:59:26.695  1430  1430 E dmesgd  : /data/misc/dmesgd/sent_reports.txt is empty: No such file or directory
03-04 01:59:27.114   721   762 E MusicRecognitionManagerPerUserService: Bad service name: com.google.android.googlequicksearchbox/com.google.android.apps.search.soundsearch.service.SoundSearchService
03-04 01:59:27.117  1391  1440 E PhenotypeCombinedFlags: Config package com.google.android.client_error_logging#com.google.android.apps.wellbeing cannot use PROCESS_STABLE backing without declarative registration. See go/phenotype-android-integration#phenotype for more information. This will lead to stale flags.
03-04 01:59:27.149  1443  1443 E d.process.acore: Not starting debugger since process cannot load the jdwp agent.
03-04 01:59:27.298  1456  1456 E rs.media.module: Not starting debugger since process cannot load the jdwp agent.
03-04 01:59:27.597   970   970 E DSRotLockSettingsMngr: No matching device state for posture: 0
03-04 01:59:27.630   970   970 E DSRotLockSettingsMngr: No matching device state for posture: 2
03-04 01:59:27.705   970   970 E DSRotLockSettingsMngr: No matching device state for posture: 1
03-04 01:59:27.929  1473  1473 E ogle.android.as: Not starting debugger since process cannot load the jdwp agent.
03-04 01:59:28.335  1443  1488 E ashmem  : Pinning is deprecated since Android Q. Please use trim or other methods.
03-04 01:59:28.606  1494  1494 E hbox:interactor: Not starting debugger since process cannot load the jdwp agent.
03-04 01:59:28.608   721   905 E BackupPasswordManager: Unable to read backup pw version
03-04 01:59:28.609   721   905 E BackupPasswordManager: Unable to read saved backup pw hash
03-04 01:59:28.760  1355  1512 E ashmem  : Pinning is deprecated since Android Q. Please use trim or other methods.
03-04 01:59:28.867  1517  1517 E id.printspooler: Not starting debugger since process cannot load the jdwp agent.
03-04 01:59:29.007  1456  1456 E ashmem  : Pinning is deprecated since Android Q. Please use trim or other methods.
03-04 01:59:29.672   655   655 E OmxInfoBuilder: Cannot find an IOmxStore service.
03-04 01:59:30.035  1473  1473 E ashmem  : Pinning is deprecated since Android Q. Please use trim or other methods.
03-04 01:59:30.436  1573  1573 E or.multidisplay: Not starting debugger since process cannot load the jdwp agent.
03-04 01:59:30.866   721  1595 E TaskPersister: File error accessing recents directory (directory doesn't exist?).
03-04 01:59:31.609   721  1547 E AppSearchIcing: document-store.cc:518: Invalid header crc for /data/system_ce/0/appsearch/icing/document_dir/uri_mapper/persistent_hash_map.kFailed to initialize KeyMapper
03-04 01:59:32.261   721   883 E AppOps  : attributionTag VCN not declared in manifest of android
03-04 01:59:32.803   721  1686 E AppOps  : attributionTag VCN not declared in manifest of android
03-04 01:59:34.042  1713  1713 E ssioncontroller: Not starting debugger since process cannot load the jdwp agent.
03-04 01:59:34.193  1456  1602 E FuseDaemon: Leveldb setup is missing for: internal
03-04 01:59:34.315  1456  1602 E FuseDaemon: Leveldb setup is missing for: external_primary
03-04 01:59:34.529  1456  1558 E MediaCodec: Media Quality Service not found.
03-04 01:59:34.496     0     0 E servicemanager: VINTF HALs require names in the format type/instance (e.g. some.package.foo.IFoo/default) but got: media_quality
03-04 01:59:34.556     0     0 E servicemanager: VINTF HALs require names in the format type/instance (e.g. some.package.foo.IFoo/default) but got: media_quality
03-04 01:59:34.599   970  1676 E MediaCodec: Media Quality Service not found.
03-04 01:59:34.586     0     0 E servicemanager: VINTF HALs require names in the format type/instance (e.g. some.package.foo.IFoo/default) but got: media_quality
03-04 01:59:34.639   970  1675 E MediaCodec: Media Quality Service not found.
03-04 01:59:34.644   970  1680 E ndroid.systemui: Failed to query component interface for required system resources: 6
03-04 01:59:34.668   970  1683 E ndroid.systemui: Failed to query component interface for required system resources: 6
03-04 01:59:34.677   659   710 E Codec2-ComponentInterface: We have a failed config
03-04 01:59:34.697   659   710 E Codec2-ComponentInterface: We have a failed config
03-04 01:59:34.876  1334  1334 E ashmem  : Pinning is deprecated since Android Q. Please use trim or other methods.
03-04 01:59:35.018  1750  1750 E gle.android.gms: Not starting debugger since process cannot load the jdwp agent.
03-04 01:59:35.541  1772  1772 E .localtransport: Not starting debugger since process cannot load the jdwp agent.
03-04 01:59:35.766   970  1676 E MediaCodec: Media Quality Service not found.
03-04 01:59:35.780   970  1768 E ndroid.systemui: Failed to query component interface for required system resources: 6
03-04 01:59:35.731     0     0 E servicemanager: VINTF HALs require names in the format type/instance (e.g. some.package.foo.IFoo/default) but got: media_quality
03-04 01:59:35.806   659   710 E Codec2-ComponentInterface: We have a failed config
03-04 01:59:35.811   721   756 E Transition: #4 readiness timeout, used=false deferReadyDepth=0 group={}
03-04 01:59:36.393   721   871 E WifiStaIfaceAidlImpl: setDtimMultiplier failed with service-specific exception: android.os.ServiceSpecificException:  (code 4)
03-04 01:59:36.494  1713  1713 E FeatureFlagsImplExport: android.os.flagging.AconfigStorageReadException: ERROR_PACKAGE_NOT_FOUND: package android.xr cannot be found on the device
03-04 01:59:36.498  1772  1772 E ashmem  : Pinning is deprecated since Android Q. Please use trim or other methods.
03-04 01:59:36.606  1456  1602 E FuseDaemon: Leveldb setup is missing for: ownership
03-04 01:59:36.716   721   883 E AppOps  : attributionTag VCN not declared in manifest of android
03-04 01:59:36.809   484   520 E netd    : Error adding route ::/0 -> fe80::2 wlan0 to table 1016: File exists
03-04 01:59:36.870   721   871 E WifiStaIfaceAidlImpl: setDtimMultiplier failed with service-specific exception: android.os.ServiceSpecificException:  (code 4)
03-04 01:59:37.018  1713  1818 E ashmem  : Pinning is deprecated since Android Q. Please use trim or other methods.
03-04 01:59:37.116   970   970 E LauncherProxyService: Failed to get launcher proxy for disable flags.
03-04 01:59:37.255   721  1547 E AppSearchManagerService: Unable to schedule fully persist job for 0
03-04 01:59:37.255   721  1547 E AppSearchManagerService: java.lang.IllegalArgumentException: Tried to schedule job for non-existent component: ComponentInfo{android/com.android.server.appsearch.AppSearchMaintenanceService}
03-04 01:59:37.255   721  1547 E AppSearchManagerService: 	at com.android.server.job.JobSchedulerService$JobSchedulerStub.enforceValidJobRequest(JobSchedulerService.java:4829)
03-04 01:59:37.255   721  1547 E AppSearchManagerService: 	at com.android.server.job.JobSchedulerService$JobSchedulerStub.schedule(JobSchedulerService.java:5042)
03-04 01:59:37.255   721  1547 E AppSearchManagerService: 	at android.app.JobSchedulerImpl.schedule(JobSchedulerImpl.java:89)
03-04 01:59:37.255   721  1547 E AppSearchManagerService: 	at com.android.server.appsearch.AppSearchMaintenanceService.scheduleFullyPersistJob(AppSearchMaintenanceService.java:91)
03-04 01:59:37.255   721  1547 E AppSearchManagerService: 	at com.android.server.appsearch.AppSearchManagerService.lambda$onUserUnlocking$1(AppSearchManagerService.java:379)
03-04 01:59:37.255   721  1547 E AppSearchManagerService: 	at com.android.server.appsearch.AppSearchManagerService.$r8$lambda$7li-QUZvrsDk5ZvsFzpgCXuGV7s(AppSearchManagerService.java:0)
03-04 01:59:37.255   721  1547 E AppSearchManagerService: 	at com.android.server.appsearch.AppSearchManagerService$$ExternalSyntheticLambda3.run(R8$$SyntheticClass:0)
03-04 01:59:37.255   721  1547 E AppSearchManagerService: 	at java.util.concurrent.ThreadPoolExecutor.runWorker(ThreadPoolExecutor.java:1156)
03-04 01:59:37.255   721  1547 E AppSearchManagerService: 	at java.util.concurrent.ThreadPoolExecutor$Worker.run(ThreadPoolExecutor.java:651)
03-04 01:59:37.255   721  1547 E AppSearchManagerService: 	at java.lang.Thread.run(Thread.java:1119)
03-04 01:59:37.365  1334  1334 E GoogleInputMethodService: GoogleInputMethodService.getAppEditorInfo():1807 App EditorInfo should never be null.
03-04 01:59:37.820  1334  1334 E GoogleInputMethodService: GoogleInputMethodService.getAppEditorInfo():1807 App EditorInfo should never be null.
03-04 01:59:38.189  1355  1846 E .gms.persistent: hiddenapi: Accessing hidden method Landroid/os/PowerManager;->isLightDeviceIdleMode()Z (runtime_flags=0, domain=platform, api=max-target-s) from Legce; (domain=app) using reflection: denied
03-04 01:59:38.698   970   970 E LauncherProxyService: Failed to get launcher proxy for disable flags.
03-04 01:59:38.762  1851  1851 E ndroid.keychain: Not starting debugger since process cannot load the jdwp agent.
03-04 01:59:39.398  1456  1602 E FuseDaemon: Leveldb setup is missing for: 0000-0000
03-04 01:59:40.055   721   721 E SystemServiceRegistry: No service published for: face
03-04 01:59:40.055   721   721 E SystemServiceRegistry: android.os.ServiceManager$ServiceNotFoundException: No service published for: face
03-04 01:59:40.055   721   721 E SystemServiceRegistry: 	at android.os.ServiceManager.getServiceOrThrow(ServiceManager.java:203)
03-04 01:59:40.055   721   721 E SystemServiceRegistry: 	at android.app.SystemServiceRegistry$72.createService(SystemServiceRegistry.java:993)
03-04 01:59:40.055   721   721 E SystemServiceRegistry: 	at android.app.SystemServiceRegistry$72.createService(SystemServiceRegistry.java:987)
03-04 01:59:40.055   721   721 E SystemServiceRegistry: 	at android.app.SystemServiceRegistry$CachedServiceFetcher.getService(SystemServiceRegistry.java:2343)
03-04 01:59:40.055   721   721 E SystemServiceRegistry: 	at android.app.SystemServiceRegistry.getSystemService(SystemServiceRegistry.java:1918)
03-04 01:59:40.055   721   721 E SystemServiceRegistry: 	at android.app.ContextImpl.getSystemService(ContextImpl.java:2315)
03-04 01:59:40.055   721   721 E SystemServiceRegistry: 	at android.content.Context.getSystemService(Context.java:4630)
03-04 01:59:40.055   721   721 E SystemServiceRegistry: 	at com.android.server.biometrics.AuthenticationStatsCollector.<init>(AuthenticationStatsCollector.java:119)
03-04 01:59:40.055   721   721 E SystemServiceRegistry: 	at com.android.server.biometrics.AuthenticationStatsBroadcastReceiver.onReceive(AuthenticationStatsBroadcastReceiver.java:66)
03-04 01:59:40.055   721   721 E SystemServiceRegistry: 	at android.app.LoadedApk$ReceiverDispatcher$Args.lambda$getRunnable$0(LoadedApk.java:1839)
03-04 01:59:40.055   721   721 E SystemServiceRegistry: 	at android.app.LoadedApk$ReceiverDispatcher$Args.$r8$lambda$mcNAAl1SQ4MyJPyDg8TJ2x2h0Rk(Unknown Source:0)
03-04 01:59:40.055   721   721 E SystemServiceRegistry: 	at android.app.LoadedApk$ReceiverDispatcher$Args$$ExternalSyntheticLambda0.run(D8$$SyntheticClass:0)
03-04 01:59:40.055   721   721 E SystemServiceRegistry: 	at android.os.Handler.handleCallback(Handler.java:995)
03-04 01:59:40.055   721   721 E SystemServiceRegistry: 	at android.os.Handler.dispatchMessage(Handler.java:103)
03-04 01:59:40.055   721   721 E SystemServiceRegistry: 	at android.os.Looper.loopOnce(Looper.java:248)
03-04 01:59:40.055   721   721 E SystemServiceRegistry: 	at android.os.Looper.loop(Looper.java:338)
03-04 01:59:40.055   721   721 E SystemServiceRegistry: 	at com.android.server.SystemServer.run(SystemServer.java:1036)
03-04 01:59:40.055   721   721 E SystemServiceRegistry: 	at com.android.server.SystemServer.main(SystemServer.java:689)
03-04 01:59:40.055   721   721 E SystemServiceRegistry: 	at java.lang.reflect.Method.invoke(Native Method)
03-04 01:59:40.055   721   721 E SystemServiceRegistry: 	at com.android.internal.os.RuntimeInit$MethodAndArgsCaller.run(RuntimeInit.java:593)
03-04 01:59:40.055   721   721 E SystemServiceRegistry: 	at com.android.internal.os.ZygoteInit.main(ZygoteInit.java:910)
03-04 01:59:40.085   721   721 E SystemServiceRegistry: Manager wrapper not available: face
03-04 01:59:40.326  1065  1108 E SystemServiceRegistry: No service published for: ethernet
03-04 01:59:40.326  1065  1108 E SystemServiceRegistry: android.os.ServiceManager$ServiceNotFoundException: No service published for: ethernet
03-04 01:59:40.326  1065  1108 E SystemServiceRegistry: 	at android.os.ServiceManager.getServiceOrThrow(ServiceManager.java:203)
03-04 01:59:40.326  1065  1108 E SystemServiceRegistry: 	at android.app.SystemServiceRegistry$149.createService(SystemServiceRegistry.java:2232)
03-04 01:59:40.326  1065  1108 E SystemServiceRegistry: 	at android.app.SystemServiceRegistry$CachedServiceFetcher.getService(SystemServiceRegistry.java:2343)
03-04 01:59:40.326  1065  1108 E SystemServiceRegistry: 	at android.app.SystemServiceRegistry.getSystemService(SystemServiceRegistry.java:1918)
03-04 01:59:40.326  1065  1108 E SystemServiceRegistry: 	at android.app.ContextImpl.getSystemService(ContextImpl.java:2315)
03-04 01:59:40.326  1065  1108 E SystemServiceRegistry: 	at android.content.ContextWrapper.getSystemService(ContextWrapper.java:964)
03-04 01:59:40.326  1065  1108 E SystemServiceRegistry: 	at com.android.networkstack.tethering.Tethering.isEthernetSupported(Tethering.java:1862)
03-04 01:59:40.326  1065  1108 E SystemServiceRegistry: 	at com.android.networkstack.tethering.Tethering.makeSupportedDownstreams(Tethering.java:2843)
03-04 01:59:40.326  1065  1108 E SystemServiceRegistry: 	at com.android.networkstack.tethering.Tethering.updateSupportedDownstreams(Tethering.java:2817)
03-04 01:59:40.326  1065  1108 E SystemServiceRegistry: 	at com.android.networkstack.tethering.Tethering.updateConfiguration(Tethering.java:564)
03-04 01:59:40.326  1065  1108 E SystemServiceRegistry: 	at com.android.networkstack.tethering.Tethering.-$$Nest$mupdateConfiguration(Tethering.java:0)
03-04 01:59:40.326  1065  1108 E SystemServiceRegistry: 	at com.android.networkstack.tethering.Tethering$StateReceiver.onReceive(Tethering.java:1396)
03-04 01:59:40.326  1065  1108 E SystemServiceRegistry: 	at android.app.LoadedApk$ReceiverDispatcher$Args.lambda$getRunnable$0(LoadedApk.java:1839)
03-04 01:59:40.326  1065  1108 E SystemServiceRegistry: 	at android.app.LoadedApk$ReceiverDispatcher$Args.$r8$lambda$mcNAAl1SQ4MyJPyDg8TJ2x2h0Rk(Unknown Source:0)
03-04 01:59:40.326  1065  1108 E SystemServiceRegistry: 	at android.app.LoadedApk$ReceiverDispatcher$Args$$ExternalSyntheticLambda0.run(D8$$SyntheticClass:0)
03-04 01:59:40.326  1065  1108 E SystemServiceRegistry: 	at android.os.Handler.handleCallback(Handler.java:995)
03-04 01:59:40.326  1065  1108 E SystemServiceRegistry: 	at android.os.Handler.dispatchMessage(Handler.java:103)
03-04 01:59:40.326  1065  1108 E SystemServiceRegistry: 	at android.os.Looper.loopOnce(Looper.java:248)
03-04 01:59:40.326  1065  1108 E SystemServiceRegistry: 	at android.os.Looper.loop(Looper.java:338)
03-04 01:59:40.326  1065  1108 E SystemServiceRegistry: 	at android.os.HandlerThread.run(HandlerThread.java:85)
03-04 01:59:40.421   484   507 E NetlinkEvent: NetlinkEvent::FindParam(): Parameter 'INTERFACE' not found
03-04 01:59:40.421   484   507 E NetlinkEvent: NetlinkEvent::FindParam(): Parameter 'STATE' not found
03-04 01:59:40.421   484   507 E NetlinkEvent: NetlinkEvent::FindParam(): Parameter 'TIME_NS' not found
03-04 01:59:40.421   484   507 E NetlinkEvent: NetlinkEvent::FindParam(): Parameter 'UID' not found
03-04 01:59:40.446   721   871 E WifiStaIfaceAidlImpl: setRoamingMode failed with service-specific exception: android.os.ServiceSpecificException:  (code 4)
03-04 01:59:40.447   721   871 E WifiRoamingModeManager: Failed to set roaming mode due to unknown error.
03-04 01:59:40.517  1915  1915 E earchbox:search: Not starting debugger since process cannot load the jdwp agent.
03-04 01:59:40.541   721   871 E WifiStaIfaceAidlImpl: stopRssiMonitoring failed with service-specific exception: android.os.ServiceSpecificException:  (code 5)
03-04 01:59:41.460  1133  1156 E NexusCSStateManager: Failed to fetch from AppSearch
03-04 01:59:41.460  1133  1156 E NexusCSStateManager: java.util.NoSuchElementException: No value present
03-04 01:59:41.460  1133  1156 E NexusCSStateManager: 	at java.util.Optional.get(Optional.java:143)
