03-04 01:59:41.460  1133  1156 E NexusCSStateManager: 	at C2.m.onResult(go/retraceme 43e00d9cd0eb17b3d9dd30fc1741b1c71445c4c0f7c8c9b81300265c86c5b873:42)
03-04 01:59:41.460  1133  1156 E NexusCSStateManager: 	at android.app.appsearch.SearchSessionUtil$1.lambda$onResult$0(go/retraceme 9d1b0eb8afe1d0bca7ff6f98d5e450578c137217f678797f24205462b21ce4f6:144)
03-04 01:59:41.460  1133  1156 E NexusCSStateManager: 	at android.app.appsearch.SearchSessionUtil$1.$r8$lambda$CEk3q8sDAQVhU3rQwVueB8FAj_M(go/retraceme 9d1b0eb8afe1d0bca7ff6f98d5e450578c137217f678797f24205462b21ce4f6:1)
03-04 01:59:41.460  1133  1156 E NexusCSStateManager: 	at android.app.appsearch.SearchSessionUtil$1$$ExternalSyntheticLambda0.run(go/retraceme 9d1b0eb8afe1d0bca7ff6f98d5e450578c137217f678797f24205462b21ce4f6:22)
03-04 01:59:41.460  1133  1156 E NexusCSStateManager: 	at j0.e.execute(go/retraceme 43e00d9cd0eb17b3d9dd30fc1741b1c71445c4c0f7c8c9b81300265c86c5b873:1)
03-04 01:59:41.460  1133  1156 E NexusCSStateManager: 	at android.app.appsearch.SearchSessionUtil.safeExecute(go/retraceme 9d1b0eb8afe1d0bca7ff6f98d5e450578c137217f678797f24205462b21ce4f6:4)
03-04 01:59:41.460  1133  1156 E NexusCSStateManager: 	at android.app.appsearch.SearchSessionUtil$1.onResult(go/retraceme 9d1b0eb8afe1d0bca7ff6f98d5e450578c137217f678797f24205462b21ce4f6:11)
03-04 01:59:41.460  1133  1156 E NexusCSStateManager: 	at android.app.appsearch.aidl.IAppSearchBatchResultCallback$Stub.onTransact(go/retraceme 9d1b0eb8afe1d0bca7ff6f98d5e450578c137217f678797f24205462b21ce4f6:59)
03-04 01:59:41.460  1133  1156 E NexusCSStateManager: 	at android.os.Binder.execTransactInternal(Binder.java:1426)
03-04 01:59:41.460  1133  1156 E NexusCSStateManager: 	at android.os.Binder.execTransact(Binder.java:1365)
03-04 01:59:41.497  1961  1961 E gs.intelligence: Not starting debugger since process cannot load the jdwp agent.
03-04 01:59:41.512  1955  1955 E .android.chrome: Not starting debugger since process cannot load the jdwp agent.
03-04 01:59:41.641  1133  1133 E DisplayController: Unexpected normalizedDisplayInfo found, invalidating cache: CachedDisplayInfo{size=Point(1080, 2400), cutout=DisplayCutout{insets=Rect(0, 128 - 0, 0) waterfall=Insets{left=0, top=0, right=0, bottom=0} boundingRect={Bounds=[Rect(0, 0 - 0, 0), Rect(492, 0 - 610, 128), Rect(0, 0 - 0, 0), Rect(0, 0 - 0, 0)]} cutoutPathParserInfo={CutoutPathParserInfo{displayWidth=1080 displayHeight=2400 physicalDisplayWidth=1080 physicalDisplayHeight=2400 density={2.625} cutoutSpec={M 507,64 a 33,33 0 1 0 66,0 33,33 0 1 0 -66,0 Z @left} rotation={0} scale={1.0} physicalPixelDisplaySizeRatio={1.0}}} sideOverrides={}}, rotation=0}
03-04 01:59:41.642  1133  1133 E DisplayController: (Invalid Cache) perDisplayBounds : {CachedDisplayInfo{size=Point(1080, 2400), cutout=DisplayCutout{insets=Rect(0, 0 - 0, 0) waterfall=Insets{left=0, top=0, right=0, bottom=0} boundingRect={Bounds=[Rect(0, 0 - 0, 0), Rect(0, 0 - 0, 0), Rect(0, 0 - 0, 0), Rect(0, 0 - 0, 0)]} cutoutPathParserInfo={CutoutPathParserInfo{displayWidth=0 displayHeight=0 physicalDisplayWidth=0 physicalDisplayHeight=0 density={0.0} cutoutSpec={} rotation={0} scale={0.0} physicalPixelDisplaySizeRatio={0.0}}} sideOverrides=null}, rotation=0}=[WindowBounds{bounds=Rect(0, 0 - 1080, 2400), insets=Rect(0, 63 - 0, 63), availableSize=Point(1080, 2274), rotationHint=0}, WindowBounds{bounds=Rect(0, 0 - 2400, 1080), insets=Rect(0, 74 - 0, 63), availableSize=Point(2400, 943), rotationHint=1}, WindowBounds{bounds=Rect(0, 0 - 1080, 2400), insets=Rect(0, 128 - 0, 63), availableSize=Point(1080, 2209), rotationHint=2}, WindowBounds{bounds=Rect(0, 0 - 2400, 1080), insets=Rect(0, 74 - 0, 63), availableSize=Point(2400, 943), rotationHint=3}]}
03-04 01:59:42.624  2018  2018 E .android.as.oss: Not starting debugger since process cannot load the jdwp agent.
03-04 01:59:42.773  1129  1309 E SatelliteController: registerForSatelliteCommunicationAccessStateChanged: SatelliteManager is null
03-04 01:59:43.494  1133  1133 E RecyclerView: Cannot scroll to position a LayoutManager set. Call setLayoutManager with a non-null argument.
03-04 01:59:43.577  1133  1133 E RecyclerView: Cannot scroll to position a LayoutManager set. Call setLayoutManager with a non-null argument.
03-04 01:59:43.664  1098  1098 E BrowsedPlayerWrapper: BrowserSubscriptionCallback: Could not get folder items
03-04 01:59:44.537  1129  1129 E SatelliteController: registerForSatelliteModemStateChanged: mSatelliteSessionController is not initialized yet
03-04 01:59:44.767  1129  1129 E SatelliteController: registerForSatelliteModemStateChanged: mSatelliteSessionController is not initialized yet
03-04 01:59:44.878  1334  1842 E HandwritingSuperpacksUtil: HandwritingSuperpacksUtil.getPackMappingPackName():40 No pack mapping pack found in []
03-04 01:59:45.382  1129  1309 E SatelliteModemInterface: requestIsSatelliteSupported: Satellite service is unavailable.
03-04 01:59:45.383  1129  1309 E SatelliteServiceUtils: isSatelliteSupported SatelliteException: android.telephony.satellite.SatelliteManager$SatelliteException
03-04 01:59:45.703  1961  2069 E ashmem  : Pinning is deprecated since Android Q. Please use trim or other methods.
03-04 01:59:45.782  1129  1309 E SatelliteController: registerForSatelliteCommunicationAccessStateChanged: SatelliteManager is null
03-04 01:59:45.973     0     0 E libprocessgroup: Failed to write 1 to /sys/fs/cgroup/system/uid_1000/pid_1610/cgroup.kill: No such file or directory
03-04 01:59:45.981     0     0 E libprocessgroup: Failed to open /sys/fs/cgroup/system/uid_1000/pid_1610/cgroup.procs: No such file or directory
03-04 01:59:46.091   721  2097 E GnssPsdsDownloader: No Long-Term PSDS servers were specified in the GnssConfiguration
03-04 01:59:46.850  2018  2018 E ashmem  : Pinning is deprecated since Android Q. Please use trim or other methods.
03-04 01:59:46.941  1133  1133 E CannedAnimCoordinator: Trying to play two animations together, H2.w@8be6241 and null
03-04 01:59:47.289   970   970 E LauncherProxyService: Failed to get launcher proxy for disable flags.
03-04 01:59:47.512  1334  1986 E MDDSuperpacks: MDDSuperpacks.parseManifest():476 cannot find metadata for delight_overrides
03-04 01:59:47.556   721  1033 E JobScheduler.JobStatus: App com.google.android.inputmethod.latin became active but still in NEVER bucket
03-04 01:59:47.647   721   883 E AppOps  : attributionTag VCN not declared in manifest of android
03-04 01:59:47.661  2135  2135 E .apps.wallpaper: Not starting debugger since process cannot load the jdwp agent.
03-04 01:59:47.741  1334  1334 E KeyboardDefManager: KeyboardDefManager.handleKeyboardDefResult():254 Error when loading keyboard def
03-04 01:59:47.741  1334  1334 E KeyboardDefManager: java.util.concurrent.CancellationException: Task was cancelled.
03-04 01:59:47.741  1334  1334 E KeyboardDefManager: 	at qcq.r(PG:33)
03-04 01:59:47.741  1334  1334 E KeyboardDefManager: 	at qcq.get(PG:3)
03-04 01:59:47.741  1334  1334 E KeyboardDefManager: 	at a.k(PG:2)
03-04 01:59:47.741  1334  1334 E KeyboardDefManager: 	at pqu.E(PG:10)
03-04 01:59:47.741  1334  1334 E KeyboardDefManager: 	at qek.run(PG:88)
03-04 01:59:47.741  1334  1334 E KeyboardDefManager: 	at jaf.execute(PG:12)
03-04 01:59:47.741  1334  1334 E KeyboardDefManager: 	at qcq.h(PG:1)
03-04 01:59:47.741  1334  1334 E KeyboardDefManager: 	at qcq.k(PG:101)
03-04 01:59:47.741  1334  1334 E KeyboardDefManager: 	at qcq.p(PG:28)
03-04 01:59:47.741  1334  1334 E KeyboardDefManager: 	at qem.run(PG:5)
03-04 01:59:47.741  1334  1334 E KeyboardDefManager: 	at qds.execute(PG:1)
03-04 01:59:47.741  1334  1334 E KeyboardDefManager: 	at qcq.h(PG:1)
03-04 01:59:47.741  1334  1334 E KeyboardDefManager: 	at qcq.k(PG:101)
03-04 01:59:47.741  1334  1334 E KeyboardDefManager: 	at qcq.p(PG:28)
03-04 01:59:47.741  1334  1334 E KeyboardDefManager: 	at qcu.run(PG:85)
03-04 01:59:47.741  1334  1334 E KeyboardDefManager: 	at qds.execute(PG:1)
03-04 01:59:47.741  1334  1334 E KeyboardDefManager: 	at qcq.h(PG:1)
03-04 01:59:47.741  1334  1334 E KeyboardDefManager: 	at qcq.k(PG:101)
03-04 01:59:47.741  1334  1334 E KeyboardDefManager: 	at qcq.cancel(PG:53)
03-04 01:59:47.741  1334  1334 E KeyboardDefManager: 	at iuk.d(PG:36)
03-04 01:59:47.741  1334  1334 E KeyboardDefManager: 	at kzj.b(PG:5)
03-04 01:59:47.741  1334  1334 E KeyboardDefManager: 	at kgn.aa(PG:44)
03-04 01:59:47.741  1334  1334 E KeyboardDefManager: 	at kgn.onStartInput(PG:288)
03-04 01:59:47.741  1334  1334 E KeyboardDefManager: 	at android.inputmethodservice.InputMethodService.doStartInput(InputMethodService.java:3521)
03-04 01:59:47.741  1334  1334 E KeyboardDefManager: 	at android.inputmethodservice.InputMethodService$InputMethodImpl.startInput(InputMethodService.java:879)
03-04 01:59:47.741  1334  1334 E KeyboardDefManager: 	at android.inputmethodservice.InputMethodService$InputMethodImpl.dispatchStartInput(InputMethodService.java:908)
03-04 01:59:47.741  1334  1334 E KeyboardDefManager: 	at android.inputmethodservice.IInputMethodWrapper.executeMessage(IInputMethodWrapper.java:201)
03-04 01:59:47.741  1334  1334 E KeyboardDefManager: 	at com.android.internal.os.HandlerCaller$MyHandler.handleMessage(HandlerCaller.java:44)
03-04 01:59:47.741  1334  1334 E KeyboardDefManager: 	at android.os.Handler.dispatchMessage(Handler.java:110)
03-04 01:59:47.741  1334  1334 E KeyboardDefManager: 	at android.os.Looper.loopOnce(Looper.java:248)
03-04 01:59:47.741  1334  1334 E KeyboardDefManager: 	at android.os.Looper.loop(Looper.java:338)
03-04 01:59:47.741  1334  1334 E KeyboardDefManager: 	at android.app.ActivityThread.main(ActivityThread.java:9067)
03-04 01:59:47.741  1334  1334 E KeyboardDefManager: 	at java.lang.reflect.Method.invoke(Native Method)
03-04 01:59:47.741  1334  1334 E KeyboardDefManager: 	at com.android.internal.os.RuntimeInit$MethodAndArgsCaller.run(RuntimeInit.java:593)
03-04 01:59:47.741  1334  1334 E KeyboardDefManager: 	at com.android.internal.os.ZygoteInit.main(ZygoteInit.java:932)
03-04 01:59:48.475  2158  2158 E d.process.media: Not starting debugger since process cannot load the jdwp agent.
03-04 01:59:48.614   721  1655 E JobScheduler.JobStatus: App com.google.android.inputmethod.latin became active but still in NEVER bucket
03-04 01:59:48.957   721   800 E JobScheduler.JobStatus: App com.google.android.inputmethod.latin became active but still in NEVER bucket
03-04 01:59:49.164   721  2137 E SupplicantStaIfaceCallbackAidlImpl: onDisconnected state=9 locallyGenerated=true reasonCode=3
03-04 01:59:49.337   721  1033 E JobScheduler.JobStatus: App com.google.android.inputmethod.latin became active but still in NEVER bucket
03-04 01:59:49.476  1391  1406 E ashmem  : Pinning is deprecated since Android Q. Please use trim or other methods.
03-04 01:59:49.481   721   871 E WifiStaIfaceAidlImpl: stopRssiMonitoring failed with service-specific exception: android.os.ServiceSpecificException:  (code 5)
03-04 01:59:49.532   721   871 E WifiStaIfaceAidlImpl: setRoamingState failed with service-specific exception: android.os.ServiceSpecificException:  (code 4)
03-04 01:59:49.815   721   827 E ActivityManager: Sending non-protected broadcast android.intent.action.UPDATE_CT_LOGS from system uid 1000 pkg android
03-04 01:59:49.815   721   827 E ActivityManager: java.lang.Throwable
03-04 01:59:49.815   721   827 E ActivityManager: 	at com.android.server.am.BroadcastController.checkBroadcastFromSystem(BroadcastController.java:2145)
03-04 01:59:49.815   721   827 E ActivityManager: 	at com.android.server.am.BroadcastController.broadcastIntentLockedTraced(BroadcastController.java:1646)
03-04 01:59:49.815   721   827 E ActivityManager: 	at com.android.server.am.BroadcastController.broadcastIntentLocked(BroadcastController.java:807)
03-04 01:59:49.815   721   827 E ActivityManager: 	at com.android.server.am.BroadcastController.broadcastIntentInPackage(BroadcastController.java:774)
03-04 01:59:49.815   721   827 E ActivityManager: 	at com.android.server.am.ActivityManagerService$LocalService.broadcastIntentInPackage(ActivityManagerService.java:17221)
03-04 01:59:49.815   721   827 E ActivityManager: 	at com.android.server.am.PendingIntentRecord.sendInner(PendingIntentRecord.java:674)
03-04 01:59:49.815   721   827 E ActivityManager: 	at com.android.server.am.PendingIntentRecord.sendWithResult(PendingIntentRecord.java:380)
03-04 01:59:49.815   721   827 E ActivityManager: 	at com.android.server.am.ActivityManagerService.sendIntentSender(ActivityManagerService.java:5618)
03-04 01:59:49.815   721   827 E ActivityManager: 	at android.app.PendingIntent.sendAndReturnResult(PendingIntent.java:1116)
03-04 01:59:49.815   721   827 E ActivityManager: 	at android.app.PendingIntent.send(PendingIntent.java:1082)
03-04 01:59:49.815   721   827 E ActivityManager: 	at com.android.server.alarm.AlarmManagerService$DeliveryTracker.deliverLocked(AlarmManagerService.java:5358)
03-04 01:59:49.815   721   827 E ActivityManager: 	at com.android.server.alarm.AlarmManagerService.deliverAlarmsLocked(AlarmManagerService.java:4322)
03-04 01:59:49.815   721   827 E ActivityManager: 	at com.android.server.alarm.AlarmManagerService$AlarmThread.run(AlarmManagerService.java:4598)
03-04 01:59:50.186   721   883 E AppOps  : attributionTag VCN not declared in manifest of android
03-04 01:59:50.441   721  2011 E JobScheduler.JobStatus: App com.google.android.inputmethod.latin became active but still in NEVER bucket
03-04 01:59:50.706  1129  1309 E SatelliteController: registerForSatelliteCommunicationAccessStateChanged: SatelliteManager is null
03-04 01:59:50.880  1065  1108 E SystemServiceRegistry: No service published for: ethernet
03-04 01:59:50.880  1065  1108 E SystemServiceRegistry: android.os.ServiceManager$ServiceNotFoundException: No service published for: ethernet
03-04 01:59:50.880  1065  1108 E SystemServiceRegistry: 	at android.os.ServiceManager.getServiceOrThrow(ServiceManager.java:203)
03-04 01:59:50.880  1065  1108 E SystemServiceRegistry: 	at android.app.SystemServiceRegistry$149.createService(SystemServiceRegistry.java:2232)
03-04 01:59:50.880  1065  1108 E SystemServiceRegistry: 	at android.app.SystemServiceRegistry$CachedServiceFetcher.getService(SystemServiceRegistry.java:2343)
03-04 01:59:50.880  1065  1108 E SystemServiceRegistry: 	at android.app.SystemServiceRegistry.getSystemService(SystemServiceRegistry.java:1918)
03-04 01:59:50.880  1065  1108 E SystemServiceRegistry: 	at android.app.ContextImpl.getSystemService(ContextImpl.java:2315)
03-04 01:59:50.880  1065  1108 E SystemServiceRegistry: 	at android.content.ContextWrapper.getSystemService(ContextWrapper.java:964)
03-04 01:59:50.880  1065  1108 E SystemServiceRegistry: 	at com.android.networkstack.tethering.Tethering.isEthernetSupported(Tethering.java:1862)
03-04 01:59:50.880  1065  1108 E SystemServiceRegistry: 	at com.android.networkstack.tethering.Tethering.makeSupportedDownstreams(Tethering.java:2843)
03-04 01:59:50.880  1065  1108 E SystemServiceRegistry: 	at com.android.networkstack.tethering.Tethering.updateSupportedDownstreams(Tethering.java:2817)
03-04 01:59:50.880  1065  1108 E SystemServiceRegistry: 	at com.android.networkstack.tethering.Tethering.updateConfiguration(Tethering.java:564)
03-04 01:59:50.880  1065  1108 E SystemServiceRegistry: 	at com.android.networkstack.tethering.Tethering.-$$Nest$mupdateConfiguration(Tethering.java:0)
03-04 01:59:50.880  1065  1108 E SystemServiceRegistry: 	at com.android.networkstack.tethering.Tethering$ActiveDataSubIdListener.onActiveDataSubscriptionIdChanged(Tethering.java:540)
03-04 01:59:50.880  1065  1108 E SystemServiceRegistry: 	at android.telephony.PhoneStateListener$IPhoneStateListenerStub.lambda$onActiveDataSubIdChanged$56(PhoneStateListener.java:1622)
03-04 01:59:50.880  1065  1108 E SystemServiceRegistry: 	at android.telephony.PhoneStateListener$IPhoneStateListenerStub$$ExternalSyntheticLambda15.run(D8$$SyntheticClass:0)
03-04 01:59:50.880  1065  1108 E SystemServiceRegistry: 	at android.os.Handler.handleCallback(Handler.java:995)
03-04 01:59:50.880  1065  1108 E SystemServiceRegistry: 	at android.os.Handler.dispatchMessage(Handler.java:103)
03-04 01:59:50.880  1065  1108 E SystemServiceRegistry: 	at android.os.Looper.loopOnce(Looper.java:248)
03-04 01:59:50.880  1065  1108 E SystemServiceRegistry: 	at android.os.Looper.loop(Looper.java:338)
03-04 01:59:50.880  1065  1108 E SystemServiceRegistry: 	at android.os.HandlerThread.run(HandlerThread.java:85)
03-04 01:59:51.290   721  1589 E IPCThreadState: binder thread pool (31 threads) starved for 397 ms
03-04 01:59:51.476   721   875 E WifiScanningService: wifi driver loaded received while already loaded
03-04 01:59:51.632   721   871 E WifiScoringParams: Invalid frequency(-1), using 5G as default rssi array
03-04 01:59:51.635  1750  2115 E ashmem  : Pinning is deprecated since Android Q. Please use trim or other methods.
03-04 01:59:51.740  1133  1133 E RecyclerView: Cannot scroll to position a LayoutManager set. Call setLayoutManager with a non-null argument.
03-04 01:59:51.744  1133  1133 E RecyclerView: Cannot scroll to position a LayoutManager set. Call setLayoutManager with a non-null argument.
03-04 01:59:51.876   721  2189 E JobScheduler.JobStatus: App com.google.android.inputmethod.latin became active but still in NEVER bucket
03-04 01:59:52.073  1955  1955 E ashmem  : Pinning is deprecated since Android Q. Please use trim or other methods.
03-04 01:59:52.155  1961  2131 E MetricsFeatureProvider: isUsageConsentAccepted: could not connect ApiClient.
03-04 01:59:52.246  2158  2158 E ashmem  : Pinning is deprecated since Android Q. Please use trim or other methods.
03-04 01:59:53.257   721   871 E WifiChipAidlImpl: getUsableChannels failed with service-specific exception: android.os.ServiceSpecificException:  (code 4)
03-04 01:59:53.552  1355  1852 E WorkSourceUtil: Could not find package: com.google.android.gms.westworld
03-04 01:59:53.833  1334  1991 E MDDSuperpacks: MDDSuperpacks.parseManifest():476 cannot find metadata for delight_overrides
03-04 01:59:54.170   721  2013 E IPCThreadState: binder thread pool (31 threads) starved for 150 ms
03-04 01:59:54.578  1334  1928 E HandwritingSuperpacksUtil: HandwritingSuperpacksUtil.getPackMappingPackName():40 No pack mapping pack found in []
03-04 01:59:54.661   721   871 E AppOps  : attributionTag UwbCountryCode not declared in manifest of android
03-04 01:59:54.788   721   871 E WifiStaIfaceAidlImpl: setDtimMultiplier failed with service-specific exception: android.os.ServiceSpecificException:  (code 4)
03-04 01:59:54.817   721  1894 E ActivityManager: ANR in com.android.systemui
03-04 01:59:54.817   721  1894 E ActivityManager: PID: 970
03-04 01:59:54.817   721  1894 E ActivityManager: Reason: executing service com.android.systemui/.keyguard.KeyguardService, waited 21247ms
03-04 01:59:54.817   721  1894 E ActivityManager: ErrorId: 21d078ba-96ca-4dc7-ad6b-49e3b8190295
03-04 01:59:54.817   721  1894 E ActivityManager: Frozen: false
03-04 01:59:54.817   721  1894 E ActivityManager: Load: 21.01 / 5.24 / 1.76
03-04 01:59:54.817   721  1894 E ActivityManager: ----- Output from /proc/pressure/memory -----
03-04 01:59:54.817   721  1894 E ActivityManager: some avg10=2.55 avg60=0.81 avg300=0.19 total=1039409
03-04 01:59:54.817   721  1894 E ActivityManager: full avg10=0.40 avg60=0.15 avg300=0.03 total=236300
03-04 01:59:54.817   721  1894 E ActivityManager: ----- End output from /proc/pressure/memory -----
03-04 01:59:54.817   721  1894 E ActivityManager: ----- Output from /proc/pressure/cpu -----
03-04 01:59:54.817   721  1894 E ActivityManager: some avg10=76.27 avg60=34.70 avg300=9.30 total=31358179
03-04 01:59:54.817   721  1894 E ActivityManager: full avg10=0.00 avg60=0.00 avg300=0.00 total=0
03-04 01:59:54.817   721  1894 E ActivityManager: ----- End output from /proc/pressure/cpu -----
03-04 01:59:54.817   721  1894 E ActivityManager: ----- Output from /proc/pressure/io -----
03-04 01:59:54.817   721  1894 E ActivityManager: some avg10=10.51 avg60=7.48 avg300=2.43 total=8531234
03-04 01:59:54.817   721  1894 E ActivityManager: full avg10=1.03 avg60=2.33 avg300=0.90 total=3493787
03-04 01:59:54.817   721  1894 E ActivityManager: ----- End output from /proc/pressure/io -----
03-04 01:59:54.817   721  1894 E ActivityManager: 
03-04 01:59:54.817   721  1894 E ActivityManager: CPU usage from 30ms to 13840ms later (2026-03-04 01:59:39.685 to 2026-03-04 01:59:53.496):
03-04 01:59:54.817   721  1894 E ActivityManager:   66% 721/system_server: 13% user + 52% kernel / faults: 11617 minor 45 major
03-04 01:59:54.817   721  1894 E ActivityManager:   53% 1334/com.google.android.inputmethod.latin: 25% user + 28% kernel / faults: 20186 minor 69 major
03-04 01:59:54.817   721  1894 E ActivityManager:   45% 1133/com.google.android.apps.nexuslauncher: 11% user + 33% kernel / faults: 21895 minor 337 major
03-04 01:59:54.817   721  1894 E ActivityManager:   33% 560/surfaceflinger: 1.6% user + 32% kernel / faults: 2138 minor 4 major
03-04 01:59:54.817   721  1894 E ActivityManager:   17% 1355/com.google.android.gms.persistent: 6% user + 11% kernel / faults: 5334 minor 84 major
03-04 01:59:54.817   721  1894 E ActivityManager:   13% 1473/com.google.android.as: 2.3% user + 10% kernel / faults: 4776 minor 104 major
03-04 01:59:54.817   721  1894 E ActivityManager:   12% 1494/com.google.android.googlequicksearchbox:interactor: 3.4% user + 9.3% kernel / faults: 3476 minor 62 major
03-04 01:59:54.817   721  1894 E ActivityManager:   12% 1750/com.google.android.gms: 3.4% user + 9.1% kernel / faults: 4646 minor 53 major
03-04 01:59:54.817   721  1894 E ActivityManager:   12% 970/com.android.systemui: 3.9% user + 8.5% kernel / faults: 3789 minor 36 major
03-04 01:59:54.817   721  1894 E ActivityManager:   7.5% 61/kswapd0: 0% user + 7.5% kernel
03-04 01:59:54.817   721  1894 E ActivityManager: 98% TOTAL: 23% user + 73% kernel + 0.5% iowait + 1.3% softirq
03-04 01:59:54.817   721  1894 E ActivityManager: CPU usage from 607ms to 8468ms later (2026-03-04 01:59:40.263 to 2026-03-04 01:59:48.123):
03-04 01:59:54.817   721  1894 E ActivityManager:   63% 721/system_server: 13% user + 50% kernel / faults: 7382 minor 21 major
03-04 01:59:54.817   721  1894 E ActivityManager:     3% 888/audioserver_lif: 2.8% user + 0.2% kernel
03-04 01:59:54.817   721  1894 E ActivityManager:     2.9% 1895/AnrAuxiliaryTas: 0.2% user + 2.7% kernel
03-04 01:59:54.817   721  1894 E ActivityManager:     2.8% 721/system_server: 0.2% user + 2.6% kernel
03-04 01:59:54.817   721  1894 E ActivityManager:     2.4% 747/binder:721_2: 1.1% user + 1.3% kernel
03-04 01:59:54.817   721  1894 E ActivityManager:     2.4% 1534/binder:721_B: 0.3% user + 2.1% kernel
03-04 01:59:54.817   721  1894 E ActivityManager:     2.2% 813/eduling.default: 0.1% user + 2.1% kernel
03-04 01:59:54.817   721  1894 E ActivityManager:     2.1% 753/android.fg: 0.1% user + 2% kernel
03-04 01:59:54.817   721  1894 E ActivityManager:     1.8% 754/android.ui: 0.1% user + 1.7% kernel
03-04 01:59:54.817   721  1894 E ActivityManager:     1.8% 2011/binder:721_16: 0.3% user + 1.5% kernel
03-04 01:59:54.817   721  1894 E ActivityManager:     1.7% 1589/binder:721_C: 0.2% user + 1.5% kernel
03-04 01:59:54.817   721  1894 E ActivityManager:     1.6% 800/binder:721_3: 0.5% user + 1% kernel
03-04 01:59:54.817   721  1894 E ActivityManager:     1.6% 1690/binder:721_14: 0.4% user + 1.1% kernel
03-04 01:59:54.817   721  1894 E ActivityManager:     1.5% 801/binder:721_4: 0.2% user + 1.3% kernel
03-04 01:59:54.817   721  1894 E ActivityManager:     1.5% 871/WifiHandlerThre: 0.1% user + 1.4% kernel
03-04 01:59:54.817   721  1894 E ActivityManager:     1.5% 1067/binder:721_8: 0.2% user + 1.3% kernel
03-04 01:59:54.817   721  1894 E ActivityManager:     1.5% 1660/binder:721_10: 0.2% user + 1.3% kernel
03-04 01:59:54.817   721  1894 E ActivityManager:     1.3% 1068/binder:721_9: 0.2% user + 1% kernel
03-04 01:59:54.817   721  1894 E ActivityManager:     1.3% 1648/binder:721_D: 0.1% user + 1.1% kernel
03-04 01:59:54.817   721  1894 E ActivityManager:     1% 757/android.anim: 0.3% user + 0.7% kernel
03-04 01:59:54.817   721  1894 E ActivityManager:     1% 761/android.bg: 0.2% user + 0.8% kernel
03-04 01:59:54.817   721  1894 E ActivityManager:     1% 823/CachedAppOptimi: 0% user + 1% kernel
03-04 01:59:54.817   721  1894 E ActivityManager:     1% 942/binder:721_5: 0.2% user + 0.8% kernel
03-04 01:59:54.817   721  1894 E ActivityManager:     1% 1661/binder:721_11: 0.1% user + 0.9% kernel
03-04 01:59:54.817   721  1894 E ActivityManager:     0.9% 838/NetworkWatchlis: 0.2% user + 0.7% kernel
03-04 01:59:54.817   721  1894 E ActivityManager:     0.9% 877/ConnectivitySer: 0.1% user + 0.8% kernel
03-04 01:59:54.817   721  1894 E ActivityManager:     0.8% 740/system_server: 0% user + 0.8% kernel
03-04 01:59:54.817   721  1894 E ActivityManager:     0.8% 762/ActivityManager: 0% user + 0.8% kernel
03-04 01:59:54.817   721  1894 E ActivityManager:     0.8% 1655/binder:721_F: 0.3% user + 0.4% kernel
03-04 01:59:54.817   721  1894 E ActivityManager:     0.7% 756/android.display: 0% user + 0.7% kernel
03-04 01:59:54.817   721  1894 E ActivityManager:     0.7% 772/batterystats-ha: 0.1% user + 0.5% kernel
03-04 01:59:54.817   721  1894 E ActivityManager:     0.7% 1033/binder:721_7: 0.1% user + 0.5% kernel
03-04 01:59:54.817   721  1894 E ActivityManager:     0.7% 1357/binder:721_A: 0.1% user + 0.5% kernel
03-04 01:59:54.817   721  1894 E ActivityManager:     0.5% 755/android.io: 0.1% user + 0.4% kernel
03-04 01:59:54.817   721  1894 E ActivityManager:     0.5% 953/binder:721_6: 0% user + 0.5% kernel
03-04 01:59:54.817   721  1894 E ActivityManager:     0.4% 904/ConnectivityThr: 0% user + 0.4% kernel
03-04 01:59:54.817   721  1894 E ActivityManager:     0.4% 1551/pool-80-thread-: 0% user + 0.4% kernel
03-04 01:59:54.817   721  1894 E ActivityManager:     0.4% 1686/binder:721_13: 0.1% user + 0.3% kernel
03-04 01:59:54.817   721  1894 E ActivityManager:     0.4% 2010/binder:721_15: 0.1% user + 0.3% kernel
03-04 01:59:54.817   721  1894 E ActivityManager:     0.4% 2013/binder:721_18: 0% user + 0.4% kernel
03-04 01:59:54.818   721  1894 E ActivityManager:     0.3% 782/PowerManagerSer: 0% user + 0.3% kernel
03-04 01:59:54.818   721  1894 E ActivityManager:     0.3% 810/SensorService: 0% user + 0.3% kernel
03-04 01:59:54.818   721  1894 E ActivityManager:     0.3% 1216/TelecomMetricsC: 0% user + 0.3% kernel
03-04 01:59:54.818   721  1894 E ActivityManager:     0.3% 1547/pool-78-thread-: 0% user + 0.3% kernel
03-04 01:59:54.818   721  1894 E ActivityManager:     0.2% 742/HeapTaskDaemon: 0.1% user + 0.1% kernel
03-04 01:59:54.818   721  1894 E ActivityManager:     0.2% 769/OomAdjuster: 0.1% user + 0.1% kernel
03-04 01:59:54.818   721  1894 E ActivityManager:     0.2% 773/bgres-controlle: 0.1% user + 0.1% kernel
03-04 01:59:54.818   721  1894 E ActivityManager:     0.2% 788/PackageManager: 0.1% user + 0.1% kernel
03-04 01:59:54.818   721  1894 E ActivityManager:     0.2% 812/roid.usagestats: 0% user + 0.2% kernel
03-04 01:59:54.818   721  1894 E ActivityManager:     0.2% 869/NetworkPolicy: 0.1% user + 0.1% kernel
03-04 01:59:54.818   721  1894 E ActivityManager:     0.2% 875/WifiScanningSer: 0% user + 0.2% kernel
03-04 01:59:54.818   721  1894 E ActivityManager:     0.2% 894/AudioService: 0% user + 0.2% kernel
03-04 01:59:54.818   721  1894 E ActivityManager:     0.2% 927/BackgroundInsta: 0% user + 0.2% kernel
03-04 01:59:54.818   721  1894 E ActivityManager:     0.2% 934/ackgroundThread: 0% user + 0.2% kernel
03-04 01:59:54.818   721  1894 E ActivityManager:     0.2% 1492/backup-0: 0% user + 0.2% kernel
03-04 01:59:54.818   721  1894 E ActivityManager:     0.2% 2012/binder:721_17: 0% user + 0.2% kernel
03-04 01:59:54.818   721  1894 E ActivityManager:     0.1% 741/Jit thread pool: 0.1% user + 0% kernel
03-04 01:59:54.818   721  1894 E ActivityManager:     0.1% 763/ActivityManager: 0% user + 0.1% kernel
03-04 01:59:54.818   721  1894 E ActivityManager:     0.1% 822/SettingsProvide: 0% user + 0.1% kernel
03-04 01:59:54.818   721  1894 E ActivityManager:     0.1% 827/AlarmManager: 0% user + 0.1% kernel
03-04 01:59:54.818   721  1894 E ActivityManager:     0.1% 833/InputDispatcher: 0% user + 0.1% kernel
03-04 01:59:54.818   721  1894 E ActivityManager:     0.1% 841/android.imms: 0% user + 0.1% kernel
03-04 01:59:54.818   721  1894 E ActivityManager:     0.1% 870/tworkPolicy.uid: 0% user + 0.1% kernel
03-04 01:59:54.818   721  1894 E ActivityManager:     0.1% 883/VcnManagementSe: 0% user + 0.1% kernel
03-04 01:59:54.818   721  1894 E ActivityManager:     0.1% 907/ackgroundThread: 0% user + 0.1% kernel
03-04 01:59:54.818   721  1894 E ActivityManager:     0.1% 917/MediaRouterServ: 0% user + 0.1% kernel
03-04 01:59:54.818   721  1894 E ActivityManager:     0.1% 925/shortcut: 0% user + 0.1% kernel
03-04 01:59:54.818   721  1894 E ActivityManager:     0.1% 958/UwbService: 0% user + 0.1% kernel
03-04 01:59:54.818   721  1894 E ActivityManager:     0.1% 969/Thread-15: 0% user + 0.1% kernel
03-04 01:59:54.818   721  1894 E ActivityManager:     0.1% 1080/MobileDataStats: 0% user + 0.1% kernel
03-04 01:59:54.818   721  1894 E ActivityManager:    +0% 2054/binder:721_19: 0% user + 0% kernel
03-04 01:59:54.818   721  1894 E ActivityManager:    +0% 2097/pool-89-thread-: 0% user + 0% kernel
03-04 01:59:54.818   721  1894 E ActivityManager:    +0% 2107/AsyncQueryWorke: 0% user + 0% kernel
03-04 01:59:54.818   721  1894 E ActivityManager:    +0% 2112/pool-81-thread-: 0% user + 0% kernel
03-04 01:59:54.818   721  1894 E ActivityManager:    +0% 2134/Thread-28: 0% user + 0% kernel
03-04 01:59:54.818   721  1894 E ActivityManager:    +0% 2137/binder:721_1A: 0% user + 0% kernel
03-04 01:59:54.818   721  1894 E ActivityManager:    +0% 2178/UwbService: 0% user + 0% kernel
03-04 01:59:54.818   721  1894 E ActivityManager:    +0% 2187/binder:721_1B: 0% user + 0% kernel
03-04 01:59:54.818   721  1894 E ActivityManager:    +0% 2188/binder:721_1C: 0% user + 0% kernel
03-04 01:59:54.818   721  1894 E ActivityManager:    +0% 2189/binder:721_1D: 0% user + 0% kernel
03-04 01:59:54.818   721  1894 E ActivityManager:    +0% 2190/binder:721_1E: 0% user + 0% kernel
03-04 01:59:54.818   721  1894 E ActivityManager:    +0% 2214/binder:721_1F: 0% user + 0% kernel
03-04 01:59:54.818   721  1894 E ActivityManager:    +0% 2216/binder:721_20: 0% user + 0% kernel
03-04 01:59:54.818   721  1894 E ActivityManager:   62% 1334/com.google.android.inputmethod.latin: 34% user + 27% kernel / faults: 11217 minor 42 major
03-04 01:59:54.818   721  1894 E ActivityManager:     10% 1788/Light-P0-2: 8.4% user + 2.2% kernel
03-04 01:59:54.818   721  1894 E ActivityManager:     10% 1787/Light-P0-1: 8.4% user + 1.9% kernel
03-04 01:59:54.818   721  1894 E ActivityManager:     7.6% 1349/HeapTaskDaemon: 3.9% user + 3.6% kernel
03-04 01:59:54.818   721  1894 E ActivityManager:     6.2% 1334/putmethod.latin: 2.9% user + 3.3% kernel
03-04 01:59:54.818   721  1894 E ActivityManager:     4.9% 1966/Block-P11-3: 3.5% user + 1.3% kernel
03-04 01:59:54.818   721  1894 E ActivityManager:     3.9% 1348/Jit thread pool: 2.6% user + 1.3% kernel
03-04 01:59:54.818   721  1894 E ActivityManager:     3.9% 1991/Block-P11-11: 0.3% user + 3.6% kernel
03-04 01:59:54.818   721  1894 E ActivityManager:     2.1% 1989/ExeSeq-P10-1: 0.4% user + 1.6% kernel
03-04 01:59:54.818   721  1894 E ActivityManager:     1.2% 1928/Back-P10-3: 0.4% user + 0.7% kernel
03-04 01:59:54.818   721  1894 E ActivityManager:     1.2% 1986/Block-P11-5: 0.4% user + 0.7% kernel
03-04 01:59:54.818   721  1894 E ActivityManager:     0.7% 2015/ExeSeq-P11-1: 0% user + 0.7% kernel
03-04 01:59:54.818   721  1894 E ActivityManager:     0.4% 1923/GoogleApiHandle: 0.1% user + 0.3% kernel
03-04 01:59:54.818   721  1894 E ActivityManager:     0.4% 1984/Primes-1: 0.1% user + 0.3% kernel
03-04 01:59:54.818   721  1894 E ActivityManager:     0.4% 2090/Block-P11-13: 0.3% user + 0.1% kernel
03-04 01:59:54.818   721  1894 E ActivityManager:     0.3% 1350/ReferenceQueueD: 0.1% user + 0.1% kernel
03-04 01:59:54.818   721  1894 E ActivityManager:     0.3% 1918/Back-P10-2: 0% user + 0.3% kernel
03-04 01:59:54.818   721  1894 E ActivityManager:     0.3% 1985/Block-P11-9: 0.1% user + 0.1% kernel
03-04 01:59:54.818   721  1894 E ActivityManager:     0.1% 1354/binder:1334_1: 0% user + 0.1% kernel
03-04 01:59:54.818   721  1894 E ActivityManager:     0.1% 1847/Block-P11-1: 0% user + 0.1% kernel
03-04 01:59:54.818   721  1894 E ActivityManager:     0.1% 1910/SharedPreferenc: 0% user + 0.1% kernel
03-04 01:59:54.818   721  1894 E ActivityManager:     0.1% 1987/Block-P11-10: 0% user + 0.1% kernel
03-04 01:59:54.818   721  1894 E ActivityManager:    +0% 2171/Primes-2: 0% user + 0% kernel
03-04 01:59:54.818   721  1894 E ActivityManager:    +0% 2201/ProcessStablePh: 0% user + 0% kernel
03-04 01:59:54.818   721  1894 E ActivityManager:    +0% 2218/fonts-androidx: 0% user + 0% kernel
03-04 01:59:54.818   721  1894 E ActivityManager:    +0% 2231/CronetInit: 0% user + 0% kernel
03-04 01:59:54.818   721  1894 E ActivityManager:   38% 560/surfaceflinger: 1.7% user + 36% kernel / faults: 2113 minor
03-04 01:59:54.818   721  1894 E ActivityManager:     17% 578/RenderEngine: 0.5% user + 17% kernel
03-04 01:59:54.818   721  1894 E ActivityManager:     9.8% 560/surfaceflinger: 0.7% user + 9.1% kernel
03-04 01:59:54.818   721  1894 E ActivityManager:     2% 599/TimerDispatch: 0% user + 2% kernel
03-04 01:59:54.818   721  1894 E ActivityManager:     2% 600/app: 0% user + 2% kernel
03-04 01:59:54.818   721  1894 E ActivityManager:     1.6% 602/RegionSampling: 0% user + 1.6% kernel
03-04 01:59:54.818   721  1894 E ActivityManager:     1.2% 673/binder:560_5: 0% user + 1.2% kernel
03-04 01:59:54.818   721  1894 E ActivityManager:     1% 672/binder:560_4: 0.1% user + 0.8% kernel
03-04 01:59:54.818   721  1894 E ActivityManager:     0.8% 608/BckgrndExec HP: 0.1% user + 0.7% kernel
03-04 01:59:54.818   721  1894 E ActivityManager:     0.6% 656/binder:560_3: 0% user + 0.6% kernel
03-04 01:59:54.818   721  1894 E ActivityManager:     0.3% 598/HwcAsyncWorker: 0% user + 0.3% kernel
03-04 01:59:54.818   721  1894 E ActivityManager:     0.3% 601/appSf: 0% user + 0.3% kernel
03-04 01:59:54.818   721  1894 E ActivityManager:     0.2% 603/RegSampIdle: 0% user + 0.2% kernel
03-04 01:59:54.818   721  1894 E ActivityManager:     0.1% 572/binder:560_1: 0% user + 0.1% kernel
03-04 01:59:54.818   721  1894 E ActivityManager:     0.1% 576/surfaceflinger: 0.1% user + 0% kernel
03-04 01:59:54.818   721  1894 E ActivityManager:     0.1% 605/surfaceflinger: 0% user + 0.1% kernel
03-04 01:59:54.818   721  1894 E ActivityManager:   36% 1133/com.google.android.apps.nexuslauncher: 10% user + 26% kernel / faults: 8842 minor 301 major
03-04 01:59:54.818   721  1894 E ActivityManager:     11% 1167/launcher-loader: 3.2% user + 8.6% kernel
03-04 01:59:54.818   721  1894 E ActivityManager:     8.3% 1133/s.nexuslauncher: 2% user + 6.2% kernel
03-04 01:59:54.818   721  1894 E ActivityManager:     8% 1161/RenderThread: 1% user + 7% kernel
03-04 01:59:54.818   721  1894 E ActivityManager:     1.1% 1148/HeapTaskDaemon: 0.7% user + 0.4% kernel
03-04 01:59:54.818   721  1894 E ActivityManager:     0.4% 1235/binder:1133_5: 0.1% user + 0.2% kernel
03-04 01:59:54.818   721  1894 E ActivityManager:     0.2% 1156/binder:1133_3: 0.1% user + 0.1% kernel
03-04 01:59:54.818   721  1894 E ActivityManager:     0.2% 1166/UiThreadHelper: 0% user + 0.2% kernel
03-04 01:59:54.818   721  1894 E ActivityManager:     0.2% 2026/GrallocUploadTh: 0% user + 0.2% kernel
03-04 01:59:54.818   721  1894 E ActivityManager:     0.1% 1232/file-logger: 0% user + 0.1% kernel
03-04 01:59:54.818   721  1894 E ActivityManager:    +0% 2120/.apps.wellbeing: 0% user + 0% kernel
03-04 01:59:54.818   721  1894 E ActivityManager:    +0% 2126/llpaper.recents: 0% user + 0% kernel
03-04 01:59:54.818   721  1894 E ActivityManager:    +0% 2191/preinflate-alla: 0% user + 0% kernel
03-04 01:59:54.818   721  1894 E ActivityManager:    +0% 2235/gle.android.gms: 0% user + 0% kernel
03-04 01:59:54.818   721  1894 E ActivityManager:    +0% 2237/onPool-worker-1: 0% user + 0% kernel
03-04 01:59:54.818   721  1894 E ActivityManager:    +0% 2238/pool-4-thread-2: 0% user + 0% kernel
03-04 01:59:54.818   721  1894 E ActivityManager:   15% 1355/com.google.android.gms.persistent: 4.7% user + 10% kernel / faults: 1645 minor 28 major
03-04 01:59:54.818   721  1894 E ActivityManager:     1.7% 1520/highpool[0]: 0.3% user + 1.4% kernel
03-04 01:59:54.818   721  1894 E ActivityManager:     1.4% 1355/.gms.persistent: 0.4% user + 0.9% kernel
03-04 01:59:54.818   721  1894 E ActivityManager:     1.4% 1707/lowpool[3]: 0.3% user + 1.1% kernel
03-04 01:59:54.818   721  1894 E ActivityManager:     1.3% 1699/highpool[2]: 0.1% user + 1.1% kernel
03-04 01:59:54.818   721  1894 E ActivityManager:     1.1% 1471/lowpool[0]: 0.3% user + 0.8% kernel
03-04 01:59:54.818   721  1894 E ActivityManager:     0.9% 1361/HeapTaskDaemon: 0.6% user + 0.3% kernel
03-04 01:59:54.818   721  1894 E ActivityManager:     0.8% 1846/lowpool[4]: 0% user + 0.8% kernel
03-04 01:59:54.818   721  1894 E ActivityManager:     0.8% 2075/FlpThread: 0% user + 0.8% kernel
03-04 01:59:54.818   721  1894 E ActivityManager:     0.6% 1538/binder:1355_3: 0.4% user + 0.1% kernel
03-04 01:59:54.818   721  1894 E ActivityManager:     0.6% 1539/binder:1355_4: 0.4% user + 0.1% kernel
03-04 01:59:54.818   721  1894 E ActivityManager:     0.6% 1571/lowpool[1]: 0.1% user + 0.4% kernel
03-04 01:59:54.818   721  1894 E ActivityManager:     0.4% 1486/GoogleApiHandle: 0.1% user + 0.3% kernel
03-04 01:59:54.818   721  1894 E ActivityManager:     0.4% 1698/highpool[1]: 0.1% user + 0.3% kernel
03-04 01:59:54.818   721  1894 E ActivityManager:     0.4% 1879/binder:1355_7: 0.1% user + 0.3% kernel
03-04 01:59:54.818   721  1894 E ActivityManager:     0.3% 1360/Jit thread pool: 0.3% user + 0% kernel
03-04 01:59:54.818   721  1894 E ActivityManager:     0.3% 1723/highpool[3]: 0% user + 0.3% kernel
03-04 01:59:54.818   721  1894 E ActivityManager:     0.3% 2061/highpool[6]: 0.1% user + 0.1% kernel
03-04 01:59:54.818   721  1894 E ActivityManager:     0.1% 1366/binder:1355_2: 0% user + 0.1% kernel
03-04 01:59:54.818   721  1894 E ActivityManager:     0.1% 1856/lowpool[5]: 0.1% user + 0% kernel
03-04 01:59:54.818   721  1894 E ActivityManager:     0.1% 1896/lowpool[6]: 0% user + 0.1% kernel
03-04 01:59:54.818   721  1894 E ActivityManager:     0.1% 2046/highpool[5]: 0% user + 0.1% kernel
03-04 01:59:54.818   721  1894 E ActivityManager:    +0% 2172/highpool[7]: 0% user + 0% kernel
03-04 01:59:54.818   721  1894 E ActivityManager:    +0% 2174/highpool[8]: 0% user + 0% kernel
03-04 01:59:54.818   721  1894 E ActivityManager:    +0% 2175/highpool[9]: 0% user + 0% kernel
03-04 01:59:54.818   721  1894 E ActivityManager:   10% 970/com.android.systemui: 3.1% user + 7.7% kernel / faults: 1060 minor 20 major
03-04 01:59:54.818   721  1894 E ActivityManager:     3.6% 970/ndroid.systemui: 1% user + 2.6% kernel
03-04 01:59:54.818   721  1894 E ActivityManager:     1.6% 975/HeapTaskDaemon: 1% user + 0.6% kernel
03-04 01:59:54.818   721  1894 E ActivityManager:     1.2% 1084/SysUiBg: 0.3% user + 0.8% kernel
03-04 01:59:54.818   721  1894 E ActivityManager:     1% 1096/RenderThread: 0.1% user + 0.8% kernel
03-04 01:59:54.818   721  1894 E ActivityManager:     0.5% 1024/wmshell.main: 0.1% user + 0.3% kernel
03-04 01:59:54.818   721  1894 E ActivityManager:     0.3% 1089/SystemUIBg-4: 0.2% user + 0.1% kernel
03-04 01:59:54.818   721  1894 E ActivityManager:     0.2% 1087/SystemUIBg-2: 0% user + 0.2% kernel
03-04 01:59:54.818   721  1894 E ActivityManager:     0.2% 1088/SystemUIBg-3: 0.1% user + 0.1% kernel
03-04 01:59:54.818   721  1894 E ActivityManager:     0.2% 1218/ScreenDecoratio: 0% user + 0.2% kernel
03-04 01:59:54.818   721  1894 E ActivityManager:     0.2% 1588/binder:970_7: 0% user + 0.2% kernel
03-04 01:59:54.818   721  1894 E ActivityManager:     0.1% 974/Jit thread pool: 0% user + 0.1% kernel
03-04 01:59:54.818   721  1894 E ActivityManager:     0.1% 981/binder:970_3: 0% user + 0.1% kernel
03-04 01:59:54.818   721  1894 E ActivityManager:     0.1% 1081/SystemUIBg-1: 0% user + 0.1% kernel
03-04 01:59:54.818   721  1894 E ActivityManager:     0.1% 1082/binder:970_4: 0% user + 0.1% kernel
03-04 01:59:54.818   721  1894 E ActivityManager:     0.1% 1083/binder:970_5: 0% user + 0.1% kernel
03-04 01:59:54.818   721  1894 E ActivityManager:     0.1% 1091/BroadcastRunnin: 0% user + 0.1% kernel
03-04 01:59:54.818   721  1894 E ActivityManager:     0.1% 1131/ConnectivityThr: 0% user + 0.1% kernel
03-04 01:59:54.818   721  1894 E ActivityManager:     0.1% 1160/binder:970_6: 0% user + 0.1% kernel
03-04 01:59:54.818   721  1894 E ActivityManager:    +0% 2121/pool-14-thread-: 0% user + 0% kernel
03-04 01:59:54.818   721  1894 E ActivityManager:    +0% 2122/SharedPreferenc: 0% user + 0% kernel
03-04 01:59:54.818   721  1894 E ActivityManager:    +0% 2225/binder:970_8: 0% user + 0% kernel
03-04 01:59:54.818   721  1894 E ActivityManager:   14% 1473/com.google.android.as: 2.2% user + 12% kernel / faults: 1601 minor 82 major
03-04 01:59:54.818   721  1894 E ActivityManager:     5.5% 1871/aiai-normal-sha: 0.5% user + 4.9% kernel
03-04 01:59:54.818   721  1894 E ActivityManager:     1.5% 1479/HeapTaskDaemon: 0.7% user + 0.7% kernel
03-04 01:59:54.818   721  1894 E ActivityManager:     1.3% 1473/ogle.android.as: 0.1% user + 1.1% kernel
03-04 01:59:54.818   721  1894 E ActivityManager:     1.3% 1834/WM.task-1: 0% user + 1.3% kernel
03-04 01:59:54.818   721  1894 E ActivityManager:     0.9% 1771/aiai-min-shared: 0.1% user + 0.7% kernel
03-04 01:59:54.818   721  1894 E ActivityManager:     0.7% 2073/WM.task-2: 0.1% user + 0.5% kernel
03-04 01:59:54.818   721  1894 E ActivityManager:     0.3% 1753/aiai-app-predic: 0% user + 0.3% kernel
03-04 01:59:54.818   721  1894 E ActivityManager:     0.3% 1870/superpacks-cont: 0% user + 0.3% kernel
03-04 01:59:54.818   721  1894 E ActivityManager:     0.1% 1484/binder:1473_1: 0% user + 0.1% kernel
03-04 01:59:54.818   721  1894 E ActivityManager:    +0% 2177/aiai-nls-0: 0% user + 0% kernel
03-04 01:59:54.818   721  1894 E ActivityManager:    +0% 2196/aiai-captions-l: 0% user + 0% kernel
03-04 01:59:54.818   721  1894 E ActivityManager:    +0% 2232/aiai-smartspace: 0% user + 0% kernel
03-04 01:59:54.818   721  1894 E ActivityManager:    +0% 2242/aiai-vc-0: 0% user + 0% kernel
03-04 01:59:54.818   721  1894 E ActivityManager:    +0% 2243/aiai-autofill-0: 0% user + 0% kernel
03-04 01:59:54.818   721  1894 E ActivityManager:   14% 1494/com.google.android.googlequicksearchbox:interactor: 2.9% user + 11% kernel / faults: 1296 minor 18 major
03-04 01:59:54.818   721  1894 E ActivityManager:     2.7% 1494/hbox:interactor: 0.3% user + 2.3% kernel
03-04 01:59:54.818   721  1894 E ActivityManager:     2.7% 2057/Lite Thread #1: 0.5% user + 2.1% kernel
03-04 01:59:54.818   721  1894 E ActivityManager:     2.3% 2109/hbox:interactor: 0.1% user + 2.1% kernel
03-04 01:59:54.818   721  1894 E ActivityManager:     1.5% 1507/HeapTaskDaemon: 0.5% user + 0.9% kernel
03-04 01:59:54.818   721  1894 E ActivityManager:     1.5% 1804/Lite Thread #0: 0.3% user + 1.1% kernel
03-04 01:59:54.818   721  1894 E ActivityManager:     0.5% 1711/BG Thread #0: 0.1% user + 0.3% kernel
03-04 01:59:54.818   721  1894 E ActivityManager:     0.3% 1749/Primes-2: 0% user + 0.3% kernel
03-04 01:59:54.818   721  1894 E ActivityManager:     0.1% 1960/Blocking Thread: 0.1% user + 0% kernel
03-04 01:59:54.818   721  1894 E ActivityManager:    +0% 2136/BG Thread #3: 0% user + 0% kernel
03-04 01:59:54.818   721  1894 E ActivityManager:    +0% 2138/Blocking Thread: 0% user + 0% kernel
03-04 01:59:54.818   721  1894 E ActivityManager:    +0% 2152/Blocking Thread: 0% user + 0% kernel
03-04 01:59:54.818   721  1894 E ActivityManager:    +0% 2154/binder:1494_4: 0% user + 0% kernel
03-04 01:59:54.818   721  1894 E ActivityManager:    +0% 2195/AudioPortEventH: 0% user + 0% kernel
03-04 01:59:54.818   721  1894 E ActivityManager:    +0% 2212/android.bg: 0% user + 0% kernel
03-04 01:59:54.818   721  1894 E ActivityManager:   7.3% 61/kswapd0: 0% user + 7.3% kernel
03-04 01:59:54.818   721  1894 E ActivityManager:   8% 1129/com.android.phone: 2% user + 6% kernel / faults: 814 minor 12 major
03-04 01:59:54.818   721  1894 E ActivityManager:     3.3% 1129/m.android.phone: 0.5% user + 2.7% kernel
03-04 01:59:54.818   721  1894 E ActivityManager:     1.7% 1136/HeapTaskDaemon: 0.8% user + 0.8% kernel
03-04 01:59:54.818   721  1894 E ActivityManager:     0.5% 1643/binder:1129_A: 0.1% user + 0.4% kernel
03-04 01:59:54.818   721  1894 E ActivityManager:     0.2% 1221/SMSVC: 0% user + 0.2% kernel
03-04 01:59:54.818   721  1894 E ActivityManager:     0.2% 1375/binder:1129_9: 0% user + 0.2% kernel
03-04 01:59:54.818   721  1894 E ActivityManager:     0.2% 1666/binder:1129_B: 0% user + 0.2% kernel
03-04 01:59:54.818   721  1894 E ActivityManager:     0.1% 1142/binder:1129_2: 0.1% user + 0% kernel
03-04 01:59:54.818   721  1894 E ActivityManager:     0.1% 1214/binder:1129_4: 0% user + 0.1% kernel
03-04 01:59:54.818   721  1894 E ActivityManager:     0.1% 1309/SatelliteContro: 0% user + 0.1% kernel
03-04 01:59:54.818   721  1894 E ActivityManager:     0.1% 1320/SatelliteAccess: 0% user + 0.1% kernel
03-04 01:59:54.818   721  1894 E ActivityManager:     0.1% 1710/NetworkService: 0% user + 0.1% kernel
03-04 01:59:54.818   721  1894 E ActivityManager:    +0% 2234/Stk App Service: 0% user + 0% kernel
03-04 01:59:54.818   721  1894 E ActivityManager:    +0% 2244/Thread-3: 0% user + 0% kernel
03-04 01:59:54.818   721  1894 E ActivityManager:   6.4% 637/logcat: 0.1% user + 6.3% kernel
03-04 01:59:54.818   721  1894 E ActivityManager:   11% 1750/com.google.android.gms: 3% user + 8% kernel / faults: 1117 minor 13 major
03-04 01:59:54.818   721  1894 E ActivityManager:     2.1% 1958/peration loader: 0.8% user + 1.3% kernel
03-04 01:59:54.818   721  1894 E ActivityManager:     1.5% 1750/gle.android.gms: 0.2% user + 1.3% kernel
03-04 01:59:54.818   721  1894 E ActivityManager:     1.5% 2115/_BOOT_COMPLETED: 0.4% user + 1% kernel
03-04 01:59:54.818   721  1894 E ActivityManager:     1% 1757/HeapTaskDaemon: 0.4% user + 0.6% kernel
03-04 01:59:54.818   721  1894 E ActivityManager:     1% 1902/binder:1750_4: 0.2% user + 0.8% kernel
03-04 01:59:54.818   721  1894 E ActivityManager:     0.6% 1756/Jit thread pool: 0.4% user + 0.2% kernel
03-04 01:59:54.818   721  1894 E ActivityManager:     0.2% 1808/ProcessStablePh: 0% user + 0.2% kernel
03-04 01:59:54.818   721  1894 E ActivityManager:     0.2% 1830/GoogleApiHandle: 0% user + 0.2% kernel
03-04 01:59:54.818   721  1894 E ActivityManager:     0.2% 2060/_SAFETY_SOURCES: 0% user + 0.2% kernel
03-04 01:59:54.818   721  1894 E ActivityManager:     0.2% 2116/lowpool[3]: 0% user + 0.2% kernel
03-04 01:59:54.818   721  1894 E ActivityManager:    +0% 2153/binder:1750_6: 0% user + 0% kernel
03-04 01:59:54.818   721  1894 E ActivityManager:    +0% 2157/highpool[3]: 0% user + 0% kernel
03-04 01:59:54.818   721  1894 E ActivityManager:   5.5% 522/android.hardware.graphics.composer3-service.ranchu: 0.6% user + 4.9% kernel / faults: 1 minor
03-04 01:59:54.818   721  1894 E ActivityManager:     3% 595/_thread: 0.5% user + 2.5% kernel
03-04 01:59:54.818   721  1894 E ActivityManager:     2.5% 544/binder:522_1: 0.2% user + 2.2% kernel
03-04 01:59:54.818   721  1894 E ActivityManager:   4.4% 510/android.hardware.sensors-service.multihal: 0% user + 4.4% kernel
03-04 01:59:54.818   721  1894 E ActivityManager:     3.8% 530/android.hardwar: 0% user + 3.8% kernel
03-04 01:59:54.818   721  1894 E ActivityManager:     0.6% 531/android.hardwar: 0% user + 0.6% kernel
03-04 01:59:54.818   721  1894 E ActivityManager:   5% 1271/com.android.settings: 0.7% user + 4.2% kernel / faults: 828 minor 36 major
03-04 01:59:54.818   721  1894 E ActivityManager:     3% 1283/binder:1271_2: 0.1% user + 2.9% kernel
03-04 01:59:54.818   721  1894 E ActivityManager:     1.2% 1278/HeapTaskDaemon: 0.3% user + 0.9% kernel
03-04 01:59:54.818   721  1894 E ActivityManager:     0.4% 1282/binder:1271_1: 0% user + 0.4% kernel
03-04 01:59:54.818   721  1894 E ActivityManager:    +0% 2245/binder:1271_4: 0% user + 0% kernel
03-04 01:59:54.818   721  1894 E ActivityManager:    +0% 2246/binder:1271_5: 0% user + 0% kernel
03-04 01:59:54.818   721  1894 E ActivityManager:    +0% 2248/SharedPreferenc: 0% user + 0% kernel
03-04 01:59:54.818   721  1894 E ActivityManager:   3.9% 240/logd: 0.6% user + 3.3% kernel / faults: 242 minor 2 major
03-04 01:59:54.818   721  1894 E ActivityManager:     2.6% 251/logd.writer: 0.4% user + 2.2% kernel
03-04 01:59:54.818   721  1894 E ActivityManager:     1.1% 640/logd.reader.per: 0.1% user + 0.9% kernel
03-04 01:59:54.818   721  1894 E ActivityManager:   4.7% 1391/com.google.android.apps.wellbeing: 1% user + 3.6% kernel / faults: 420 minor 44 major
03-04 01:59:54.818   721  1894 E ActivityManager:     3.8% 1406/binder:1391_1: 0.7% user + 3.1% kernel
03-04 01:59:54.818   721  1894 E ActivityManager:     0.5% 1391/.apps.wellbeing: 0% user + 0.5% kernel
03-04 01:59:54.818   721  1894 E ActivityManager:     0.1% 1396/Jit thread pool: 0.1% user + 0% kernel
03-04 01:59:54.818   721  1894 E ActivityManager:     0.1% 1438/GoogleApiHandle: 0% user + 0.1% kernel
03-04 01:59:54.818   721  1894 E ActivityManager:   4.3% 1456/com.google.android.providers.media.module: 1.6% user + 2.7% kernel / faults: 1261 minor
03-04 01:59:54.818   721  1894 E ActivityManager:     2.1% 1843/AsyncTask #1: 0.5% user + 1.6% kernel
03-04 01:59:54.818   721  1894 E ActivityManager:     0.5% 1459/Jit thread pool: 0.5% user + 0% kernel
